Archive member included to satisfy reference by file (symbol)

/usr/bin/../lib/gcc/arm-none-eabi/7.2.1/../../../../arm-none-eabi/lib/thumb/v7e-m/fpv4-sp/softfp/libc_nano.a(lib_a-errno.o)
                              ./BUILD/NUCLEO_F303K8/GCC_ARM/mbed-dev/platform/Stream.o (__errno)
/usr/bin/../lib/gcc/arm-none-eabi/7.2.1/../../../../arm-none-eabi/lib/thumb/v7e-m/fpv4-sp/softfp/libc_nano.a(lib_a-fclose.o)
                              ./BUILD/NUCLEO_F303K8/GCC_ARM/mbed-dev/platform/Stream.o (fclose)
/usr/bin/../lib/gcc/arm-none-eabi/7.2.1/../../../../arm-none-eabi/lib/thumb/v7e-m/fpv4-sp/softfp/libc_nano.a(lib_a-fflush.o)
                              /usr/bin/../lib/gcc/arm-none-eabi/7.2.1/../../../../arm-none-eabi/lib/thumb/v7e-m/fpv4-sp/softfp/libc_nano.a(lib_a-fclose.o) (__sflush_r)
/usr/bin/../lib/gcc/arm-none-eabi/7.2.1/../../../../arm-none-eabi/lib/thumb/v7e-m/fpv4-sp/softfp/libc_nano.a(lib_a-fgetc.o)
                              ./BUILD/NUCLEO_F303K8/GCC_ARM/mbed-dev/platform/mbed_retarget.o (fgetc)
/usr/bin/../lib/gcc/arm-none-eabi/7.2.1/../../../../arm-none-eabi/lib/thumb/v7e-m/fpv4-sp/softfp/libc_nano.a(lib_a-fgets.o)
                              ./BUILD/NUCLEO_F303K8/GCC_ARM/mbed-dev/platform/mbed_retarget.o (fgets)
/usr/bin/../lib/gcc/arm-none-eabi/7.2.1/../../../../arm-none-eabi/lib/thumb/v7e-m/fpv4-sp/softfp/libc_nano.a(lib_a-findfp.o)
                              /usr/bin/../lib/gcc/arm-none-eabi/7.2.1/../../../../arm-none-eabi/lib/thumb/v7e-m/fpv4-sp/softfp/libc_nano.a(lib_a-fclose.o) (__sinit)
/usr/bin/../lib/gcc/arm-none-eabi/7.2.1/../../../../arm-none-eabi/lib/thumb/v7e-m/fpv4-sp/softfp/libc_nano.a(lib_a-fopen.o)
                              ./BUILD/NUCLEO_F303K8/GCC_ARM/mbed-dev/platform/mbed_retarget.o (fopen)
/usr/bin/../lib/gcc/arm-none-eabi/7.2.1/../../../../arm-none-eabi/lib/thumb/v7e-m/fpv4-sp/softfp/libc_nano.a(lib_a-fputc.o)
                              ./BUILD/NUCLEO_F303K8/GCC_ARM/mbed-dev/platform/Stream.o (fputc)
/usr/bin/../lib/gcc/arm-none-eabi/7.2.1/../../../../arm-none-eabi/lib/thumb/v7e-m/fpv4-sp/softfp/libc_nano.a(lib_a-fputs.o)
                              ./BUILD/NUCLEO_F303K8/GCC_ARM/mbed-dev/platform/Stream.o (fputs)
/usr/bin/../lib/gcc/arm-none-eabi/7.2.1/../../../../arm-none-eabi/lib/thumb/v7e-m/fpv4-sp/softfp/libc_nano.a(lib_a-fseek.o)
                              /usr/bin/../lib/gcc/arm-none-eabi/7.2.1/../../../../arm-none-eabi/lib/thumb/v7e-m/fpv4-sp/softfp/libc_nano.a(lib_a-fopen.o) (_fseek_r)
/usr/bin/../lib/gcc/arm-none-eabi/7.2.1/../../../../arm-none-eabi/lib/thumb/v7e-m/fpv4-sp/softfp/libc_nano.a(lib_a-fseeko.o)
                              /usr/bin/../lib/gcc/arm-none-eabi/7.2.1/../../../../arm-none-eabi/lib/thumb/v7e-m/fpv4-sp/softfp/libc_nano.a(lib_a-fseek.o) (_fseeko_r)
/usr/bin/../lib/gcc/arm-none-eabi/7.2.1/../../../../arm-none-eabi/lib/thumb/v7e-m/fpv4-sp/softfp/libc_nano.a(lib_a-fwalk.o)
                              /usr/bin/../lib/gcc/arm-none-eabi/7.2.1/../../../../arm-none-eabi/lib/thumb/v7e-m/fpv4-sp/softfp/libc_nano.a(lib_a-findfp.o) (_fwalk)
/usr/bin/../lib/gcc/arm-none-eabi/7.2.1/../../../../arm-none-eabi/lib/thumb/v7e-m/fpv4-sp/softfp/libc_nano.a(lib_a-impure.o)
                              /usr/bin/../lib/gcc/arm-none-eabi/7.2.1/../../../../arm-none-eabi/lib/thumb/v7e-m/fpv4-sp/softfp/libc_nano.a(lib_a-fflush.o) (_global_impure_ptr)
/usr/bin/../lib/gcc/arm-none-eabi/7.2.1/../../../../arm-none-eabi/lib/thumb/v7e-m/fpv4-sp/softfp/libc_nano.a(lib_a-init.o)
                              /usr/bin/../lib/gcc/arm-none-eabi/7.2.1/../../../../arm-none-eabi/lib/thumb/v7e-m/fpv4-sp/softfp/crt0.o (__libc_init_array)
/usr/bin/../lib/gcc/arm-none-eabi/7.2.1/../../../../arm-none-eabi/lib/thumb/v7e-m/fpv4-sp/softfp/libc_nano.a(lib_a-makebuf.o)
                              /usr/bin/../lib/gcc/arm-none-eabi/7.2.1/../../../../arm-none-eabi/lib/thumb/v7e-m/fpv4-sp/softfp/libc_nano.a(lib_a-fseeko.o) (__smakebuf_r)
/usr/bin/../lib/gcc/arm-none-eabi/7.2.1/../../../../arm-none-eabi/lib/thumb/v7e-m/fpv4-sp/softfp/libc_nano.a(lib_a-malloc.o)
                              ./BUILD/NUCLEO_F303K8/GCC_ARM/mbed-dev/platform/mbed_retarget.o (malloc)
/usr/bin/../lib/gcc/arm-none-eabi/7.2.1/../../../../arm-none-eabi/lib/thumb/v7e-m/fpv4-sp/softfp/libc_nano.a(lib_a-memchr.o)
                              /usr/bin/../lib/gcc/arm-none-eabi/7.2.1/../../../../arm-none-eabi/lib/thumb/v7e-m/fpv4-sp/softfp/libc_nano.a(lib_a-fgets.o) (memchr)
/usr/bin/../lib/gcc/arm-none-eabi/7.2.1/../../../../arm-none-eabi/lib/thumb/v7e-m/fpv4-sp/softfp/libc_nano.a(lib_a-memcmp.o)
                              ./BUILD/NUCLEO_F303K8/GCC_ARM/mbed-dev/platform/ATCmdParser.o (memcmp)
/usr/bin/../lib/gcc/arm-none-eabi/7.2.1/../../../../arm-none-eabi/lib/thumb/v7e-m/fpv4-sp/softfp/libc_nano.a(lib_a-memcpy-stub.o)
                              ./BUILD/NUCLEO_F303K8/GCC_ARM/Crypto/cipher/AES.o (memcpy)
[...]
Memory Configuration

Name             Origin             Length             Attributes
FLASH            0x0000000008000000 0x0000000000010000 xr
CCM              0x0000000010000000 0x0000000000001000 xrw
RAM              0x0000000020000188 0x0000000000002e78 xrw
*default*        0x0000000000000000 0xffffffffffffffff

Linker script and memory map

LOAD /usr/bin/../lib/gcc/arm-none-eabi/7.2.1/thumb/v7e-m/fpv4-sp/softfp/crti.o
LOAD /usr/bin/../lib/gcc/arm-none-eabi/7.2.1/thumb/v7e-m/fpv4-sp/softfp/crtbegin.o
LOAD /usr/bin/../lib/gcc/arm-none-eabi/7.2.1/../../../../arm-none-eabi/lib/thumb/v7e-m/fpv4-sp/softfp/crt0.o
LOAD ./BUILD/NUCLEO_F303K8/GCC_ARM/./bitcoinMine.o
LOAD ./BUILD/NUCLEO_F303K8/GCC_ARM/./decodeCommands.o
LOAD ./BUILD/NUCLEO_F303K8/GCC_ARM/./main.o
LOAD ./BUILD/NUCLEO_F303K8/GCC_ARM/./messages.o
LOAD ./BUILD/NUCLEO_F303K8/GCC_ARM/./motorControl.o
LOAD ./BUILD/NUCLEO_F303K8/GCC_ARM/Crypto/cipher/AES.o
LOAD ./BUILD/NUCLEO_F303K8/GCC_ARM/Crypto/cipher/BlockCipher.o
LOAD ./BUILD/NUCLEO_F303K8/GCC_ARM/Crypto/cipher/Cipher.o
LOAD ./BUILD/NUCLEO_F303K8/GCC_ARM/Crypto/cipher/DES.o
LOAD ./BUILD/NUCLEO_F303K8/GCC_ARM/Crypto/cipher/RC4.o
LOAD ./BUILD/NUCLEO_F303K8/GCC_ARM/Crypto/cipher/StreamCipher.o
LOAD ./BUILD/NUCLEO_F303K8/GCC_ARM/Crypto/cipher/TDES.o
LOAD ./BUILD/NUCLEO_F303K8/GCC_ARM/Crypto/hash/HMAC.o
LOAD ./BUILD/NUCLEO_F303K8/GCC_ARM/Crypto/hash/HashAlgorithm.o
LOAD ./BUILD/NUCLEO_F303K8/GCC_ARM/Crypto/hash/MD2.o
LOAD ./BUILD/NUCLEO_F303K8/GCC_ARM/Crypto/hash/MD4.o
LOAD ./BUILD/NUCLEO_F303K8/GCC_ARM/Crypto/hash/MD5.o
LOAD ./BUILD/NUCLEO_F303K8/GCC_ARM/Crypto/hash/SHA1.o
LOAD ./BUILD/NUCLEO_F303K8/GCC_ARM/Crypto/hash/SHA224.o
LOAD ./BUILD/NUCLEO_F303K8/GCC_ARM/Crypto/hash/SHA256.o
LOAD ./BUILD/NUCLEO_F303K8/GCC_ARM/Crypto/hash/SHA2_32.o
LOAD ./BUILD/NUCLEO_F303K8/GCC_ARM/Crypto/hash/SHA2_64.o
LOAD ./BUILD/NUCLEO_F303K8/GCC_ARM/Crypto/hash/SHA384.o
LOAD ./BUILD/NUCLEO_F303K8/GCC_ARM/Crypto/hash/SHA512.o
LOAD ./BUILD/NUCLEO_F303K8/GCC_ARM/mbed-dev/drivers/AnalogIn.o
LOAD ./BUILD/NUCLEO_F303K8/GCC_ARM/mbed-dev/drivers/BusIn.o
LOAD ./BUILD/NUCLEO_F303K8/GCC_ARM/mbed-dev/drivers/BusInOut.o
LOAD ./BUILD/NUCLEO_F303K8/GCC_ARM/mbed-dev/drivers/BusOut.o
LOAD ./BUILD/NUCLEO_F303K8/GCC_ARM/mbed-dev/drivers/CAN.o
LOAD ./BUILD/NUCLEO_F303K8/GCC_ARM/mbed-dev/drivers/Ethernet.o
LOAD ./BUILD/NUCLEO_F303K8/GCC_ARM/mbed-dev/drivers/FlashIAP.o
LOAD ./BUILD/NUCLEO_F303K8/GCC_ARM/mbed-dev/drivers/I2C.o
LOAD ./BUILD/NUCLEO_F303K8/GCC_ARM/mbed-dev/drivers/I2CSlave.o
LOAD ./BUILD/NUCLEO_F303K8/GCC_ARM/mbed-dev/drivers/InterruptIn.o
LOAD ./BUILD/NUCLEO_F303K8/GCC_ARM/mbed-dev/drivers/InterruptManager.o
LOAD ./BUILD/NUCLEO_F303K8/GCC_ARM/mbed-dev/drivers/RawSerial.o
LOAD ./BUILD/NUCLEO_F303K8/GCC_ARM/mbed-dev/drivers/SPI.o
LOAD ./BUILD/NUCLEO_F303K8/GCC_ARM/mbed-dev/drivers/SPISlave.o
LOAD ./BUILD/NUCLEO_F303K8/GCC_ARM/mbed-dev/drivers/Serial.o
LOAD ./BUILD/NUCLEO_F303K8/GCC_ARM/mbed-dev/drivers/SerialBase.o
LOAD ./BUILD/NUCLEO_F303K8/GCC_ARM/mbed-dev/drivers/Ticker.o
LOAD ./BUILD/NUCLEO_F303K8/GCC_ARM/mbed-dev/drivers/Timeout.o
LOAD ./BUILD/NUCLEO_F303K8/GCC_ARM/mbed-dev/drivers/Timer.o
LOAD ./BUILD/NUCLEO_F303K8/GCC_ARM/mbed-dev/drivers/TimerEvent.o
LOAD ./BUILD/NUCLEO_F303K8/GCC_ARM/mbed-dev/drivers/UARTSerial.o
LOAD ./BUILD/NUCLEO_F303K8/GCC_ARM/mbed-dev/hal/mbed_flash_api.o
LOAD ./BUILD/NUCLEO_F303K8/GCC_ARM/mbed-dev/hal/mbed_gpio.o
LOAD ./BUILD/NUCLEO_F303K8/GCC_ARM/mbed-dev/hal/mbed_lp_ticker_api.o
LOAD ./BUILD/NUCLEO_F303K8/GCC_ARM/mbed-dev/hal/mbed_pinmap_common.o
LOAD ./BUILD/NUCLEO_F303K8/GCC_ARM/mbed-dev/hal/mbed_sleep_manager.o
LOAD ./BUILD/NUCLEO_F303K8/GCC_ARM/mbed-dev/hal/mbed_ticker_api.o
LOAD ./BUILD/NUCLEO_F303K8/GCC_ARM/mbed-dev/hal/mbed_us_ticker_api.o
LOAD ./BUILD/NUCLEO_F303K8/GCC_ARM/mbed-dev/platform/ATCmdParser.o
LOAD ./BUILD/NUCLEO_F303K8/GCC_ARM/mbed-dev/platform/CallChain.o
LOAD ./BUILD/NUCLEO_F303K8/GCC_ARM/mbed-dev/platform/FileBase.o
LOAD ./BUILD/NUCLEO_F303K8/GCC_ARM/mbed-dev/platform/FileHandle.o
LOAD ./BUILD/NUCLEO_F303K8/GCC_ARM/mbed-dev/platform/FilePath.o
LOAD ./BUILD/NUCLEO_F303K8/GCC_ARM/mbed-dev/platform/FileSystemHandle.o
LOAD ./BUILD/NUCLEO_F303K8/GCC_ARM/mbed-dev/platform/LocalFileSystem.o
LOAD ./BUILD/NUCLEO_F303K8/GCC_ARM/mbed-dev/platform/Stream.o
LOAD ./BUILD/NUCLEO_F303K8/GCC_ARM/mbed-dev/platform/mbed_alloc_wrappers.o
LOAD ./BUILD/NUCLEO_F303K8/GCC_ARM/mbed-dev/platform/mbed_application.o
LOAD ./BUILD/NUCLEO_F303K8/GCC_ARM/mbed-dev/platform/mbed_assert.o
LOAD ./BUILD/NUCLEO_F303K8/GCC_ARM/mbed-dev/platform/mbed_board.o
LOAD ./BUILD/NUCLEO_F303K8/GCC_ARM/mbed-dev/platform/mbed_critical.o
LOAD ./BUILD/NUCLEO_F303K8/GCC_ARM/mbed-dev/platform/mbed_error.o
LOAD ./BUILD/NUCLEO_F303K8/GCC_ARM/mbed-dev/platform/mbed_interface.o
LOAD ./BUILD/NUCLEO_F303K8/GCC_ARM/mbed-dev/platform/mbed_mem_trace.o
LOAD ./BUILD/NUCLEO_F303K8/GCC_ARM/mbed-dev/platform/mbed_mktime.o
LOAD ./BUILD/NUCLEO_F303K8/GCC_ARM/mbed-dev/platform/mbed_poll.o
LOAD ./BUILD/NUCLEO_F303K8/GCC_ARM/mbed-dev/platform/mbed_retarget.o
LOAD ./BUILD/NUCLEO_F303K8/GCC_ARM/mbed-dev/platform/mbed_rtc_time.o
LOAD ./BUILD/NUCLEO_F303K8/GCC_ARM/mbed-dev/platform/mbed_sdk_boot.o
LOAD ./BUILD/NUCLEO_F303K8/GCC_ARM/mbed-dev/platform/mbed_semihost_api.o
LOAD ./BUILD/NUCLEO_F303K8/GCC_ARM/mbed-dev/platform/mbed_stats.o
LOAD ./BUILD/NUCLEO_F303K8/GCC_ARM/mbed-dev/platform/mbed_wait_api_no_rtos.o
LOAD ./BUILD/NUCLEO_F303K8/GCC_ARM/mbed-dev/platform/mbed_wait_api_rtos.o
LOAD ./BUILD/NUCLEO_F303K8/GCC_ARM/mbed-dev/targets/TARGET_STM/TARGET_STM32F3/TARGET_STM32F303x8/TARGET_NUCLEO_F303K8/PeripheralPins.o
LOAD ./BUILD/NUCLEO_F303K8/GCC_ARM/mbed-dev/targets/TARGET_STM/TARGET_STM32F3/TARGET_STM32F303x8/TARGET_NUCLEO_F303K8/system_clock.o
LOAD ./BUILD/NUCLEO_F303K8/GCC_ARM/mbed-dev/targets/TARGET_STM/TARGET_STM32F3/TARGET_STM32F303x8/device/TOOLCHAIN_GCC_ARM/startup_stm32f303x8.o
LOAD ./BUILD/NUCLEO_F303K8/GCC_ARM/mbed-dev/targets/TARGET_STM/TARGET_STM32F3/analogin_device.o
LOAD ./BUILD/NUCLEO_F303K8/GCC_ARM/mbed-dev/targets/TARGET_STM/TARGET_STM32F3/analogout_device.o
LOAD ./BUILD/NUCLEO_F303K8/GCC_ARM/mbed-dev/targets/TARGET_STM/TARGET_STM32F3/device/stm32f3xx_hal.o
LOAD ./BUILD/NUCLEO_F303K8/GCC_ARM/mbed-dev/targets/TARGET_STM/TARGET_STM32F3/device/stm32f3xx_hal_adc.o
LOAD ./BUILD/NUCLEO_F303K8/GCC_ARM/mbed-dev/targets/TARGET_STM/TARGET_STM32F3/device/stm32f3xx_hal_adc_ex.o
LOAD ./BUILD/NUCLEO_F303K8/GCC_ARM/mbed-dev/targets/TARGET_STM/TARGET_STM32F3/device/stm32f3xx_hal_can.o
LOAD ./BUILD/NUCLEO_F303K8/GCC_ARM/mbed-dev/targets/TARGET_STM/TARGET_STM32F3/device/stm32f3xx_hal_cec.o
LOAD ./BUILD/NUCLEO_F303K8/GCC_ARM/mbed-dev/targets/TARGET_STM/TARGET_STM32F3/device/stm32f3xx_hal_comp.o
LOAD ./BUILD/NUCLEO_F303K8/GCC_ARM/mbed-dev/targets/TARGET_STM/TARGET_STM32F3/device/stm32f3xx_hal_cortex.o
LOAD ./BUILD/NUCLEO_F303K8/GCC_ARM/mbed-dev/targets/TARGET_STM/TARGET_STM32F3/device/stm32f3xx_hal_crc.o
LOAD ./BUILD/NUCLEO_F303K8/GCC_ARM/mbed-dev/targets/TARGET_STM/TARGET_STM32F3/device/stm32f3xx_hal_crc_ex.o
LOAD ./BUILD/NUCLEO_F303K8/GCC_ARM/mbed-dev/targets/TARGET_STM/TARGET_STM32F3/device/stm32f3xx_hal_dac.o
LOAD ./BUILD/NUCLEO_F303K8/GCC_ARM/mbed-dev/targets/TARGET_STM/TARGET_STM32F3/device/stm32f3xx_hal_dac_ex.o
LOAD ./BUILD/NUCLEO_F303K8/GCC_ARM/mbed-dev/targets/TARGET_STM/TARGET_STM32F3/device/stm32f3xx_hal_dma.o
LOAD ./BUILD/NUCLEO_F303K8/GCC_ARM/mbed-dev/targets/TARGET_STM/TARGET_STM32F3/device/stm32f3xx_hal_flash.o
LOAD ./BUILD/NUCLEO_F303K8/GCC_ARM/mbed-dev/targets/TARGET_STM/TARGET_STM32F3/device/stm32f3xx_hal_flash_ex.o
LOAD ./BUILD/NUCLEO_F303K8/GCC_ARM/mbed-dev/targets/TARGET_STM/TARGET_STM32F3/device/stm32f3xx_hal_gpio.o
LOAD ./BUILD/NUCLEO_F303K8/GCC_ARM/mbed-dev/targets/TARGET_STM/TARGET_STM32F3/device/stm32f3xx_hal_hrtim.o
LOAD ./BUILD/NUCLEO_F303K8/GCC_ARM/mbed-dev/targets/TARGET_STM/TARGET_STM32F3/device/stm32f3xx_hal_i2c.o
LOAD ./BUILD/NUCLEO_F303K8/GCC_ARM/mbed-dev/targets/TARGET_STM/TARGET_STM32F3/device/stm32f3xx_hal_i2c_ex.o
LOAD ./BUILD/NUCLEO_F303K8/GCC_ARM/mbed-dev/targets/TARGET_STM/TARGET_STM32F3/device/stm32f3xx_hal_i2s.o
LOAD ./BUILD/NUCLEO_F303K8/GCC_ARM/mbed-dev/targets/TARGET_STM/TARGET_STM32F3/device/stm32f3xx_hal_i2s_ex.o
LOAD ./BUILD/NUCLEO_F303K8/GCC_ARM/mbed-dev/targets/TARGET_STM/TARGET_STM32F3/device/stm32f3xx_hal_irda.o
LOAD ./BUILD/NUCLEO_F303K8/GCC_ARM/mbed-dev/targets/TARGET_STM/TARGET_STM32F3/device/stm32f3xx_hal_iwdg.o
LOAD ./BUILD/NUCLEO_F303K8/GCC_ARM/mbed-dev/targets/TARGET_STM/TARGET_STM32F3/device/stm32f3xx_hal_nand.o
LOAD ./BUILD/NUCLEO_F303K8/GCC_ARM/mbed-dev/targets/TARGET_STM/TARGET_STM32F3/device/stm32f3xx_hal_nor.o
LOAD ./BUILD/NUCLEO_F303K8/GCC_ARM/mbed-dev/targets/TARGET_STM/TARGET_STM32F3/device/stm32f3xx_hal_opamp.o
LOAD ./BUILD/NUCLEO_F303K8/GCC_ARM/mbed-dev/targets/TARGET_STM/TARGET_STM32F3/device/stm32f3xx_hal_opamp_ex.o
LOAD ./BUILD/NUCLEO_F303K8/GCC_ARM/mbed-dev/targets/TARGET_STM/TARGET_STM32F3/device/stm32f3xx_hal_pccard.o
LOAD ./BUILD/NUCLEO_F303K8/GCC_ARM/mbed-dev/targets/TARGET_STM/TARGET_STM32F3/device/stm32f3xx_hal_pcd.o
LOAD ./BUILD/NUCLEO_F303K8/GCC_ARM/mbed-dev/targets/TARGET_STM/TARGET_STM32F3/device/stm32f3xx_hal_pcd_ex.o
LOAD ./BUILD/NUCLEO_F303K8/GCC_ARM/mbed-dev/targets/TARGET_STM/TARGET_STM32F3/device/stm32f3xx_hal_pwr.o
LOAD ./BUILD/NUCLEO_F303K8/GCC_ARM/mbed-dev/targets/TARGET_STM/TARGET_STM32F3/device/stm32f3xx_hal_pwr_ex.o
LOAD ./BUILD/NUCLEO_F303K8/GCC_ARM/mbed-dev/targets/TARGET_STM/TARGET_STM32F3/device/stm32f3xx_hal_rcc.o
LOAD ./BUILD/NUCLEO_F303K8/GCC_ARM/mbed-dev/targets/TARGET_STM/TARGET_STM32F3/device/stm32f3xx_hal_rcc_ex.o
LOAD ./BUILD/NUCLEO_F303K8/GCC_ARM/mbed-dev/targets/TARGET_STM/TARGET_STM32F3/device/stm32f3xx_hal_rtc.o
LOAD ./BUILD/NUCLEO_F303K8/GCC_ARM/mbed-dev/targets/TARGET_STM/TARGET_STM32F3/device/stm32f3xx_hal_rtc_ex.o
LOAD ./BUILD/NUCLEO_F303K8/GCC_ARM/mbed-dev/targets/TARGET_STM/TARGET_STM32F3/device/stm32f3xx_hal_sdadc.o
LOAD ./BUILD/NUCLEO_F303K8/GCC_ARM/mbed-dev/targets/TARGET_STM/TARGET_STM32F3/device/stm32f3xx_hal_smartcard.o
LOAD ./BUILD/NUCLEO_F303K8/GCC_ARM/mbed-dev/targets/TARGET_STM/TARGET_STM32F3/device/stm32f3xx_hal_smartcard_ex.o
LOAD ./BUILD/NUCLEO_F303K8/GCC_ARM/mbed-dev/targets/TARGET_STM/TARGET_STM32F3/device/stm32f3xx_hal_smbus.o
LOAD ./BUILD/NUCLEO_F303K8/GCC_ARM/mbed-dev/targets/TARGET_STM/TARGET_STM32F3/device/stm32f3xx_hal_spi.o
LOAD ./BUILD/NUCLEO_F303K8/GCC_ARM/mbed-dev/targets/TARGET_STM/TARGET_STM32F3/device/stm32f3xx_hal_spi_ex.o
LOAD ./BUILD/NUCLEO_F303K8/GCC_ARM/mbed-dev/targets/TARGET_STM/TARGET_STM32F3/device/stm32f3xx_hal_sram.o
LOAD ./BUILD/NUCLEO_F303K8/GCC_ARM/mbed-dev/targets/TARGET_STM/TARGET_STM32F3/device/stm32f3xx_hal_tim.o
LOAD ./BUILD/NUCLEO_F303K8/GCC_ARM/mbed-dev/targets/TARGET_STM/TARGET_STM32F3/device/stm32f3xx_hal_tim_ex.o
LOAD ./BUILD/NUCLEO_F303K8/GCC_ARM/mbed-dev/targets/TARGET_STM/TARGET_STM32F3/device/stm32f3xx_hal_tsc.o
LOAD ./BUILD/NUCLEO_F303K8/GCC_ARM/mbed-dev/targets/TARGET_STM/TARGET_STM32F3/device/stm32f3xx_hal_uart.o
LOAD ./BUILD/NUCLEO_F303K8/GCC_ARM/mbed-dev/targets/TARGET_STM/TARGET_STM32F3/device/stm32f3xx_hal_uart_ex.o
LOAD ./BUILD/NUCLEO_F303K8/GCC_ARM/mbed-dev/targets/TARGET_STM/TARGET_STM32F3/device/stm32f3xx_hal_usart.o
LOAD ./BUILD/NUCLEO_F303K8/GCC_ARM/mbed-dev/targets/TARGET_STM/TARGET_STM32F3/device/stm32f3xx_hal_wwdg.o
LOAD ./BUILD/NUCLEO_F303K8/GCC_ARM/mbed-dev/targets/TARGET_STM/TARGET_STM32F3/device/stm32f3xx_ll_adc.o
LOAD ./BUILD/NUCLEO_F303K8/GCC_ARM/mbed-dev/targets/TARGET_STM/TARGET_STM32F3/device/stm32f3xx_ll_comp.o
LOAD ./BUILD/NUCLEO_F303K8/GCC_ARM/mbed-dev/targets/TARGET_STM/TARGET_STM32F3/device/stm32f3xx_ll_crc.o
LOAD ./BUILD/NUCLEO_F303K8/GCC_ARM/mbed-dev/targets/TARGET_STM/TARGET_STM32F3/device/stm32f3xx_ll_dac.o
LOAD ./BUILD/NUCLEO_F303K8/GCC_ARM/mbed-dev/targets/TARGET_STM/TARGET_STM32F3/device/stm32f3xx_ll_dma.o
LOAD ./BUILD/NUCLEO_F303K8/GCC_ARM/mbed-dev/targets/TARGET_STM/TARGET_STM32F3/device/stm32f3xx_ll_exti.o
LOAD ./BUILD/NUCLEO_F303K8/GCC_ARM/mbed-dev/targets/TARGET_STM/TARGET_STM32F3/device/stm32f3xx_ll_fmc.o
LOAD ./BUILD/NUCLEO_F303K8/GCC_ARM/mbed-dev/targets/TARGET_STM/TARGET_STM32F3/device/stm32f3xx_ll_gpio.o
LOAD ./BUILD/NUCLEO_F303K8/GCC_ARM/mbed-dev/targets/TARGET_STM/TARGET_STM32F3/device/stm32f3xx_ll_hrtim.o
LOAD ./BUILD/NUCLEO_F303K8/GCC_ARM/mbed-dev/targets/TARGET_STM/TARGET_STM32F3/device/stm32f3xx_ll_i2c.o
LOAD ./BUILD/NUCLEO_F303K8/GCC_ARM/mbed-dev/targets/TARGET_STM/TARGET_STM32F3/device/stm32f3xx_ll_opamp.o
LOAD ./BUILD/NUCLEO_F303K8/GCC_ARM/mbed-dev/targets/TARGET_STM/TARGET_STM32F3/device/stm32f3xx_ll_pwr.o
LOAD ./BUILD/NUCLEO_F303K8/GCC_ARM/mbed-dev/targets/TARGET_STM/TARGET_STM32F3/device/stm32f3xx_ll_rcc.o
LOAD ./BUILD/NUCLEO_F303K8/GCC_ARM/mbed-dev/targets/TARGET_STM/TARGET_STM32F3/device/stm32f3xx_ll_rtc.o
LOAD ./BUILD/NUCLEO_F303K8/GCC_ARM/mbed-dev/targets/TARGET_STM/TARGET_STM32F3/device/stm32f3xx_ll_spi.o
LOAD ./BUILD/NUCLEO_F303K8/GCC_ARM/mbed-dev/targets/TARGET_STM/TARGET_STM32F3/device/stm32f3xx_ll_tim.o
LOAD ./BUILD/NUCLEO_F303K8/GCC_ARM/mbed-dev/targets/TARGET_STM/TARGET_STM32F3/device/stm32f3xx_ll_usart.o
LOAD ./BUILD/NUCLEO_F303K8/GCC_ARM/mbed-dev/targets/TARGET_STM/TARGET_STM32F3/device/stm32f3xx_ll_utils.o
LOAD ./BUILD/NUCLEO_F303K8/GCC_ARM/mbed-dev/targets/TARGET_STM/TARGET_STM32F3/device/system_stm32f3xx.o
LOAD ./BUILD/NUCLEO_F303K8/GCC_ARM/mbed-dev/targets/TARGET_STM/TARGET_STM32F3/flash_api.o
LOAD ./BUILD/NUCLEO_F303K8/GCC_ARM/mbed-dev/targets/TARGET_STM/TARGET_STM32F3/gpio_irq_device.o
LOAD ./BUILD/NUCLEO_F303K8/GCC_ARM/mbed-dev/targets/TARGET_STM/TARGET_STM32F3/pwmout_device.o
LOAD ./BUILD/NUCLEO_F303K8/GCC_ARM/mbed-dev/targets/TARGET_STM/TARGET_STM32F3/serial_device.o
LOAD ./BUILD/NUCLEO_F303K8/GCC_ARM/mbed-dev/targets/TARGET_STM/TARGET_STM32F3/spi_api.o
LOAD ./BUILD/NUCLEO_F303K8/GCC_ARM/mbed-dev/targets/TARGET_STM/analogin_api.o
LOAD ./BUILD/NUCLEO_F303K8/GCC_ARM/mbed-dev/targets/TARGET_STM/analogout_api.o
LOAD ./BUILD/NUCLEO_F303K8/GCC_ARM/mbed-dev/targets/TARGET_STM/can_api.o
LOAD ./BUILD/NUCLEO_F303K8/GCC_ARM/mbed-dev/targets/TARGET_STM/gpio_api.o
LOAD ./BUILD/NUCLEO_F303K8/GCC_ARM/mbed-dev/targets/TARGET_STM/gpio_irq_api.o
LOAD ./BUILD/NUCLEO_F303K8/GCC_ARM/mbed-dev/targets/TARGET_STM/hal_tick_16b.o
LOAD ./BUILD/NUCLEO_F303K8/GCC_ARM/mbed-dev/targets/TARGET_STM/hal_tick_32b.o
LOAD ./BUILD/NUCLEO_F303K8/GCC_ARM/mbed-dev/targets/TARGET_STM/i2c_api.o
LOAD ./BUILD/NUCLEO_F303K8/GCC_ARM/mbed-dev/targets/TARGET_STM/lp_ticker.o
LOAD ./BUILD/NUCLEO_F303K8/GCC_ARM/mbed-dev/targets/TARGET_STM/mbed_overrides.o
LOAD ./BUILD/NUCLEO_F303K8/GCC_ARM/mbed-dev/targets/TARGET_STM/pinmap.o
LOAD ./BUILD/NUCLEO_F303K8/GCC_ARM/mbed-dev/targets/TARGET_STM/port_api.o
LOAD ./BUILD/NUCLEO_F303K8/GCC_ARM/mbed-dev/targets/TARGET_STM/pwmout_api.o
LOAD ./BUILD/NUCLEO_F303K8/GCC_ARM/mbed-dev/targets/TARGET_STM/rtc_api.o
LOAD ./BUILD/NUCLEO_F303K8/GCC_ARM/mbed-dev/targets/TARGET_STM/serial_api.o
LOAD ./BUILD/NUCLEO_F303K8/GCC_ARM/mbed-dev/targets/TARGET_STM/sleep.o
LOAD ./BUILD/NUCLEO_F303K8/GCC_ARM/mbed-dev/targets/TARGET_STM/stm_spi_api.o
LOAD ./BUILD/NUCLEO_F303K8/GCC_ARM/mbed-dev/targets/TARGET_STM/trng_api.o
LOAD ./BUILD/NUCLEO_F303K8/GCC_ARM/mbed-dev/targets/TARGET_STM/us_ticker_16b.o
LOAD ./BUILD/NUCLEO_F303K8/GCC_ARM/mbed-dev/targets/TARGET_STM/us_ticker_32b.o
LOAD ./BUILD/NUCLEO_F303K8/GCC_ARM/mbed-rtos/rtos/Mutex.o
LOAD ./BUILD/NUCLEO_F303K8/GCC_ARM/mbed-rtos/rtos/RtosTimer.o
LOAD ./BUILD/NUCLEO_F303K8/GCC_ARM/mbed-rtos/rtos/Semaphore.o
LOAD ./BUILD/NUCLEO_F303K8/GCC_ARM/mbed-rtos/rtos/Thread.o
LOAD ./BUILD/NUCLEO_F303K8/GCC_ARM/mbed-rtos/rtos/rtos_idle.o
LOAD ./BUILD/NUCLEO_F303K8/GCC_ARM/mbed-rtos/rtx/TARGET_CORTEX_M/HAL_CM.o
LOAD ./BUILD/NUCLEO_F303K8/GCC_ARM/mbed-rtos/rtx/TARGET_CORTEX_M/RTX_Conf_CM.o
LOAD ./BUILD/NUCLEO_F303K8/GCC_ARM/mbed-rtos/rtx/TARGET_CORTEX_M/TARGET_RTOS_M4_M7/TOOLCHAIN_GCC/HAL_CM4.o
LOAD ./BUILD/NUCLEO_F303K8/GCC_ARM/mbed-rtos/rtx/TARGET_CORTEX_M/TARGET_RTOS_M4_M7/TOOLCHAIN_GCC/SVC_Table.o
LOAD ./BUILD/NUCLEO_F303K8/GCC_ARM/mbed-rtos/rtx/TARGET_CORTEX_M/rt_CMSIS.o
LOAD ./BUILD/NUCLEO_F303K8/GCC_ARM/mbed-rtos/rtx/TARGET_CORTEX_M/rt_Event.o
LOAD ./BUILD/NUCLEO_F303K8/GCC_ARM/mbed-rtos/rtx/TARGET_CORTEX_M/rt_List.o
LOAD ./BUILD/NUCLEO_F303K8/GCC_ARM/mbed-rtos/rtx/TARGET_CORTEX_M/rt_Mailbox.o
LOAD ./BUILD/NUCLEO_F303K8/GCC_ARM/mbed-rtos/rtx/TARGET_CORTEX_M/rt_MemBox.o
LOAD ./BUILD/NUCLEO_F303K8/GCC_ARM/mbed-rtos/rtx/TARGET_CORTEX_M/rt_Memory.o
LOAD ./BUILD/NUCLEO_F303K8/GCC_ARM/mbed-rtos/rtx/TARGET_CORTEX_M/rt_Mutex.o
LOAD ./BUILD/NUCLEO_F303K8/GCC_ARM/mbed-rtos/rtx/TARGET_CORTEX_M/rt_OsEventObserver.o
LOAD ./BUILD/NUCLEO_F303K8/GCC_ARM/mbed-rtos/rtx/TARGET_CORTEX_M/rt_Robin.o
LOAD ./BUILD/NUCLEO_F303K8/GCC_ARM/mbed-rtos/rtx/TARGET_CORTEX_M/rt_Semaphore.o
LOAD ./BUILD/NUCLEO_F303K8/GCC_ARM/mbed-rtos/rtx/TARGET_CORTEX_M/rt_System.o
LOAD ./BUILD/NUCLEO_F303K8/GCC_ARM/mbed-rtos/rtx/TARGET_CORTEX_M/rt_Task.o
LOAD ./BUILD/NUCLEO_F303K8/GCC_ARM/mbed-rtos/rtx/TARGET_CORTEX_M/rt_Time.o
LOAD ./BUILD/NUCLEO_F303K8/GCC_ARM/mbed-rtos/rtx/TARGET_CORTEX_M/rt_Timer.o
START GROUP
LOAD /usr/bin/../lib/gcc/arm-none-eabi/7.2.1/../../../../arm-none-eabi/lib/thumb/v7e-m/fpv4-sp/softfp/libstdc++_nano.a
LOAD /usr/bin/../lib/gcc/arm-none-eabi/7.2.1/../../../../arm-none-eabi/lib/thumb/v7e-m/fpv4-sp/softfp/libsupc++_nano.a
LOAD /usr/bin/../lib/gcc/arm-none-eabi/7.2.1/../../../../arm-none-eabi/lib/thumb/v7e-m/fpv4-sp/softfp/libm.a
LOAD /usr/bin/../lib/gcc/arm-none-eabi/7.2.1/../../../../arm-none-eabi/lib/thumb/v7e-m/fpv4-sp/softfp/libc_nano.a
LOAD /usr/bin/../lib/gcc/arm-none-eabi/7.2.1/thumb/v7e-m/fpv4-sp/softfp/libgcc.a
LOAD /usr/bin/../lib/gcc/arm-none-eabi/7.2.1/../../../../arm-none-eabi/lib/thumb/v7e-m/fpv4-sp/softfp/libnosys.a
END GROUP
LOAD /usr/bin/../lib/gcc/arm-none-eabi/7.2.1/../../../../arm-none-eabi/lib/thumb/v7e-m/fpv4-sp/softfp/libstdc++_nano.a
LOAD /usr/bin/../lib/gcc/arm-none-eabi/7.2.1/../../../../arm-none-eabi/lib/thumb/v7e-m/fpv4-sp/softfp/libsupc++_nano.a
LOAD /usr/bin/../lib/gcc/arm-none-eabi/7.2.1/../../../../arm-none-eabi/lib/thumb/v7e-m/fpv4-sp/softfp/libm.a
LOAD /usr/bin/../lib/gcc/arm-none-eabi/7.2.1/../../../../arm-none-eabi/lib/thumb/v7e-m/fpv4-sp/softfp/libc_nano.a
LOAD /usr/bin/../lib/gcc/arm-none-eabi/7.2.1/thumb/v7e-m/fpv4-sp/softfp/libgcc.a
LOAD /usr/bin/../lib/gcc/arm-none-eabi/7.2.1/../../../../arm-none-eabi/lib/thumb/v7e-m/fpv4-sp/softfp/libnosys.a
START GROUP
LOAD /usr/bin/../lib/gcc/arm-none-eabi/7.2.1/thumb/v7e-m/fpv4-sp/softfp/libgcc.a
LOAD /usr/bin/../lib/gcc/arm-none-eabi/7.2.1/../../../../arm-none-eabi/lib/thumb/v7e-m/fpv4-sp/softfp/libc_nano.a
END GROUP
START GROUP
LOAD /usr/bin/../lib/gcc/arm-none-eabi/7.2.1/thumb/v7e-m/fpv4-sp/softfp/libgcc.a
LOAD /usr/bin/../lib/gcc/arm-none-eabi/7.2.1/../../../../arm-none-eabi/lib/thumb/v7e-m/fpv4-sp/softfp/libc_nano.a
END GROUP
LOAD /usr/bin/../lib/gcc/arm-none-eabi/7.2.1/thumb/v7e-m/fpv4-sp/softfp/crtend.o
LOAD /usr/bin/../lib/gcc/arm-none-eabi/7.2.1/thumb/v7e-m/fpv4-sp/softfp/crtn.o

.text           0x0000000008000000     0xa6f0
 *(.isr_vector)
 .isr_vector    0x0000000008000000      0x188 ./BUILD/NUCLEO_F303K8/GCC_ARM/mbed-dev/targets/TARGET_STM/TARGET_STM32F3/TARGET_STM32F303x8/device/TOOLCHAIN_GCC_ARM/startup_stm32f303x8.o
                0x0000000008000000                g_pfnVectors
 *(.text*)
 .text          0x0000000008000188       0x40 /usr/bin/../lib/gcc/arm-none-eabi/7.2.1/thumb/v7e-m/fpv4-sp/softfp/crtbegin.o
 .text          0x00000000080001c8       0x74 /usr/bin/../lib/gcc/arm-none-eabi/7.2.1/../../../../arm-none-eabi/lib/thumb/v7e-m/fpv4-sp/softfp/crt0.o
                0x00000000080001c8                _mainCRTStartup
                0x00000000080001c8                _start
 .text._Z9countHashv
                0x000000000800023c       0x18 ./BUILD/NUCLEO_F303K8/GCC_ARM/./bitcoinMine.o
                0x000000000800023c                countHash()
 .text._Z11computeHashv
                0x0000000008000254       0x54 ./BUILD/NUCLEO_F303K8/GCC_ARM/./bitcoinMine.o
                0x0000000008000254                computeHash()
 .text._ZN4mbed8CallbackIFvvEE13function_callIPS1_EEvPKv
                0x00000000080002a8        0x4 ./BUILD/NUCLEO_F303K8/GCC_ARM/./decodeCommands.o
                0x00000000080002a8                void mbed::Callback<void ()>::function_call<void (*)()>(void const*)
 .text._ZN4mbed8CallbackIFvvEE13function_moveIPS1_EEvPvPKv
                0x00000000080002ac        0x8 ./BUILD/NUCLEO_F303K8/GCC_ARM/./decodeCommands.o
                0x00000000080002ac                void mbed::Callback<void ()>::function_move<void (*)()>(void*, void const*)
 .text._ZN4mbed8CallbackIFvvEE13function_dtorIPS1_EEvPv
                0x00000000080002b4        0x2 ./BUILD/NUCLEO_F303K8/GCC_ARM/./decodeCommands.o
                0x00000000080002b4                void mbed::Callback<void ()>::function_dtor<void (*)()>(void*)
 *fill*         0x00000000080002b6        0x2 
 .text._Z9serialISRv
                0x00000000080002b8       0x20 ./BUILD/NUCLEO_F303K8/GCC_ARM/./decodeCommands.o
                0x00000000080002b8                serialISR()
 .text._Z6decodev
                0x00000000080002d8      0x140 ./BUILD/NUCLEO_F303K8/GCC_ARM/./decodeCommands.o
                0x00000000080002d8                decode()
 .text.startup._GLOBAL__sub_I_inCharQ
                0x0000000008000418       0x7c ./BUILD/NUCLEO_F303K8/GCC_ARM/./decodeCommands.o
 .text._ZN4mbed8CallbackIFvvEEC2EPS1_
                0x0000000008000494       0x28 ./BUILD/NUCLEO_F303K8/GCC_ARM/./main.o
                0x0000000008000494                mbed::Callback<void ()>::Callback(void (*)())
                0x0000000008000494                mbed::Callback<void ()>::Callback(void (*)())
 .text._ZN4rtos6ThreadC2E10osPrioritymPh
                0x00000000080004bc       0x3c ./BUILD/NUCLEO_F303K8/GCC_ARM/./main.o
                0x00000000080004bc                rtos::Thread::Thread(osPriority, unsigned long, unsigned char*)
                0x00000000080004bc                rtos::Thread::Thread(osPriority, unsigned long, unsigned char*)
 .text._ZN4mbed8CallbackIFvvEED2Ev
                0x00000000080004f8       0x10 ./BUILD/NUCLEO_F303K8/GCC_ARM/./main.o
                0x00000000080004f8                mbed::Callback<void ()>::~Callback()
                0x00000000080004f8                mbed::Callback<void ()>::~Callback()
 .text._ZN4mbed6TickerD2Ev
                0x0000000008000508       0x24 ./BUILD/NUCLEO_F303K8/GCC_ARM/./main.o
                0x0000000008000508                mbed::Ticker::~Ticker()
                0x0000000008000508                mbed::Ticker::~Ticker()
 .text._ZN4mbed6TickerD0Ev
                0x000000000800052c       0x12 ./BUILD/NUCLEO_F303K8/GCC_ARM/./main.o
                0x000000000800052c                mbed::Ticker::~Ticker()
 .text._ZN4mbed8CallbackIFvvEEC2ERKS2_
                0x000000000800053e       0x16 ./BUILD/NUCLEO_F303K8/GCC_ARM/./main.o
                0x000000000800053e                mbed::Callback<void ()>::Callback(mbed::Callback<void ()> const&)
                0x000000000800053e                mbed::Callback<void ()>::Callback(mbed::Callback<void ()> const&)
 .text.startup.main
                0x0000000008000554       0xe8 ./BUILD/NUCLEO_F303K8/GCC_ARM/./main.o
                0x0000000008000554                main
 .text.startup._GLOBAL__sub_I_decodeThread
                0x000000000800063c       0x6c ./BUILD/NUCLEO_F303K8/GCC_ARM/./main.o
 .text._ZN4mbed9RawSerialD2Ev
                0x00000000080006a8       0x14 ./BUILD/NUCLEO_F303K8/GCC_ARM/./messages.o
                0x00000000080006a8                mbed::RawSerial::~RawSerial()
                0x00000000080006a8                mbed::RawSerial::~RawSerial()
 .text._Z10putMessagehm
                0x00000000080006bc       0x24 ./BUILD/NUCLEO_F303K8/GCC_ARM/./messages.o
                0x00000000080006bc                putMessage(unsigned char, unsigned long)
 .text._Z9commOutFnv
                0x00000000080006e0       0x84 ./BUILD/NUCLEO_F303K8/GCC_ARM/./messages.o
                0x00000000080006e0                commOutFn()
 .text._ZN4mbed9RawSerialD0Ev
                0x0000000008000764       0x12 ./BUILD/NUCLEO_F303K8/GCC_ARM/./messages.o
                0x0000000008000764                mbed::RawSerial::~RawSerial()
 *fill*         0x0000000008000776        0x2 
 .text.startup._GLOBAL__sub_I_outMessages
                0x0000000008000778       0x70 ./BUILD/NUCLEO_F303K8/GCC_ARM/./messages.o
 .text._Z12velocityCalcv
                0x00000000080007e8       0x48 ./BUILD/NUCLEO_F303K8/GCC_ARM/./motorControl.o
                0x00000000080007e8                velocityCalc()
 .text._Z11updateStatev
                0x0000000008000830       0x58 ./BUILD/NUCLEO_F303K8/GCC_ARM/./motorControl.o
                0x0000000008000830                updateState()
 .text._ZN4mbed6PwmOutD2Ev
                0x0000000008000888       0x1c ./BUILD/NUCLEO_F303K8/GCC_ARM/./motorControl.o
                0x0000000008000888                mbed::PwmOut::~PwmOut()
                0x0000000008000888                mbed::PwmOut::~PwmOut()
 .text._ZN4mbed10DigitalOutC2E7PinName
                0x00000000080008a4       0x1a ./BUILD/NUCLEO_F303K8/GCC_ARM/./motorControl.o
                0x00000000080008a4                mbed::DigitalOut::DigitalOut(PinName)
                0x00000000080008a4                mbed::DigitalOut::DigitalOut(PinName)
 .text._ZN4mbed6PwmOutC2E7PinName
                0x00000000080008be       0x1e ./BUILD/NUCLEO_F303K8/GCC_ARM/./motorControl.o
                0x00000000080008be                mbed::PwmOut::PwmOut(PinName)
                0x00000000080008be                mbed::PwmOut::PwmOut(PinName)
 .text._ZN4mbed6PwmOut13pulsewidth_usEi
                0x00000000080008dc       0x1a ./BUILD/NUCLEO_F303K8/GCC_ARM/./motorControl.o
                0x00000000080008dc                mbed::PwmOut::pulsewidth_us(int)
 *fill*         0x00000000080008f6        0x2 
 .text._Z8motorOutam
                0x00000000080008f8       0xc4 ./BUILD/NUCLEO_F303K8/GCC_ARM/./motorControl.o
                0x00000000080008f8                motorOut(signed char, unsigned long)
 .text._Z9motorHomev
                0x00000000080009bc       0x1a ./BUILD/NUCLEO_F303K8/GCC_ARM/./motorControl.o
                0x00000000080009bc                motorHome()
 *fill*         0x00000000080009d6        0x2 
 .text._Z12setPWMPeriodi
                0x00000000080009d8       0x44 ./BUILD/NUCLEO_F303K8/GCC_ARM/./motorControl.o
                0x00000000080009d8                setPWMPeriod(int)
 .text._ZN4mbed6Ticker9attach_usENS_8CallbackIFvvEEEy
                0x0000000008000a1c       0x48 ./BUILD/NUCLEO_F303K8/GCC_ARM/./motorControl.o
                0x0000000008000a1c                mbed::Ticker::attach_us(mbed::Callback<void ()>, unsigned long long)
 .text._ZN4mbed8CallbackIFvvEE8generateIPS1_EEvRKT_
                0x0000000008000a64       0x20 ./BUILD/NUCLEO_F303K8/GCC_ARM/./motorControl.o
                0x0000000008000a64                void mbed::Callback<void ()>::generate<void (*)()>(void (* const&)())
 .text._Z7pinInitv
                0x0000000008000a84       0xa4 ./BUILD/NUCLEO_F303K8/GCC_ARM/./motorControl.o
                0x0000000008000a84                pinInit()
 .text._ZN4mbed6TickerC2Ev
                0x0000000008000b28       0x24 ./BUILD/NUCLEO_F303K8/GCC_ARM/./motorControl.o
                0x0000000008000b28                mbed::Ticker::Ticker()
                0x0000000008000b28                mbed::Ticker::Ticker()
 .text._Z11measureInitv
                0x0000000008000b4c       0x44 ./BUILD/NUCLEO_F303K8/GCC_ARM/./motorControl.o
                0x0000000008000b4c                measureInit()
 .text._Z8motorRunv
                0x0000000008000b90       0x44 ./BUILD/NUCLEO_F303K8/GCC_ARM/./motorControl.o
                0x0000000008000b90                motorRun()
 .text.startup._GLOBAL__sub_I_driveTable
                0x0000000008000bd4      0x108 ./BUILD/NUCLEO_F303K8/GCC_ARM/./motorControl.o
 .text._ZN6SHA25611computeHashEPhS0_m
                0x0000000008000cdc        0xc ./BUILD/NUCLEO_F303K8/GCC_ARM/Crypto/hash/SHA256.o
                0x0000000008000cdc                SHA256::computeHash(unsigned char*, unsigned char*, unsigned long)
 .text._ZL7revWordm
                0x0000000008000ce8        0x4 ./BUILD/NUCLEO_F303K8/GCC_ARM/Crypto/hash/SHA2_32.o
 .text._ZN7SHA2_3212computeBlockEPmS0_S0_S0_S0_S0_S0_S0_Ph
                0x0000000008000cec     0x1af4 ./BUILD/NUCLEO_F303K8/GCC_ARM/Crypto/hash/SHA2_32.o
                0x0000000008000cec                SHA2_32::computeBlock(unsigned long*, unsigned long*, unsigned long*, unsigned long*, unsigned long*, unsigned long*, unsigned long*, unsigned long*, unsigned char*)
 .text._ZN7SHA2_3211computeHashE11SHA_32_TYPEPhS1_m
                0x00000000080027e0      0x1a4 ./BUILD/NUCLEO_F303K8/GCC_ARM/Crypto/hash/SHA2_32.o
                0x00000000080027e0                SHA2_32::computeHash(SHA_32_TYPE, unsigned char*, unsigned char*, unsigned long)
 .text._ZN4mbed8CallbackIFvvEEaSERKS2_
                0x0000000008002984       0x24 ./BUILD/NUCLEO_F303K8/GCC_ARM/mbed-dev/drivers/CAN.o
                0x0000000008002984                mbed::Callback<void ()>::operator=(mbed::Callback<void ()> const&)
 .text._ZN4mbed8CallbackIFviEED2Ev
                0x00000000080029a8       0x10 ./BUILD/NUCLEO_F303K8/GCC_ARM/mbed-dev/drivers/I2C.o
                0x00000000080029a8                mbed::Callback<void (int)>::~Callback()
                0x00000000080029a8                mbed::Callback<void (int)>::~Callback()
 .text._ZN4mbed11InterruptInC2E7PinName
                0x00000000080029b8       0x64 ./BUILD/NUCLEO_F303K8/GCC_ARM/mbed-dev/drivers/InterruptIn.o
                0x00000000080029b8                mbed::InterruptIn::InterruptIn(PinName)
                0x00000000080029b8                mbed::InterruptIn::InterruptIn(PinName)
 .text._ZN4mbed11InterruptIncviEv
                0x0000000008002a1c       0x10 ./BUILD/NUCLEO_F303K8/GCC_ARM/mbed-dev/drivers/InterruptIn.o
                0x0000000008002a1c                mbed::InterruptIn::operator int()
 .text._ZN4mbed11InterruptInD2Ev
                0x0000000008002a2c       0x28 ./BUILD/NUCLEO_F303K8/GCC_ARM/mbed-dev/drivers/InterruptIn.o
                0x0000000008002a2c                mbed::InterruptIn::~InterruptIn()
                0x0000000008002a2c                mbed::InterruptIn::~InterruptIn()
 .text._ZN4mbed11InterruptInD0Ev
                0x0000000008002a54       0x12 ./BUILD/NUCLEO_F303K8/GCC_ARM/mbed-dev/drivers/InterruptIn.o
                0x0000000008002a54                mbed::InterruptIn::~InterruptIn()
 .text._ZN4mbed11InterruptIn4riseENS_8CallbackIFvvEEE
                0x0000000008002a66       0x4c ./BUILD/NUCLEO_F303K8/GCC_ARM/mbed-dev/drivers/InterruptIn.o
                0x0000000008002a66                mbed::InterruptIn::rise(mbed::Callback<void ()>)
 .text._ZN4mbed11InterruptIn4fallENS_8CallbackIFvvEEE
                0x0000000008002ab2       0x4c ./BUILD/NUCLEO_F303K8/GCC_ARM/mbed-dev/drivers/InterruptIn.o
                0x0000000008002ab2                mbed::InterruptIn::fall(mbed::Callback<void ()>)
 *fill*         0x0000000008002afe        0x2 
 .text._ZNK4mbed8CallbackIFvvEE4callEv
                0x0000000008002b00       0x28 ./BUILD/NUCLEO_F303K8/GCC_ARM/mbed-dev/drivers/InterruptIn.o
                0x0000000008002b00                mbed::Callback<void ()>::call() const
 .text._ZN4mbed11InterruptIn12_irq_handlerEm14gpio_irq_event
                0x0000000008002b28       0x24 ./BUILD/NUCLEO_F303K8/GCC_ARM/mbed-dev/drivers/InterruptIn.o
                0x0000000008002b28                mbed::InterruptIn::_irq_handler(unsigned long, gpio_irq_event)
 .text._ZN4mbed9RawSerial4lockEv
                0x0000000008002b4c        0x2 ./BUILD/NUCLEO_F303K8/GCC_ARM/mbed-dev/drivers/RawSerial.o
                0x0000000008002b4c                mbed::RawSerial::unlock()
                0x0000000008002b4c                mbed::RawSerial::lock()
 *fill*         0x0000000008002b4e        0x2 
 .text._ZN4mbed9RawSerialC2E7PinNameS1_i
                0x0000000008002b50       0x14 ./BUILD/NUCLEO_F303K8/GCC_ARM/mbed-dev/drivers/RawSerial.o
                0x0000000008002b50                mbed::RawSerial::RawSerial(PinName, PinName, int)
                0x0000000008002b50                mbed::RawSerial::RawSerial(PinName, PinName, int)
 .text._ZN4mbed9RawSerial4getcEv
                0x0000000008002b64       0x1e ./BUILD/NUCLEO_F303K8/GCC_ARM/mbed-dev/drivers/RawSerial.o
                0x0000000008002b64                mbed::RawSerial::getc()
 .text._ZN4mbed9RawSerial4putcEi
                0x0000000008002b82       0x22 ./BUILD/NUCLEO_F303K8/GCC_ARM/mbed-dev/drivers/RawSerial.o
                0x0000000008002b82                mbed::RawSerial::putc(int)
 .text._ZN4mbed9RawSerial4putsEPKc
                0x0000000008002ba4       0x2a ./BUILD/NUCLEO_F303K8/GCC_ARM/mbed-dev/drivers/RawSerial.o
                0x0000000008002ba4                mbed::RawSerial::puts(char const*)
 .text._ZN4mbed9RawSerial6printfEPKcz
                0x0000000008002bce       0x72 ./BUILD/NUCLEO_F303K8/GCC_ARM/mbed-dev/drivers/RawSerial.o
                0x0000000008002bce                mbed::RawSerial::printf(char const*, ...)
 .text._ZN4mbed14CircularBufferINS_11TransactionINS_3SPIEEELm2EmED2Ev
                0x0000000008002c40       0x1e ./BUILD/NUCLEO_F303K8/GCC_ARM/mbed-dev/drivers/SPI.o
                0x0000000008002c40                mbed::CircularBuffer<mbed::Transaction<mbed::SPI>, 2ul, unsigned long>::~CircularBuffer()
                0x0000000008002c40                mbed::CircularBuffer<mbed::Transaction<mbed::SPI>, 2ul, unsigned long>::~CircularBuffer()
 .text._ZN4mbed11TransactionINS_3SPIEEC2Ev
                0x0000000008002c5e       0x22 ./BUILD/NUCLEO_F303K8/GCC_ARM/mbed-dev/drivers/SPI.o
                0x0000000008002c5e                mbed::Transaction<mbed::SPI>::Transaction()
                0x0000000008002c5e                mbed::Transaction<mbed::SPI>::Transaction()
 .text.startup._GLOBAL__sub_I__ZN4mbed3SPI19_transaction_bufferE
                0x0000000008002c80       0x38 ./BUILD/NUCLEO_F303K8/GCC_ARM/mbed-dev/drivers/SPI.o
 .text._ZN4mbed10SerialBase4lockEv
                0x0000000008002cb8        0x2 ./BUILD/NUCLEO_F303K8/GCC_ARM/mbed-dev/drivers/SerialBase.o
                0x0000000008002cb8                mbed::SerialBase::unlock()
                0x0000000008002cb8                mbed::SerialBase::lock()
 *fill*         0x0000000008002cba        0x2 
 .text._ZN4mbed10SerialBase12_irq_handlerEm9SerialIrq
                0x0000000008002cbc       0x38 ./BUILD/NUCLEO_F303K8/GCC_ARM/mbed-dev/drivers/SerialBase.o
                0x0000000008002cbc                mbed::SerialBase::_irq_handler(unsigned long, SerialIrq)
 .text._ZN4mbed10SerialBase10_base_getcEv
                0x0000000008002cf4        0x6 ./BUILD/NUCLEO_F303K8/GCC_ARM/mbed-dev/drivers/SerialBase.o
                0x0000000008002cf4                mbed::SerialBase::_base_getc()
 .text._ZN4mbed10SerialBase10_base_putcEi
                0x0000000008002cfa        0xe ./BUILD/NUCLEO_F303K8/GCC_ARM/mbed-dev/drivers/SerialBase.o
                0x0000000008002cfa                mbed::SerialBase::_base_putc(int)
 .text._ZN4mbed10SerialBaseC2E7PinNameS1_i
                0x0000000008002d08       0x9c ./BUILD/NUCLEO_F303K8/GCC_ARM/mbed-dev/drivers/SerialBase.o
                0x0000000008002d08                mbed::SerialBase::SerialBase(PinName, PinName, int)
                0x0000000008002d08                mbed::SerialBase::SerialBase(PinName, PinName, int)
 .text._ZN4mbed10SerialBase6attachENS_8CallbackIFvvEEENS0_7IrqTypeE
                0x0000000008002da4       0x70 ./BUILD/NUCLEO_F303K8/GCC_ARM/mbed-dev/drivers/SerialBase.o
                0x0000000008002da4                mbed::SerialBase::attach(mbed::Callback<void ()>, mbed::SerialBase::IrqType)
 .text._ZN4mbed10SerialBaseD2Ev
                0x0000000008002e14       0x60 ./BUILD/NUCLEO_F303K8/GCC_ARM/mbed-dev/drivers/SerialBase.o
                0x0000000008002e14                mbed::SerialBase::~SerialBase()
                0x0000000008002e14                mbed::SerialBase::~SerialBase()
 .text._ZN4mbed10SerialBaseD0Ev
                0x0000000008002e74       0x12 ./BUILD/NUCLEO_F303K8/GCC_ARM/mbed-dev/drivers/SerialBase.o
                0x0000000008002e74                mbed::SerialBase::~SerialBase()
 .text._ZN4mbed6Ticker7handlerEv
                0x0000000008002e86       0x2e ./BUILD/NUCLEO_F303K8/GCC_ARM/mbed-dev/drivers/Ticker.o
                0x0000000008002e86                mbed::Ticker::handler()
 .text._ZN4mbed6Ticker5setupEy
                0x0000000008002eb4       0x30 ./BUILD/NUCLEO_F303K8/GCC_ARM/mbed-dev/drivers/Ticker.o
                0x0000000008002eb4                mbed::Ticker::setup(unsigned long long)
 .text._ZN4mbed6Ticker6detachEv
                0x0000000008002ee4       0x52 ./BUILD/NUCLEO_F303K8/GCC_ARM/mbed-dev/drivers/Ticker.o
                0x0000000008002ee4                mbed::Ticker::detach()
 .text._ZN4mbed10TimerEvent3irqEm
                0x0000000008002f36        0x6 ./BUILD/NUCLEO_F303K8/GCC_ARM/mbed-dev/drivers/TimerEvent.o
                0x0000000008002f36                mbed::TimerEvent::irq(unsigned long)
 .text._ZN4mbed10TimerEventC2Ev
                0x0000000008002f3c       0x30 ./BUILD/NUCLEO_F303K8/GCC_ARM/mbed-dev/drivers/TimerEvent.o
                0x0000000008002f3c                mbed::TimerEvent::TimerEvent()
                0x0000000008002f3c                mbed::TimerEvent::TimerEvent()
 .text._ZN4mbed10TimerEvent15insert_absoluteEy
                0x0000000008002f6c       0x14 ./BUILD/NUCLEO_F303K8/GCC_ARM/mbed-dev/drivers/TimerEvent.o
                0x0000000008002f6c                mbed::TimerEvent::insert_absolute(unsigned long long)
 .text._ZN4mbed10TimerEvent6removeEv
                0x0000000008002f80        0xa ./BUILD/NUCLEO_F303K8/GCC_ARM/mbed-dev/drivers/TimerEvent.o
                0x0000000008002f80                mbed::TimerEvent::remove()
 *fill*         0x0000000008002f8a        0x2 
 .text._ZN4mbed10TimerEventD2Ev
                0x0000000008002f8c       0x14 ./BUILD/NUCLEO_F303K8/GCC_ARM/mbed-dev/drivers/TimerEvent.o
                0x0000000008002f8c                mbed::TimerEvent::~TimerEvent()
                0x0000000008002f8c                mbed::TimerEvent::~TimerEvent()
 .text._gpio_init_in
                0x0000000008002fa0       0x26 ./BUILD/NUCLEO_F303K8/GCC_ARM/mbed-dev/hal/mbed_gpio.o
 .text._gpio_init_out.part.1
                0x0000000008002fc6       0x26 ./BUILD/NUCLEO_F303K8/GCC_ARM/mbed-dev/hal/mbed_gpio.o
 .text.gpio_init_in
                0x0000000008002fec        0x6 ./BUILD/NUCLEO_F303K8/GCC_ARM/mbed-dev/hal/mbed_gpio.o
                0x0000000008002fec                gpio_init_in
 .text.gpio_init_out_ex
                0x0000000008002ff2       0x20 ./BUILD/NUCLEO_F303K8/GCC_ARM/mbed-dev/hal/mbed_gpio.o
                0x0000000008002ff2                gpio_init_out_ex
 .text.gpio_init_out
                0x0000000008003012        0x6 ./BUILD/NUCLEO_F303K8/GCC_ARM/mbed-dev/hal/mbed_gpio.o
                0x0000000008003012                gpio_init_out
 .text.pinmap_pinout
                0x0000000008003018       0x3c ./BUILD/NUCLEO_F303K8/GCC_ARM/mbed-dev/hal/mbed_pinmap_common.o
                0x0000000008003018                pinmap_pinout
 .text.pinmap_merge
                0x0000000008003054       0x24 ./BUILD/NUCLEO_F303K8/GCC_ARM/mbed-dev/hal/mbed_pinmap_common.o
                0x0000000008003054                pinmap_merge
 .text.pinmap_find_peripheral
                0x0000000008003078       0x18 ./BUILD/NUCLEO_F303K8/GCC_ARM/mbed-dev/hal/mbed_pinmap_common.o
                0x0000000008003078                pinmap_find_peripheral
 .text.pinmap_peripheral
                0x0000000008003090       0x20 ./BUILD/NUCLEO_F303K8/GCC_ARM/mbed-dev/hal/mbed_pinmap_common.o
                0x0000000008003090                pinmap_peripheral
 .text.pinmap_find_function
                0x00000000080030b0       0x18 ./BUILD/NUCLEO_F303K8/GCC_ARM/mbed-dev/hal/mbed_pinmap_common.o
                0x00000000080030b0                pinmap_find_function
 .text.pinmap_function
                0x00000000080030c8       0x20 ./BUILD/NUCLEO_F303K8/GCC_ARM/mbed-dev/hal/mbed_pinmap_common.o
                0x00000000080030c8                pinmap_function
 .text.sleep_manager_lock_deep_sleep
                0x00000000080030e8       0x34 ./BUILD/NUCLEO_F303K8/GCC_ARM/mbed-dev/hal/mbed_sleep_manager.o
                0x00000000080030e8                sleep_manager_lock_deep_sleep
 .text.sleep_manager_unlock_deep_sleep
                0x000000000800311c       0x30 ./BUILD/NUCLEO_F303K8/GCC_ARM/mbed-dev/hal/mbed_sleep_manager.o
                0x000000000800311c                sleep_manager_unlock_deep_sleep
 .text.update_present_time
                0x000000000800314c       0xd0 ./BUILD/NUCLEO_F303K8/GCC_ARM/mbed-dev/hal/mbed_ticker_api.o
 .text._ticker_match_interval_passed
                0x000000000800321c       0x28 ./BUILD/NUCLEO_F303K8/GCC_ARM/mbed-dev/hal/mbed_ticker_api.o
                0x000000000800321c                _ticker_match_interval_passed
 .text.schedule_interrupt
                0x0000000008003244       0xdc ./BUILD/NUCLEO_F303K8/GCC_ARM/mbed-dev/hal/mbed_ticker_api.o
 .text.initialize
                0x0000000008003320       0xcc ./BUILD/NUCLEO_F303K8/GCC_ARM/mbed-dev/hal/mbed_ticker_api.o
 .text.ticker_set_handler
                0x00000000080033ec       0x1a ./BUILD/NUCLEO_F303K8/GCC_ARM/mbed-dev/hal/mbed_ticker_api.o
                0x00000000080033ec                ticker_set_handler
 .text.ticker_irq_handler
                0x0000000008003406       0x4c ./BUILD/NUCLEO_F303K8/GCC_ARM/mbed-dev/hal/mbed_ticker_api.o
                0x0000000008003406                ticker_irq_handler
 .text.ticker_insert_event_us
                0x0000000008003452       0x54 ./BUILD/NUCLEO_F303K8/GCC_ARM/mbed-dev/hal/mbed_ticker_api.o
                0x0000000008003452                ticker_insert_event_us
 .text.ticker_remove_event
                0x00000000080034a6       0x36 ./BUILD/NUCLEO_F303K8/GCC_ARM/mbed-dev/hal/mbed_ticker_api.o
                0x00000000080034a6                ticker_remove_event
 .text.ticker_read_us
                0x00000000080034dc       0x1e ./BUILD/NUCLEO_F303K8/GCC_ARM/mbed-dev/hal/mbed_ticker_api.o
                0x00000000080034dc                ticker_read_us
 .text.ticker_read
                0x00000000080034fa        0x8 ./BUILD/NUCLEO_F303K8/GCC_ARM/mbed-dev/hal/mbed_ticker_api.o
                0x00000000080034fa                ticker_read
 *fill*         0x0000000008003502        0x2 
 .text.get_us_ticker_data
                0x0000000008003504        0x8 ./BUILD/NUCLEO_F303K8/GCC_ARM/mbed-dev/hal/mbed_us_ticker_api.o
                0x0000000008003504                get_us_ticker_data
 .text.us_ticker_irq_handler
                0x000000000800350c       0x14 ./BUILD/NUCLEO_F303K8/GCC_ARM/mbed-dev/hal/mbed_us_ticker_api.o
                0x000000000800350c                us_ticker_irq_handler
 .text.__wrap__malloc_r
                0x0000000008003520        0x4 ./BUILD/NUCLEO_F303K8/GCC_ARM/mbed-dev/platform/mbed_alloc_wrappers.o
                0x0000000008003520                __wrap__malloc_r
 .text.__wrap__realloc_r
                0x0000000008003524        0x4 ./BUILD/NUCLEO_F303K8/GCC_ARM/mbed-dev/platform/mbed_alloc_wrappers.o
                0x0000000008003524                __wrap__realloc_r
 .text.__wrap__free_r
                0x0000000008003528        0x4 ./BUILD/NUCLEO_F303K8/GCC_ARM/mbed-dev/platform/mbed_alloc_wrappers.o
                0x0000000008003528                __wrap__free_r
 .text.mbed_assert_internal
                0x000000000800352c       0x24 ./BUILD/NUCLEO_F303K8/GCC_ARM/mbed-dev/platform/mbed_assert.o
                0x000000000800352c                mbed_assert_internal
 .text.mbed_die
                0x0000000008003550       0x52 ./BUILD/NUCLEO_F303K8/GCC_ARM/mbed-dev/platform/mbed_board.o
                0x0000000008003550                mbed_die
 *fill*         0x00000000080035a2        0x2 
 .text.mbed_error_vfprintf
                0x00000000080035a4       0x50 ./BUILD/NUCLEO_F303K8/GCC_ARM/mbed-dev/platform/mbed_board.o
                0x00000000080035a4                mbed_error_vfprintf
 .text.mbed_error_printf
                0x00000000080035f4       0x1a ./BUILD/NUCLEO_F303K8/GCC_ARM/mbed-dev/platform/mbed_board.o
                0x00000000080035f4                mbed_error_printf
 .text.core_util_are_interrupts_enabled
                0x000000000800360e        0xc ./BUILD/NUCLEO_F303K8/GCC_ARM/mbed-dev/platform/mbed_critical.o
                0x000000000800360e                core_util_are_interrupts_enabled
 *fill*         0x000000000800361a        0x2 
 .text.core_util_critical_section_enter
                0x000000000800361c       0x58 ./BUILD/NUCLEO_F303K8/GCC_ARM/mbed-dev/platform/mbed_critical.o
                0x000000000800361c                core_util_critical_section_enter
 .text.core_util_critical_section_exit
                0x0000000008003674       0x3c ./BUILD/NUCLEO_F303K8/GCC_ARM/mbed-dev/platform/mbed_critical.o
                0x0000000008003674                core_util_critical_section_exit
 .text.core_util_atomic_incr_u16
                0x00000000080036b0       0x1a ./BUILD/NUCLEO_F303K8/GCC_ARM/mbed-dev/platform/mbed_critical.o
                0x00000000080036b0                core_util_atomic_incr_u16
 .text.core_util_atomic_decr_u16
                0x00000000080036ca       0x1a ./BUILD/NUCLEO_F303K8/GCC_ARM/mbed-dev/platform/mbed_critical.o
                0x00000000080036ca                core_util_atomic_decr_u16
 .text.error    0x00000000080036e4       0x2c ./BUILD/NUCLEO_F303K8/GCC_ARM/mbed-dev/platform/mbed_error.o
                0x00000000080036e4                error
 .text._ZL11init_serialv
                0x0000000008003710       0x2c ./BUILD/NUCLEO_F303K8/GCC_ARM/mbed-dev/platform/mbed_retarget.o
 .text._close   0x000000000800373c       0x40 ./BUILD/NUCLEO_F303K8/GCC_ARM/mbed-dev/platform/mbed_retarget.o
                0x000000000800373c                _close
 .text._write   0x000000000800377c       0x64 ./BUILD/NUCLEO_F303K8/GCC_ARM/mbed-dev/platform/mbed_retarget.o
                0x000000000800377c                _write
 .text._read    0x00000000080037e0       0x58 ./BUILD/NUCLEO_F303K8/GCC_ARM/mbed-dev/platform/mbed_retarget.o
                0x00000000080037e0                _read
 .text._isatty  0x0000000008003838       0x3c ./BUILD/NUCLEO_F303K8/GCC_ARM/mbed-dev/platform/mbed_retarget.o
                0x0000000008003838                _isatty
 .text._lseek   0x0000000008003874       0x40 ./BUILD/NUCLEO_F303K8/GCC_ARM/mbed-dev/platform/mbed_retarget.o
                0x0000000008003874                _lseek
 .text._fstat   0x00000000080038b4       0x50 ./BUILD/NUCLEO_F303K8/GCC_ARM/mbed-dev/platform/mbed_retarget.o
                0x00000000080038b4                _fstat
 .text.__cxa_pure_virtual
                0x0000000008003904        0x8 ./BUILD/NUCLEO_F303K8/GCC_ARM/mbed-dev/platform/mbed_retarget.o
                0x0000000008003904                __cxa_pure_virtual
 .text._sbrk    0x000000000800390c       0x44 ./BUILD/NUCLEO_F303K8/GCC_ARM/mbed-dev/platform/mbed_retarget.o
                0x000000000800390c                _sbrk
 .text._exit    0x0000000008003950       0x24 ./BUILD/NUCLEO_F303K8/GCC_ARM/mbed-dev/platform/mbed_retarget.o
                0x0000000008003950                _exit
 .text.__aeabi_atexit
                0x0000000008003974        0x4 ./BUILD/NUCLEO_F303K8/GCC_ARM/mbed-dev/platform/mbed_retarget.o
                0x0000000008003974                __aeabi_atexit
 .text.__wrap_exit
                0x0000000008003978        0x6 ./BUILD/NUCLEO_F303K8/GCC_ARM/mbed-dev/platform/mbed_retarget.o
                0x0000000008003978                __wrap_exit
 .text.__wrap_atexit
                0x000000000800397e        0x4 ./BUILD/NUCLEO_F303K8/GCC_ARM/mbed-dev/platform/mbed_retarget.o
                0x000000000800397e                __wrap_atexit
 .text.__malloc_lock
                0x0000000008003982        0x8 ./BUILD/NUCLEO_F303K8/GCC_ARM/mbed-dev/platform/mbed_retarget.o
                0x0000000008003982                __malloc_lock
 .text.__malloc_unlock
                0x000000000800398a        0x8 ./BUILD/NUCLEO_F303K8/GCC_ARM/mbed-dev/platform/mbed_retarget.o
                0x000000000800398a                __malloc_unlock
 *fill*         0x0000000008003992        0x2 
 .text._Znaj    0x0000000008003994       0x18 ./BUILD/NUCLEO_F303K8/GCC_ARM/mbed-dev/platform/mbed_retarget.o
                0x0000000008003994                operator new[](unsigned int)
 .text._ZdlPv   0x00000000080039ac        0x4 ./BUILD/NUCLEO_F303K8/GCC_ARM/mbed-dev/platform/mbed_retarget.o
                0x00000000080039ac                operator delete(void*)
 .text._ZdaPv   0x00000000080039b0        0x4 ./BUILD/NUCLEO_F303K8/GCC_ARM/mbed-dev/platform/mbed_retarget.o
                0x00000000080039b0                operator delete[](void*)
 .text.us_ticker_get_info
                0x00000000080039b4        0x8 ./BUILD/NUCLEO_F303K8/GCC_ARM/mbed-dev/platform/mbed_retarget.o
                0x00000000080039b4                us_ticker_get_info
 .text.mbed_main
                0x00000000080039bc        0x2 ./BUILD/NUCLEO_F303K8/GCC_ARM/mbed-dev/platform/mbed_sdk_boot.o
                0x00000000080039bc                mbed_main
 *fill*         0x00000000080039be        0x2 
 .text.mbed_copy_nvic
                0x00000000080039c0       0x2c ./BUILD/NUCLEO_F303K8/GCC_ARM/mbed-dev/platform/mbed_sdk_boot.o
                0x00000000080039c0                mbed_copy_nvic
 .text.software_init_hook
                0x00000000080039ec       0x10 ./BUILD/NUCLEO_F303K8/GCC_ARM/mbed-dev/platform/mbed_sdk_boot.o
                0x00000000080039ec                software_init_hook
 .text.__wrap_main
                0x00000000080039fc        0xe ./BUILD/NUCLEO_F303K8/GCC_ARM/mbed-dev/platform/mbed_sdk_boot.o
                0x00000000080039fc                __wrap_main
 .text.wait_us  0x0000000008003a0a       0x1e ./BUILD/NUCLEO_F303K8/GCC_ARM/mbed-dev/platform/mbed_wait_api_no_rtos.o
                0x0000000008003a0a                wait_us
 .text.wait     0x0000000008003a28       0x1c ./BUILD/NUCLEO_F303K8/GCC_ARM/mbed-dev/platform/mbed_wait_api_no_rtos.o
                0x0000000008003a28                wait
 .text.wait_ms  0x0000000008003a44        0xa ./BUILD/NUCLEO_F303K8/GCC_ARM/mbed-dev/platform/mbed_wait_api_no_rtos.o
                0x0000000008003a44                wait_ms
 *fill*         0x0000000008003a4e        0x2 
 .text.SystemInit
                0x0000000008003a50       0x68 ./BUILD/NUCLEO_F303K8/GCC_ARM/mbed-dev/targets/TARGET_STM/TARGET_STM32F3/TARGET_STM32F303x8/TARGET_NUCLEO_F303K8/system_clock.o
                0x0000000008003a50                SystemInit
 .text.SetSysClock_PLL_HSI
                0x0000000008003ab8       0x4e ./BUILD/NUCLEO_F303K8/GCC_ARM/mbed-dev/targets/TARGET_STM/TARGET_STM32F3/TARGET_STM32F303x8/TARGET_NUCLEO_F303K8/system_clock.o
                0x0000000008003ab8                SetSysClock_PLL_HSI
 .text.SetSysClock
                0x0000000008003b06        0xc ./BUILD/NUCLEO_F303K8/GCC_ARM/mbed-dev/targets/TARGET_STM/TARGET_STM32F3/TARGET_STM32F303x8/TARGET_NUCLEO_F303K8/system_clock.o
                0x0000000008003b06                SetSysClock
 *fill*         0x0000000008003b12        0x2 
 .text.Reset_Handler
                0x0000000008003b14       0x34 ./BUILD/NUCLEO_F303K8/GCC_ARM/mbed-dev/targets/TARGET_STM/TARGET_STM32F3/TARGET_STM32F303x8/device/TOOLCHAIN_GCC_ARM/startup_stm32f303x8.o
                0x0000000008003b14                Reset_Handler
 .text.Default_Handler
                0x0000000008003b48        0x2 ./BUILD/NUCLEO_F303K8/GCC_ARM/mbed-dev/targets/TARGET_STM/TARGET_STM32F3/TARGET_STM32F303x8/device/TOOLCHAIN_GCC_ARM/startup_stm32f303x8.o
                0x0000000008003b48                RTC_Alarm_IRQHandler
                0x0000000008003b48                DebugMon_Handler
                0x0000000008003b48                TIM1_CC_IRQHandler
                0x0000000008003b48                HardFault_Handler
                0x0000000008003b48                PVD_IRQHandler
                0x0000000008003b48                TAMP_STAMP_IRQHandler
                0x0000000008003b48                NMI_Handler
                0x0000000008003b48                EXTI3_IRQHandler
                0x0000000008003b48                EXTI0_IRQHandler
                0x0000000008003b48                FPU_IRQHandler
                0x0000000008003b48                TIM1_UP_TIM16_IRQHandler
                0x0000000008003b48                UsageFault_Handler
                0x0000000008003b48                ADC1_2_IRQHandler
                0x0000000008003b48                SPI1_IRQHandler
                0x0000000008003b48                DMA1_Channel4_IRQHandler
                0x0000000008003b48                USART3_IRQHandler
                0x0000000008003b48                DMA1_Channel7_IRQHandler
                0x0000000008003b48                TIM7_DAC2_IRQHandler
                0x0000000008003b48                CAN_RX1_IRQHandler
                0x0000000008003b48                I2C1_EV_IRQHandler
                0x0000000008003b48                DMA1_Channel6_IRQHandler
                0x0000000008003b48                TIM3_IRQHandler
                0x0000000008003b48                RCC_IRQHandler
                0x0000000008003b48                DMA1_Channel1_IRQHandler
                0x0000000008003b48                Default_Handler
                0x0000000008003b48                EXTI15_10_IRQHandler
                0x0000000008003b48                COMP2_IRQHandler
                0x0000000008003b48                TIM6_DAC1_IRQHandler
                0x0000000008003b48                EXTI9_5_IRQHandler
                0x0000000008003b48                RTC_WKUP_IRQHandler
                0x0000000008003b48                MemManage_Handler
                0x0000000008003b48                DMA1_Channel5_IRQHandler
                0x0000000008003b48                EXTI4_IRQHandler
                0x0000000008003b48                TIM1_TRG_COM_TIM17_IRQHandler
                0x0000000008003b48                DMA1_Channel3_IRQHandler
                0x0000000008003b48                WWDG_IRQHandler
                0x0000000008003b48                TIM2_IRQHandler
                0x0000000008003b48                EXTI1_IRQHandler
                0x0000000008003b48                COMP4_6_IRQHandler
                0x0000000008003b48                USART2_IRQHandler
                0x0000000008003b48                DMA1_Channel2_IRQHandler
                0x0000000008003b48                FLASH_IRQHandler
                0x0000000008003b48                BusFault_Handler
                0x0000000008003b48                USART1_IRQHandler
                0x0000000008003b48                I2C1_ER_IRQHandler
                0x0000000008003b48                EXTI2_TSC_IRQHandler
                0x0000000008003b48                TIM1_BRK_TIM15_IRQHandler
 .text.HAL_MspInit
                0x0000000008003b4a        0x2 ./BUILD/NUCLEO_F303K8/GCC_ARM/mbed-dev/targets/TARGET_STM/TARGET_STM32F3/device/stm32f3xx_hal.o
                0x0000000008003b4a                HAL_MspInit
 .text.HAL_Init
                0x0000000008003b4c       0x24 ./BUILD/NUCLEO_F303K8/GCC_ARM/mbed-dev/targets/TARGET_STM/TARGET_STM32F3/device/stm32f3xx_hal.o
                0x0000000008003b4c                HAL_Init
 .text.HAL_IncTick
                0x0000000008003b70       0x10 ./BUILD/NUCLEO_F303K8/GCC_ARM/mbed-dev/targets/TARGET_STM/TARGET_STM32F3/device/stm32f3xx_hal.o
                0x0000000008003b70                HAL_IncTick
 .text.HAL_GetTick
                0x0000000008003b80        0xc ./BUILD/NUCLEO_F303K8/GCC_ARM/mbed-dev/targets/TARGET_STM/TARGET_STM32F3/device/stm32f3xx_hal.o
                0x0000000008003b80                HAL_GetTick
 .text.HAL_NVIC_SetPriorityGrouping
                0x0000000008003b8c       0x24 ./BUILD/NUCLEO_F303K8/GCC_ARM/mbed-dev/targets/TARGET_STM/TARGET_STM32F3/device/stm32f3xx_hal_cortex.o
                0x0000000008003b8c                HAL_NVIC_SetPriorityGrouping
 .text.HAL_RCC_OscConfig
                0x0000000008003bb0      0x4e4 ./BUILD/NUCLEO_F303K8/GCC_ARM/mbed-dev/targets/TARGET_STM/TARGET_STM32F3/device/stm32f3xx_hal_rcc.o
                0x0000000008003bb0                HAL_RCC_OscConfig
 .text.HAL_RCC_GetSysClockFreq
                0x0000000008004094       0x64 ./BUILD/NUCLEO_F303K8/GCC_ARM/mbed-dev/targets/TARGET_STM/TARGET_STM32F3/device/stm32f3xx_hal_rcc.o
                0x0000000008004094                HAL_RCC_GetSysClockFreq
 .text.HAL_RCC_ClockConfig
                0x00000000080040f8      0x180 ./BUILD/NUCLEO_F303K8/GCC_ARM/mbed-dev/targets/TARGET_STM/TARGET_STM32F3/device/stm32f3xx_hal_rcc.o
                0x00000000080040f8                HAL_RCC_ClockConfig
 .text.HAL_RCC_GetPCLK1Freq
                0x0000000008004278       0x30 ./BUILD/NUCLEO_F303K8/GCC_ARM/mbed-dev/targets/TARGET_STM/TARGET_STM32F3/device/stm32f3xx_hal_rcc.o
                0x0000000008004278                HAL_RCC_GetPCLK1Freq
 .text.HAL_RCC_GetPCLK2Freq
                0x00000000080042a8       0x30 ./BUILD/NUCLEO_F303K8/GCC_ARM/mbed-dev/targets/TARGET_STM/TARGET_STM32F3/device/stm32f3xx_hal_rcc.o
                0x00000000080042a8                HAL_RCC_GetPCLK2Freq
 .text.HAL_RCC_GetClockConfig
                0x00000000080042d8       0x3c ./BUILD/NUCLEO_F303K8/GCC_ARM/mbed-dev/targets/TARGET_STM/TARGET_STM32F3/device/stm32f3xx_hal_rcc.o
                0x00000000080042d8                HAL_RCC_GetClockConfig
 .text.HAL_TIM_OC_MspInit
                0x0000000008004314        0x2 ./BUILD/NUCLEO_F303K8/GCC_ARM/mbed-dev/targets/TARGET_STM/TARGET_STM32F3/device/stm32f3xx_hal_tim.o
                0x0000000008004314                HAL_TIM_OC_MspInit
 .text.HAL_TIM_PWM_MspInit
                0x0000000008004316        0x2 ./BUILD/NUCLEO_F303K8/GCC_ARM/mbed-dev/targets/TARGET_STM/TARGET_STM32F3/device/stm32f3xx_hal_tim.o
                0x0000000008004316                HAL_TIM_PWM_MspInit
 .text.TIM_Base_SetConfig
                0x0000000008004318       0x94 ./BUILD/NUCLEO_F303K8/GCC_ARM/mbed-dev/targets/TARGET_STM/TARGET_STM32F3/device/stm32f3xx_hal_tim.o
                0x0000000008004318                TIM_Base_SetConfig
 .text.HAL_TIM_OC_Init
                0x00000000080043ac       0x34 ./BUILD/NUCLEO_F303K8/GCC_ARM/mbed-dev/targets/TARGET_STM/TARGET_STM32F3/device/stm32f3xx_hal_tim.o
                0x00000000080043ac                HAL_TIM_OC_Init
 .text.HAL_TIM_PWM_Init
                0x00000000080043e0       0x34 ./BUILD/NUCLEO_F303K8/GCC_ARM/mbed-dev/targets/TARGET_STM/TARGET_STM32F3/device/stm32f3xx_hal_tim.o
                0x00000000080043e0                HAL_TIM_PWM_Init
 .text.TIM_OC1_SetConfig
                0x0000000008004414       0x88 ./BUILD/NUCLEO_F303K8/GCC_ARM/mbed-dev/targets/TARGET_STM/TARGET_STM32F3/device/stm32f3xx_hal_tim.o
                0x0000000008004414                TIM_OC1_SetConfig
 .text.TIM_OC2_SetConfig
                0x000000000800449c       0x78 ./BUILD/NUCLEO_F303K8/GCC_ARM/mbed-dev/targets/TARGET_STM/TARGET_STM32F3/device/stm32f3xx_hal_tim.o
                0x000000000800449c                TIM_OC2_SetConfig
 .text.TIM_OC3_SetConfig
                0x0000000008004514       0x78 ./BUILD/NUCLEO_F303K8/GCC_ARM/mbed-dev/targets/TARGET_STM/TARGET_STM32F3/device/stm32f3xx_hal_tim.o
                0x0000000008004514                TIM_OC3_SetConfig
 .text.TIM_OC4_SetConfig
                0x000000000800458c       0x60 ./BUILD/NUCLEO_F303K8/GCC_ARM/mbed-dev/targets/TARGET_STM/TARGET_STM32F3/device/stm32f3xx_hal_tim.o
                0x000000000800458c                TIM_OC4_SetConfig
 .text.TIM_CCxChannelCmd
                0x00000000080045ec       0x18 ./BUILD/NUCLEO_F303K8/GCC_ARM/mbed-dev/targets/TARGET_STM/TARGET_STM32F3/device/stm32f3xx_hal_tim.o
                0x00000000080045ec                TIM_CCxChannelCmd
 .text.HAL_TIM_OC_Start
                0x0000000008004604       0x44 ./BUILD/NUCLEO_F303K8/GCC_ARM/mbed-dev/targets/TARGET_STM/TARGET_STM32F3/device/stm32f3xx_hal_tim.o
                0x0000000008004604                HAL_TIM_OC_Start
 .text.HAL_TIM_PWM_Start
                0x0000000008004648        0x4 ./BUILD/NUCLEO_F303K8/GCC_ARM/mbed-dev/targets/TARGET_STM/TARGET_STM32F3/device/stm32f3xx_hal_tim.o
                0x0000000008004648                HAL_TIM_PWM_Start
 .text.TIM_CCxNChannelCmd
                0x000000000800464c       0x18 ./BUILD/NUCLEO_F303K8/GCC_ARM/mbed-dev/targets/TARGET_STM/TARGET_STM32F3/device/stm32f3xx_hal_tim_ex.o
 .text.TIM_OC5_SetConfig
                0x0000000008004664       0x60 ./BUILD/NUCLEO_F303K8/GCC_ARM/mbed-dev/targets/TARGET_STM/TARGET_STM32F3/device/stm32f3xx_hal_tim_ex.o
 .text.TIM_OC6_SetConfig
                0x00000000080046c4       0x60 ./BUILD/NUCLEO_F303K8/GCC_ARM/mbed-dev/targets/TARGET_STM/TARGET_STM32F3/device/stm32f3xx_hal_tim_ex.o
 .text.HAL_TIMEx_OCN_Start
                0x0000000008004724       0x22 ./BUILD/NUCLEO_F303K8/GCC_ARM/mbed-dev/targets/TARGET_STM/TARGET_STM32F3/device/stm32f3xx_hal_tim_ex.o
                0x0000000008004724                HAL_TIMEx_OCN_Start
 .text.HAL_TIMEx_PWMN_Start
                0x0000000008004746        0x4 ./BUILD/NUCLEO_F303K8/GCC_ARM/mbed-dev/targets/TARGET_STM/TARGET_STM32F3/device/stm32f3xx_hal_tim_ex.o
                0x0000000008004746                HAL_TIMEx_PWMN_Start
 .text.HAL_TIM_PWM_ConfigChannel
                0x000000000800474a      0x10e ./BUILD/NUCLEO_F303K8/GCC_ARM/mbed-dev/targets/TARGET_STM/TARGET_STM32F3/device/stm32f3xx_hal_tim_ex.o
                0x000000000800474a                HAL_TIM_PWM_ConfigChannel
 .text.HAL_UART_MspInit
                0x0000000008004858        0x2 ./BUILD/NUCLEO_F303K8/GCC_ARM/mbed-dev/targets/TARGET_STM/TARGET_STM32F3/device/stm32f3xx_hal_uart.o
                0x0000000008004858                HAL_UART_MspInit
 *fill*         0x000000000800485a        0x2 
 .text.UART_SetConfig
                0x000000000800485c      0x140 ./BUILD/NUCLEO_F303K8/GCC_ARM/mbed-dev/targets/TARGET_STM/TARGET_STM32F3/device/stm32f3xx_hal_uart.o
                0x000000000800485c                UART_SetConfig
 .text.UART_AdvFeatureConfig
                0x000000000800499c       0xa8 ./BUILD/NUCLEO_F303K8/GCC_ARM/mbed-dev/targets/TARGET_STM/TARGET_STM32F3/device/stm32f3xx_hal_uart.o
                0x000000000800499c                UART_AdvFeatureConfig
 .text.UART_WaitOnFlagUntilTimeout
                0x0000000008004a44       0x60 ./BUILD/NUCLEO_F303K8/GCC_ARM/mbed-dev/targets/TARGET_STM/TARGET_STM32F3/device/stm32f3xx_hal_uart.o
                0x0000000008004a44                UART_WaitOnFlagUntilTimeout
 .text.UART_CheckIdleState
                0x0000000008004aa4       0x64 ./BUILD/NUCLEO_F303K8/GCC_ARM/mbed-dev/targets/TARGET_STM/TARGET_STM32F3/device/stm32f3xx_hal_uart.o
                0x0000000008004aa4                UART_CheckIdleState
 .text.HAL_UART_Init
                0x0000000008004b08       0x64 ./BUILD/NUCLEO_F303K8/GCC_ARM/mbed-dev/targets/TARGET_STM/TARGET_STM32F3/device/stm32f3xx_hal_uart.o
                0x0000000008004b08                HAL_UART_Init
 .text.SystemCoreClockUpdate
                0x0000000008004b6c       0x64 ./BUILD/NUCLEO_F303K8/GCC_ARM/mbed-dev/targets/TARGET_STM/TARGET_STM32F3/device/system_stm32f3xx.o
                0x0000000008004b6c                SystemCoreClockUpdate
 .text.uart_irq
                0x0000000008004bd0       0x74 ./BUILD/NUCLEO_F303K8/GCC_ARM/mbed-dev/targets/TARGET_STM/TARGET_STM32F3/serial_device.o
 .text.uart3_irq
                0x0000000008004c44        0xc ./BUILD/NUCLEO_F303K8/GCC_ARM/mbed-dev/targets/TARGET_STM/TARGET_STM32F3/serial_device.o
 .text.uart2_irq
                0x0000000008004c50        0xc ./BUILD/NUCLEO_F303K8/GCC_ARM/mbed-dev/targets/TARGET_STM/TARGET_STM32F3/serial_device.o
 .text.uart1_irq
                0x0000000008004c5c        0xc ./BUILD/NUCLEO_F303K8/GCC_ARM/mbed-dev/targets/TARGET_STM/TARGET_STM32F3/serial_device.o
 .text.serial_irq_handler
                0x0000000008004c68       0x18 ./BUILD/NUCLEO_F303K8/GCC_ARM/mbed-dev/targets/TARGET_STM/TARGET_STM32F3/serial_device.o
                0x0000000008004c68                serial_irq_handler
 .text.serial_irq_set
                0x0000000008004c80       0xc4 ./BUILD/NUCLEO_F303K8/GCC_ARM/mbed-dev/targets/TARGET_STM/TARGET_STM32F3/serial_device.o
                0x0000000008004c80                serial_irq_set
 .text.serial_getc
                0x0000000008004d44       0x2c ./BUILD/NUCLEO_F303K8/GCC_ARM/mbed-dev/targets/TARGET_STM/TARGET_STM32F3/serial_device.o
                0x0000000008004d44                serial_getc
 .text.serial_putc
                0x0000000008004d70       0x30 ./BUILD/NUCLEO_F303K8/GCC_ARM/mbed-dev/targets/TARGET_STM/TARGET_STM32F3/serial_device.o
                0x0000000008004d70                serial_putc
 .text.CAN_RX0_IRQHandler
                0x0000000008004da0       0xf0 ./BUILD/NUCLEO_F303K8/GCC_ARM/mbed-dev/targets/TARGET_STM/can_api.o
                0x0000000008004da0                CAN_RX0_IRQHandler
 .text.CAN_TX_IRQHandler
                0x0000000008004e90        0x4 ./BUILD/NUCLEO_F303K8/GCC_ARM/mbed-dev/targets/TARGET_STM/can_api.o
                0x0000000008004e90                CAN_TX_IRQHandler
 .text.CAN_SCE_IRQHandler
                0x0000000008004e94        0x4 ./BUILD/NUCLEO_F303K8/GCC_ARM/mbed-dev/targets/TARGET_STM/can_api.o
                0x0000000008004e94                CAN_SCE_IRQHandler
 .text.Set_GPIO_Clock
                0x0000000008004e98       0xb0 ./BUILD/NUCLEO_F303K8/GCC_ARM/mbed-dev/targets/TARGET_STM/gpio_api.o
                0x0000000008004e98                Set_GPIO_Clock
 .text.gpio_set
                0x0000000008004f48       0x2c ./BUILD/NUCLEO_F303K8/GCC_ARM/mbed-dev/targets/TARGET_STM/gpio_api.o
                0x0000000008004f48                gpio_set
 .text.gpio_init
                0x0000000008004f74       0x44 ./BUILD/NUCLEO_F303K8/GCC_ARM/mbed-dev/targets/TARGET_STM/gpio_api.o
                0x0000000008004f74                gpio_init
 .text.gpio_mode
                0x0000000008004fb8        0x8 ./BUILD/NUCLEO_F303K8/GCC_ARM/mbed-dev/targets/TARGET_STM/gpio_api.o
                0x0000000008004fb8                gpio_mode
 .text.gpio_dir
                0x0000000008004fc0       0x52 ./BUILD/NUCLEO_F303K8/GCC_ARM/mbed-dev/targets/TARGET_STM/gpio_api.o
                0x0000000008004fc0                gpio_dir
 *fill*         0x0000000008005012        0x2 
 .text.handle_interrupt_in
                0x0000000008005014       0x7c ./BUILD/NUCLEO_F303K8/GCC_ARM/mbed-dev/targets/TARGET_STM/gpio_irq_api.o
 .text.gpio_irq6
                0x0000000008005090        0x8 ./BUILD/NUCLEO_F303K8/GCC_ARM/mbed-dev/targets/TARGET_STM/gpio_irq_api.o
 .text.gpio_irq5
                0x0000000008005098        0x8 ./BUILD/NUCLEO_F303K8/GCC_ARM/mbed-dev/targets/TARGET_STM/gpio_irq_api.o
 .text.gpio_irq4
                0x00000000080050a0        0x8 ./BUILD/NUCLEO_F303K8/GCC_ARM/mbed-dev/targets/TARGET_STM/gpio_irq_api.o
 .text.gpio_irq3
                0x00000000080050a8        0x8 ./BUILD/NUCLEO_F303K8/GCC_ARM/mbed-dev/targets/TARGET_STM/gpio_irq_api.o
 .text.gpio_irq2
                0x00000000080050b0        0x8 ./BUILD/NUCLEO_F303K8/GCC_ARM/mbed-dev/targets/TARGET_STM/gpio_irq_api.o
 .text.gpio_irq1
                0x00000000080050b8        0x8 ./BUILD/NUCLEO_F303K8/GCC_ARM/mbed-dev/targets/TARGET_STM/gpio_irq_api.o
 .text.gpio_irq0
                0x00000000080050c0        0x8 ./BUILD/NUCLEO_F303K8/GCC_ARM/mbed-dev/targets/TARGET_STM/gpio_irq_api.o
 .text.gpio_irq_set
                0x00000000080050c8       0x64 ./BUILD/NUCLEO_F303K8/GCC_ARM/mbed-dev/targets/TARGET_STM/gpio_irq_api.o
                0x00000000080050c8                gpio_irq_set
 .text.gpio_irq_enable
                0x000000000800512c       0x78 ./BUILD/NUCLEO_F303K8/GCC_ARM/mbed-dev/targets/TARGET_STM/gpio_irq_api.o
                0x000000000800512c                gpio_irq_enable
 .text.gpio_irq_init
                0x00000000080051a4      0x114 ./BUILD/NUCLEO_F303K8/GCC_ARM/mbed-dev/targets/TARGET_STM/gpio_irq_api.o
                0x00000000080051a4                gpio_irq_init
 .text.gpio_irq_disable
                0x00000000080052b8       0x6c ./BUILD/NUCLEO_F303K8/GCC_ARM/mbed-dev/targets/TARGET_STM/gpio_irq_api.o
                0x00000000080052b8                gpio_irq_disable
 .text.gpio_irq_free
                0x0000000008005324       0x54 ./BUILD/NUCLEO_F303K8/GCC_ARM/mbed-dev/targets/TARGET_STM/gpio_irq_api.o
                0x0000000008005324                gpio_irq_free
 .text.timer_irq_handler
                0x0000000008005378       0x58 ./BUILD/NUCLEO_F303K8/GCC_ARM/mbed-dev/targets/TARGET_STM/hal_tick_32b.o
                0x0000000008005378                timer_irq_handler
 .text.HAL_InitTick
                0x00000000080053d0       0xc4 ./BUILD/NUCLEO_F303K8/GCC_ARM/mbed-dev/targets/TARGET_STM/hal_tick_32b.o
                0x00000000080053d0                HAL_InitTick
 .text.mbed_sdk_init
                0x0000000008005494       0x16 ./BUILD/NUCLEO_F303K8/GCC_ARM/mbed-dev/targets/TARGET_STM/mbed_overrides.o
                0x0000000008005494                mbed_sdk_init
 .text.LL_GPIO_SetPinPull
                0x00000000080054aa       0x2c ./BUILD/NUCLEO_F303K8/GCC_ARM/mbed-dev/targets/TARGET_STM/pinmap.o
 .text.stm_pin_PullConfig
                0x00000000080054d6        0xe ./BUILD/NUCLEO_F303K8/GCC_ARM/mbed-dev/targets/TARGET_STM/pinmap.o
 .text.pin_function
                0x00000000080054e4      0x130 ./BUILD/NUCLEO_F303K8/GCC_ARM/mbed-dev/targets/TARGET_STM/pinmap.o
                0x00000000080054e4                pin_function
 .text.pin_mode
                0x0000000008005614       0x94 ./BUILD/NUCLEO_F303K8/GCC_ARM/mbed-dev/targets/TARGET_STM/pinmap.o
                0x0000000008005614                pin_mode
 .text.pwmout_write
                0x00000000080056a8       0xb4 ./BUILD/NUCLEO_F303K8/GCC_ARM/mbed-dev/targets/TARGET_STM/pwmout_api.o
                0x00000000080056a8                pwmout_write
 .text.pwmout_read
                0x000000000800575c       0x3c ./BUILD/NUCLEO_F303K8/GCC_ARM/mbed-dev/targets/TARGET_STM/pwmout_api.o
                0x000000000800575c                pwmout_read
 .text.pwmout_period_us
                0x0000000008005798      0x144 ./BUILD/NUCLEO_F303K8/GCC_ARM/mbed-dev/targets/TARGET_STM/pwmout_api.o
                0x0000000008005798                pwmout_period_us
 .text.pwmout_init
                0x00000000080058dc      0x138 ./BUILD/NUCLEO_F303K8/GCC_ARM/mbed-dev/targets/TARGET_STM/pwmout_api.o
                0x00000000080058dc                pwmout_init
 .text.pwmout_pulsewidth_us
                0x0000000008005a14       0x1c ./BUILD/NUCLEO_F303K8/GCC_ARM/mbed-dev/targets/TARGET_STM/pwmout_api.o
                0x0000000008005a14                pwmout_pulsewidth_us
 .text.debug.constprop.1
                0x0000000008005a30       0x28 ./BUILD/NUCLEO_F303K8/GCC_ARM/mbed-dev/targets/TARGET_STM/serial_api.o
 .text.serial_readable
                0x0000000008005a58       0x20 ./BUILD/NUCLEO_F303K8/GCC_ARM/mbed-dev/targets/TARGET_STM/serial_api.o
                0x0000000008005a58                serial_readable
 .text.serial_writable
                0x0000000008005a78       0x18 ./BUILD/NUCLEO_F303K8/GCC_ARM/mbed-dev/targets/TARGET_STM/serial_api.o
                0x0000000008005a78                serial_writable
 .text.init_uart
                0x0000000008005a90       0x60 ./BUILD/NUCLEO_F303K8/GCC_ARM/mbed-dev/targets/TARGET_STM/serial_api.o
                0x0000000008005a90                init_uart
 .text.serial_baud
                0x0000000008005af0       0x20 ./BUILD/NUCLEO_F303K8/GCC_ARM/mbed-dev/targets/TARGET_STM/serial_api.o
                0x0000000008005af0                serial_baud
 .text.get_uart_index
                0x0000000008005b10       0x2c ./BUILD/NUCLEO_F303K8/GCC_ARM/mbed-dev/targets/TARGET_STM/serial_api.o
                0x0000000008005b10                get_uart_index
 .text.serial_init
                0x0000000008005b3c      0x180 ./BUILD/NUCLEO_F303K8/GCC_ARM/mbed-dev/targets/TARGET_STM/serial_api.o
                0x0000000008005b3c                serial_init
 .text.us_ticker_init
                0x0000000008005cbc        0x2 ./BUILD/NUCLEO_F303K8/GCC_ARM/mbed-dev/targets/TARGET_STM/us_ticker_32b.o
                0x0000000008005cbc                us_ticker_init
 .text.us_ticker_read
                0x0000000008005cbe        0x8 ./BUILD/NUCLEO_F303K8/GCC_ARM/mbed-dev/targets/TARGET_STM/us_ticker_32b.o
                0x0000000008005cbe                us_ticker_read
 *fill*         0x0000000008005cc6        0x2 
 .text.us_ticker_set_interrupt
                0x0000000008005cc8       0x1c ./BUILD/NUCLEO_F303K8/GCC_ARM/mbed-dev/targets/TARGET_STM/us_ticker_32b.o
                0x0000000008005cc8                us_ticker_set_interrupt
 .text.us_ticker_fire_interrupt
                0x0000000008005ce4       0x14 ./BUILD/NUCLEO_F303K8/GCC_ARM/mbed-dev/targets/TARGET_STM/us_ticker_32b.o
                0x0000000008005ce4                us_ticker_fire_interrupt
 .text.us_ticker_disable_interrupt
                0x0000000008005cf8       0x14 ./BUILD/NUCLEO_F303K8/GCC_ARM/mbed-dev/targets/TARGET_STM/us_ticker_32b.o
                0x0000000008005cf8                us_ticker_disable_interrupt
 .text.us_ticker_clear_interrupt
                0x0000000008005d0c       0x10 ./BUILD/NUCLEO_F303K8/GCC_ARM/mbed-dev/targets/TARGET_STM/us_ticker_32b.o
                0x0000000008005d0c                us_ticker_clear_interrupt
 .text._ZN4rtos5MutexC2Ev
                0x0000000008005d1c       0x30 ./BUILD/NUCLEO_F303K8/GCC_ARM/mbed-rtos/rtos/Mutex.o
                0x0000000008005d1c                rtos::Mutex::Mutex()
                0x0000000008005d1c                rtos::Mutex::Mutex()
 .text._ZN4rtos5Mutex4lockEm
                0x0000000008005d4c        0x6 ./BUILD/NUCLEO_F303K8/GCC_ARM/mbed-rtos/rtos/Mutex.o
                0x0000000008005d4c                rtos::Mutex::lock(unsigned long)
 .text._ZN4rtos5Mutex6unlockEv
                0x0000000008005d52        0x6 ./BUILD/NUCLEO_F303K8/GCC_ARM/mbed-rtos/rtos/Mutex.o
                0x0000000008005d52                rtos::Mutex::unlock()
 .text._ZN4rtos5MutexD2Ev
                0x0000000008005d58        0xe ./BUILD/NUCLEO_F303K8/GCC_ARM/mbed-rtos/rtos/Mutex.o
                0x0000000008005d58                rtos::Mutex::~Mutex()
                0x0000000008005d58                rtos::Mutex::~Mutex()
 .text._ZN4rtos9SemaphoreC2El
                0x0000000008005d66       0x26 ./BUILD/NUCLEO_F303K8/GCC_ARM/mbed-rtos/rtos/Semaphore.o
                0x0000000008005d66                rtos::Semaphore::Semaphore(long)
                0x0000000008005d66                rtos::Semaphore::Semaphore(long)
 .text._ZN4rtos9Semaphore7releaseEv
                0x0000000008005d8c        0x6 ./BUILD/NUCLEO_F303K8/GCC_ARM/mbed-rtos/rtos/Semaphore.o
                0x0000000008005d8c                rtos::Semaphore::release()
 .text._ZN4rtos9SemaphoreD2Ev
                0x0000000008005d92        0xe ./BUILD/NUCLEO_F303K8/GCC_ARM/mbed-rtos/rtos/Semaphore.o
                0x0000000008005d92                rtos::Semaphore::~Semaphore()
                0x0000000008005d92                rtos::Semaphore::~Semaphore()
 .text._ZN4rtos6Thread6_thunkEPKv
                0x0000000008005da0       0x44 ./BUILD/NUCLEO_F303K8/GCC_ARM/mbed-rtos/rtos/Thread.o
                0x0000000008005da0                rtos::Thread::_thunk(void const*)
 .text.thread_terminate_hook
                0x0000000008005de4       0x10 ./BUILD/NUCLEO_F303K8/GCC_ARM/mbed-rtos/rtos/Thread.o
                0x0000000008005de4                thread_terminate_hook
 .text._ZN4rtos6Thread11constructorE10osPrioritymPh
                0x0000000008005df4       0x18 ./BUILD/NUCLEO_F303K8/GCC_ARM/mbed-rtos/rtos/Thread.o
                0x0000000008005df4                rtos::Thread::constructor(osPriority, unsigned long, unsigned char*)
 .text._ZN4rtos6Thread9terminateEv
                0x0000000008005e0c       0x32 ./BUILD/NUCLEO_F303K8/GCC_ARM/mbed-rtos/rtos/Thread.o
                0x0000000008005e0c                rtos::Thread::terminate()
 *fill*         0x0000000008005e3e        0x2 
 .text._ZN4rtos6ThreadD2Ev
                0x0000000008005e40       0x3c ./BUILD/NUCLEO_F303K8/GCC_ARM/mbed-rtos/rtos/Thread.o
                0x0000000008005e40                rtos::Thread::~Thread()
                0x0000000008005e40                rtos::Thread::~Thread()
 .text._ZN4rtos6ThreadD0Ev
                0x0000000008005e7c       0x12 ./BUILD/NUCLEO_F303K8/GCC_ARM/mbed-rtos/rtos/Thread.o
                0x0000000008005e7c                rtos::Thread::~Thread()
 *fill*         0x0000000008005e8e        0x2 
 .text._ZN4rtos6Thread5startEN4mbed8CallbackIFvvEEE
                0x0000000008005e90       0xc8 ./BUILD/NUCLEO_F303K8/GCC_ARM/mbed-rtos/rtos/Thread.o
                0x0000000008005e90                rtos::Thread::start(mbed::Callback<void ()>)
 .text.default_idle_hook
                0x0000000008005f58        0x2 ./BUILD/NUCLEO_F303K8/GCC_ARM/mbed-rtos/rtos/rtos_idle.o
 *fill*         0x0000000008005f5a        0x2 
 .text.rtos_idle_loop
                0x0000000008005f5c       0x10 ./BUILD/NUCLEO_F303K8/GCC_ARM/mbed-rtos/rtos/rtos_idle.o
                0x0000000008005f5c                rtos_idle_loop
 .text.rt_init_stack
                0x0000000008005f6c       0x9c ./BUILD/NUCLEO_F303K8/GCC_ARM/mbed-rtos/rtx/TARGET_CORTEX_M/HAL_CM.o
                0x0000000008005f6c                rt_init_stack
 .text.rt_ret_val
                0x0000000008006008       0x12 ./BUILD/NUCLEO_F303K8/GCC_ARM/mbed-rtos/rtx/TARGET_CORTEX_M/HAL_CM.o
                0x0000000008006008                rt_ret_val
 .text.rt_ret_val2
                0x000000000800601a       0x14 ./BUILD/NUCLEO_F303K8/GCC_ARM/mbed-rtos/rtx/TARGET_CORTEX_M/HAL_CM.o
                0x000000000800601a                rt_ret_val2
 *fill*         0x000000000800602e        0x2 
 .text.pre_main
                0x0000000008006030       0x48 ./BUILD/NUCLEO_F303K8/GCC_ARM/mbed-rtos/rtx/TARGET_CORTEX_M/RTX_Conf_CM.o
                0x0000000008006030                pre_main
 .text.os_idle_demon
                0x0000000008006078        0x4 ./BUILD/NUCLEO_F303K8/GCC_ARM/mbed-rtos/rtx/TARGET_CORTEX_M/RTX_Conf_CM.o
                0x0000000008006078                os_idle_demon
 .text.os_error
                0x000000000800607c       0x1c ./BUILD/NUCLEO_F303K8/GCC_ARM/mbed-rtos/rtx/TARGET_CORTEX_M/RTX_Conf_CM.o
                0x000000000800607c                os_error
 .text.sysThreadTerminate
                0x0000000008006098        0x4 ./BUILD/NUCLEO_F303K8/GCC_ARM/mbed-rtos/rtx/TARGET_CORTEX_M/RTX_Conf_CM.o
                0x0000000008006098                sysThreadTerminate
 .text.set_main_stack
                0x000000000800609c       0x1c ./BUILD/NUCLEO_F303K8/GCC_ARM/mbed-rtos/rtx/TARGET_CORTEX_M/RTX_Conf_CM.o
                0x000000000800609c                set_main_stack
 .text.software_init_hook_rtos
                0x00000000080060b8       0x1c ./BUILD/NUCLEO_F303K8/GCC_ARM/mbed-rtos/rtx/TARGET_CORTEX_M/RTX_Conf_CM.o
                0x00000000080060b8                software_init_hook_rtos
 .text.__rtos_malloc_lock
                0x00000000080060d4       0x10 ./BUILD/NUCLEO_F303K8/GCC_ARM/mbed-rtos/rtx/TARGET_CORTEX_M/RTX_Conf_CM.o
                0x00000000080060d4                __rtos_malloc_lock
 .text.__rtos_malloc_unlock
                0x00000000080060e4        0xc ./BUILD/NUCLEO_F303K8/GCC_ARM/mbed-rtos/rtx/TARGET_CORTEX_M/RTX_Conf_CM.o
                0x00000000080060e4                __rtos_malloc_unlock
 .text          0x00000000080060f0      0x198 ./BUILD/NUCLEO_F303K8/GCC_ARM/mbed-rtos/rtx/TARGET_CORTEX_M/TARGET_RTOS_M4_M7/TOOLCHAIN_GCC/HAL_CM4.o
                0x00000000080060f0                rt_set_PSP
                0x00000000080060f6                rt_get_PSP
                0x00000000080060fc                os_set_env
                0x0000000008006114                _alloc_box
                0x0000000008006130                _free_box
                0x000000000800614c                SVC_Handler
                0x00000000080061f2                PendSV_Handler
                0x00000000080061f8                Sys_Switch
                0x0000000008006252                SysTick_Handler
                0x000000000800625c                OS_Tick_Handler
 .text.rt_timer_insert
                0x0000000008006288       0x34 ./BUILD/NUCLEO_F303K8/GCC_ARM/mbed-rtos/rtx/TARGET_CORTEX_M/rt_CMSIS.o
 .text.rt_ms2tick
                0x00000000080062bc       0x40 ./BUILD/NUCLEO_F303K8/GCC_ARM/mbed-rtos/rtx/TARGET_CORTEX_M/rt_CMSIS.o
 .text.rt_tid2ptcb
                0x00000000080062fc       0x14 ./BUILD/NUCLEO_F303K8/GCC_ARM/mbed-rtos/rtx/TARGET_CORTEX_M/rt_CMSIS.o
                0x00000000080062fc                rt_tid2ptcb
 .text.svcKernelStart
                0x0000000008006310       0x40 ./BUILD/NUCLEO_F303K8/GCC_ARM/mbed-rtos/rtx/TARGET_CORTEX_M/rt_CMSIS.o
                0x0000000008006310                svcKernelStart
 .text.svcKernelRunning
                0x0000000008006350        0xc ./BUILD/NUCLEO_F303K8/GCC_ARM/mbed-rtos/rtx/TARGET_CORTEX_M/rt_CMSIS.o
                0x0000000008006350                svcKernelRunning
 .text.osKernelRunning
                0x000000000800635c       0x2c ./BUILD/NUCLEO_F303K8/GCC_ARM/mbed-rtos/rtx/TARGET_CORTEX_M/rt_CMSIS.o
                0x000000000800635c                osKernelRunning
 .text.osKernelStart
                0x0000000008006388       0x88 ./BUILD/NUCLEO_F303K8/GCC_ARM/mbed-rtos/rtx/TARGET_CORTEX_M/rt_CMSIS.o
                0x0000000008006388                osKernelStart
 .text.svcThreadCreate
                0x0000000008006410       0x6c ./BUILD/NUCLEO_F303K8/GCC_ARM/mbed-rtos/rtx/TARGET_CORTEX_M/rt_CMSIS.o
                0x0000000008006410                svcThreadCreate
 .text.svcThreadGetId
                0x000000000800647c       0x18 ./BUILD/NUCLEO_F303K8/GCC_ARM/mbed-rtos/rtx/TARGET_CORTEX_M/rt_CMSIS.o
                0x000000000800647c                svcThreadGetId
 .text.svcThreadTerminate
                0x0000000008006494       0x30 ./BUILD/NUCLEO_F303K8/GCC_ARM/mbed-rtos/rtx/TARGET_CORTEX_M/rt_CMSIS.o
                0x0000000008006494                svcThreadTerminate
 .text.svcTimerCall
                0x00000000080064c4       0x1a ./BUILD/NUCLEO_F303K8/GCC_ARM/mbed-rtos/rtx/TARGET_CORTEX_M/rt_CMSIS.o
                0x00000000080064c4                svcTimerCall
 *fill*         0x00000000080064de        0x2 
 .text.osTimerCall
                0x00000000080064e0       0x18 ./BUILD/NUCLEO_F303K8/GCC_ARM/mbed-rtos/rtx/TARGET_CORTEX_M/rt_CMSIS.o
                0x00000000080064e0                osTimerCall
 .text.svcMutexCreate
                0x00000000080064f8       0x1a ./BUILD/NUCLEO_F303K8/GCC_ARM/mbed-rtos/rtx/TARGET_CORTEX_M/rt_CMSIS.o
                0x00000000080064f8                svcMutexCreate
 .text.svcMutexWait
                0x0000000008006512       0x38 ./BUILD/NUCLEO_F303K8/GCC_ARM/mbed-rtos/rtx/TARGET_CORTEX_M/rt_CMSIS.o
                0x0000000008006512                svcMutexWait
 .text.svcMutexRelease
                0x000000000800654a       0x20 ./BUILD/NUCLEO_F303K8/GCC_ARM/mbed-rtos/rtx/TARGET_CORTEX_M/rt_CMSIS.o
                0x000000000800654a                svcMutexRelease
 .text.svcMutexDelete
                0x000000000800656a       0x1c ./BUILD/NUCLEO_F303K8/GCC_ARM/mbed-rtos/rtx/TARGET_CORTEX_M/rt_CMSIS.o
                0x000000000800656a                svcMutexDelete
 *fill*         0x0000000008006586        0x2 
 .text.osMutexCreate
                0x0000000008006588       0x40 ./BUILD/NUCLEO_F303K8/GCC_ARM/mbed-rtos/rtx/TARGET_CORTEX_M/rt_CMSIS.o
                0x0000000008006588                osMutexCreate
 .text.osMutexWait
                0x00000000080065c8       0x20 ./BUILD/NUCLEO_F303K8/GCC_ARM/mbed-rtos/rtx/TARGET_CORTEX_M/rt_CMSIS.o
                0x00000000080065c8                osMutexWait
 .text.osThreadExit
                0x00000000080065e8       0x30 ./BUILD/NUCLEO_F303K8/GCC_ARM/mbed-rtos/rtx/TARGET_CORTEX_M/rt_CMSIS.o
                0x00000000080065e8                osThreadExit
 .text.osMutexRelease
                0x0000000008006618       0x20 ./BUILD/NUCLEO_F303K8/GCC_ARM/mbed-rtos/rtx/TARGET_CORTEX_M/rt_CMSIS.o
                0x0000000008006618                osMutexRelease
 .text.osThreadContextCreate
                0x0000000008006638       0x64 ./BUILD/NUCLEO_F303K8/GCC_ARM/mbed-rtos/rtx/TARGET_CORTEX_M/rt_CMSIS.o
                0x0000000008006638                osThreadContextCreate
 .text.osThreadCreate
                0x000000000800669c        0x6 ./BUILD/NUCLEO_F303K8/GCC_ARM/mbed-rtos/rtx/TARGET_CORTEX_M/rt_CMSIS.o
                0x000000000800669c                osThreadCreate
 *fill*         0x00000000080066a2        0x2 
 .text.osThreadTerminate
                0x00000000080066a4       0x44 ./BUILD/NUCLEO_F303K8/GCC_ARM/mbed-rtos/rtx/TARGET_CORTEX_M/rt_CMSIS.o
                0x00000000080066a4                osThreadTerminate
 .text.osMutexDelete
                0x00000000080066e8       0x20 ./BUILD/NUCLEO_F303K8/GCC_ARM/mbed-rtos/rtx/TARGET_CORTEX_M/rt_CMSIS.o
                0x00000000080066e8                osMutexDelete
 .text.svcSemaphoreCreate
                0x0000000008006708       0x26 ./BUILD/NUCLEO_F303K8/GCC_ARM/mbed-rtos/rtx/TARGET_CORTEX_M/rt_CMSIS.o
                0x0000000008006708                svcSemaphoreCreate
 .text.svcSemaphoreRelease
                0x000000000800672e       0x2a ./BUILD/NUCLEO_F303K8/GCC_ARM/mbed-rtos/rtx/TARGET_CORTEX_M/rt_CMSIS.o
                0x000000000800672e                svcSemaphoreRelease
 .text.svcSemaphoreDelete
                0x0000000008006758       0x1c ./BUILD/NUCLEO_F303K8/GCC_ARM/mbed-rtos/rtx/TARGET_CORTEX_M/rt_CMSIS.o
                0x0000000008006758                svcSemaphoreDelete
 .text.isrSemaphoreRelease
                0x0000000008006774       0x2a ./BUILD/NUCLEO_F303K8/GCC_ARM/mbed-rtos/rtx/TARGET_CORTEX_M/rt_CMSIS.o
                0x0000000008006774                isrSemaphoreRelease
 *fill*         0x000000000800679e        0x2 
 .text.osSemaphoreCreate
                0x00000000080067a0       0x44 ./BUILD/NUCLEO_F303K8/GCC_ARM/mbed-rtos/rtx/TARGET_CORTEX_M/rt_CMSIS.o
                0x00000000080067a0                osSemaphoreCreate
 .text.osSemaphoreRelease
                0x00000000080067e4       0x28 ./BUILD/NUCLEO_F303K8/GCC_ARM/mbed-rtos/rtx/TARGET_CORTEX_M/rt_CMSIS.o
                0x00000000080067e4                osSemaphoreRelease
 .text.osSemaphoreDelete
                0x000000000800680c       0x20 ./BUILD/NUCLEO_F303K8/GCC_ARM/mbed-rtos/rtx/TARGET_CORTEX_M/rt_CMSIS.o
                0x000000000800680c                osSemaphoreDelete
 .text.svcMessageCreate
                0x000000000800682c       0x24 ./BUILD/NUCLEO_F303K8/GCC_ARM/mbed-rtos/rtx/TARGET_CORTEX_M/rt_CMSIS.o
                0x000000000800682c                svcMessageCreate
 .text.svcKernelInitialize
                0x0000000008006850       0x6c ./BUILD/NUCLEO_F303K8/GCC_ARM/mbed-rtos/rtx/TARGET_CORTEX_M/rt_CMSIS.o
                0x0000000008006850                svcKernelInitialize
 .text.osKernelInitialize
                0x00000000080068bc       0x30 ./BUILD/NUCLEO_F303K8/GCC_ARM/mbed-rtos/rtx/TARGET_CORTEX_M/rt_CMSIS.o
                0x00000000080068bc                osKernelInitialize
 .text.svcMessagePut
                0x00000000080068ec       0x36 ./BUILD/NUCLEO_F303K8/GCC_ARM/mbed-rtos/rtx/TARGET_CORTEX_M/rt_CMSIS.o
                0x00000000080068ec                svcMessagePut
 .text.svcMessageGet
                0x0000000008006922       0x66 ./BUILD/NUCLEO_F303K8/GCC_ARM/mbed-rtos/rtx/TARGET_CORTEX_M/rt_CMSIS.o
                0x0000000008006922                svcMessageGet
 .text.isrMessagePut
                0x0000000008006988       0x2c ./BUILD/NUCLEO_F303K8/GCC_ARM/mbed-rtos/rtx/TARGET_CORTEX_M/rt_CMSIS.o
                0x0000000008006988                isrMessagePut
 .text.sysTimerTick
                0x00000000080069b4       0x50 ./BUILD/NUCLEO_F303K8/GCC_ARM/mbed-rtos/rtx/TARGET_CORTEX_M/rt_CMSIS.o
                0x00000000080069b4                sysTimerTick
 .text.isrMessageGet
                0x0000000008006a04       0x3a ./BUILD/NUCLEO_F303K8/GCC_ARM/mbed-rtos/rtx/TARGET_CORTEX_M/rt_CMSIS.o
                0x0000000008006a04                isrMessageGet
 *fill*         0x0000000008006a3e        0x2 
 .text.osMessageCreate
                0x0000000008006a40       0x44 ./BUILD/NUCLEO_F303K8/GCC_ARM/mbed-rtos/rtx/TARGET_CORTEX_M/rt_CMSIS.o
                0x0000000008006a40                osMessageCreate
 .text.osMessagePut
                0x0000000008006a84       0x30 ./BUILD/NUCLEO_F303K8/GCC_ARM/mbed-rtos/rtx/TARGET_CORTEX_M/rt_CMSIS.o
                0x0000000008006a84                osMessagePut
 .text.osMessageGet
                0x0000000008006ab4       0x34 ./BUILD/NUCLEO_F303K8/GCC_ARM/mbed-rtos/rtx/TARGET_CORTEX_M/rt_CMSIS.o
                0x0000000008006ab4                osMessageGet
 .text.osTimerThread
                0x0000000008006ae8       0x30 ./BUILD/NUCLEO_F303K8/GCC_ARM/mbed-rtos/rtx/TARGET_CORTEX_M/rt_CMSIS.o
                0x0000000008006ae8                osTimerThread
 .text.svcMailCreate
                0x0000000008006b18       0x44 ./BUILD/NUCLEO_F303K8/GCC_ARM/mbed-rtos/rtx/TARGET_CORTEX_M/rt_CMSIS.o
                0x0000000008006b18                svcMailCreate
 .text.sysMailAlloc
                0x0000000008006b5c       0x58 ./BUILD/NUCLEO_F303K8/GCC_ARM/mbed-rtos/rtx/TARGET_CORTEX_M/rt_CMSIS.o
                0x0000000008006b5c                sysMailAlloc
 .text.sysMailFree
                0x0000000008006bb4       0x64 ./BUILD/NUCLEO_F303K8/GCC_ARM/mbed-rtos/rtx/TARGET_CORTEX_M/rt_CMSIS.o
                0x0000000008006bb4                sysMailFree
 .text.osMailCreate
                0x0000000008006c18       0x44 ./BUILD/NUCLEO_F303K8/GCC_ARM/mbed-rtos/rtx/TARGET_CORTEX_M/rt_CMSIS.o
                0x0000000008006c18                osMailCreate
 .text.osMailAlloc
                0x0000000008006c5c       0x2c ./BUILD/NUCLEO_F303K8/GCC_ARM/mbed-rtos/rtx/TARGET_CORTEX_M/rt_CMSIS.o
                0x0000000008006c5c                osMailAlloc
 .text.osMailFree
                0x0000000008006c88       0x2c ./BUILD/NUCLEO_F303K8/GCC_ARM/mbed-rtos/rtx/TARGET_CORTEX_M/rt_CMSIS.o
                0x0000000008006c88                osMailFree
 .text.osMailPut
                0x0000000008006cb4       0x14 ./BUILD/NUCLEO_F303K8/GCC_ARM/mbed-rtos/rtx/TARGET_CORTEX_M/rt_CMSIS.o
                0x0000000008006cb4                osMailPut
 .text.osMailGet
                0x0000000008006cc8       0x1e ./BUILD/NUCLEO_F303K8/GCC_ARM/mbed-rtos/rtx/TARGET_CORTEX_M/rt_CMSIS.o
                0x0000000008006cc8                osMailGet
 *fill*         0x0000000008006ce6        0x2 
 .text.rt_evt_psh
                0x0000000008006ce8       0x54 ./BUILD/NUCLEO_F303K8/GCC_ARM/mbed-rtos/rtx/TARGET_CORTEX_M/rt_Event.o
                0x0000000008006ce8                rt_evt_psh
 .text.rt_put_prio
                0x0000000008006d3c       0x30 ./BUILD/NUCLEO_F303K8/GCC_ARM/mbed-rtos/rtx/TARGET_CORTEX_M/rt_List.o
                0x0000000008006d3c                rt_put_prio
 .text.rt_get_first
                0x0000000008006d6c       0x22 ./BUILD/NUCLEO_F303K8/GCC_ARM/mbed-rtos/rtx/TARGET_CORTEX_M/rt_List.o
                0x0000000008006d6c                rt_get_first
 *fill*         0x0000000008006d8e        0x2 
 .text.rt_put_rdy_first
                0x0000000008006d90       0x14 ./BUILD/NUCLEO_F303K8/GCC_ARM/mbed-rtos/rtx/TARGET_CORTEX_M/rt_List.o
                0x0000000008006d90                rt_put_rdy_first
 .text.rt_put_dly
                0x0000000008006da4       0x48 ./BUILD/NUCLEO_F303K8/GCC_ARM/mbed-rtos/rtx/TARGET_CORTEX_M/rt_List.o
                0x0000000008006da4                rt_put_dly
 .text.rt_dec_dly
                0x0000000008006dec       0x70 ./BUILD/NUCLEO_F303K8/GCC_ARM/mbed-rtos/rtx/TARGET_CORTEX_M/rt_List.o
                0x0000000008006dec                rt_dec_dly
 .text.rt_rmv_list
                0x0000000008006e5c       0x2c ./BUILD/NUCLEO_F303K8/GCC_ARM/mbed-rtos/rtx/TARGET_CORTEX_M/rt_List.o
                0x0000000008006e5c                rt_rmv_list
 .text.rt_resort_prio
                0x0000000008006e88       0x30 ./BUILD/NUCLEO_F303K8/GCC_ARM/mbed-rtos/rtx/TARGET_CORTEX_M/rt_List.o
                0x0000000008006e88                rt_resort_prio
 .text.rt_rmv_dly
                0x0000000008006eb8       0x26 ./BUILD/NUCLEO_F303K8/GCC_ARM/mbed-rtos/rtx/TARGET_CORTEX_M/rt_List.o
                0x0000000008006eb8                rt_rmv_dly
 *fill*         0x0000000008006ede        0x2 
 .text.rt_psq_enq
                0x0000000008006ee0       0x48 ./BUILD/NUCLEO_F303K8/GCC_ARM/mbed-rtos/rtx/TARGET_CORTEX_M/rt_List.o
                0x0000000008006ee0                rt_psq_enq
 .text.rt_mbx_init
                0x0000000008006f28       0x16 ./BUILD/NUCLEO_F303K8/GCC_ARM/mbed-rtos/rtx/TARGET_CORTEX_M/rt_Mailbox.o
                0x0000000008006f28                rt_mbx_init
 *fill*         0x0000000008006f3e        0x2 
 .text.rt_mbx_send
                0x0000000008006f40       0x98 ./BUILD/NUCLEO_F303K8/GCC_ARM/mbed-rtos/rtx/TARGET_CORTEX_M/rt_Mailbox.o
                0x0000000008006f40                rt_mbx_send
 .text.rt_mbx_wait
                0x0000000008006fd8       0xac ./BUILD/NUCLEO_F303K8/GCC_ARM/mbed-rtos/rtx/TARGET_CORTEX_M/rt_Mailbox.o
                0x0000000008006fd8                rt_mbx_wait
 .text.rt_mbx_check
                0x0000000008007084        0x8 ./BUILD/NUCLEO_F303K8/GCC_ARM/mbed-rtos/rtx/TARGET_CORTEX_M/rt_Mailbox.o
                0x0000000008007084                rt_mbx_check
 .text.isr_mbx_send
                0x000000000800708c        0xe ./BUILD/NUCLEO_F303K8/GCC_ARM/mbed-rtos/rtx/TARGET_CORTEX_M/rt_Mailbox.o
                0x000000000800708c                isr_mbx_send
 .text.isr_mbx_receive