Archive member included to satisfy reference by file (symbol)

/usr/local/Caskroom/gcc-arm-embedded/7-2017-q4-major/gcc-arm-none-eabi-7-2017-q4-major/bin/../lib/gcc/arm-none-eabi/7.2.1/../../../../arm-none-eabi/lib/thumb/v7e-m/fpv4-sp/softfp/libc_nano.a(lib_a-errno.o)
                              ./BUILD/NUCLEO_F303K8/GCC_ARM/mbed-dev/platform/Stream.o (__errno)
/usr/local/Caskroom/gcc-arm-embedded/7-2017-q4-major/gcc-arm-none-eabi-7-2017-q4-major/bin/../lib/gcc/arm-none-eabi/7.2.1/../../../../arm-none-eabi/lib/thumb/v7e-m/fpv4-sp/softfp/libc_nano.a(lib_a-fclose.o)
                              ./BUILD/NUCLEO_F303K8/GCC_ARM/mbed-dev/platform/Stream.o (fclose)
/usr/local/Caskroom/gcc-arm-embedded/7-2017-q4-major/gcc-arm-none-eabi-7-2017-q4-major/bin/../lib/gcc/arm-none-eabi/7.2.1/../../../../arm-none-eabi/lib/thumb/v7e-m/fpv4-sp/softfp/libc_nano.a(lib_a-fflush.o)
                              /usr/local/Caskroom/gcc-arm-embedded/7-2017-q4-major/gcc-arm-none-eabi-7-2017-q4-major/bin/../lib/gcc/arm-none-eabi/7.2.1/../../../../arm-none-eabi/lib/thumb/v7e-m/fpv4-sp/softfp/libc_nano.a(lib_a-fclose.o) (__sflush_r)
/usr/local/Caskroom/gcc-arm-embedded/7-2017-q4-major/gcc-arm-none-eabi-7-2017-q4-major/bin/../lib/gcc/arm-none-eabi/7.2.1/../../../../arm-none-eabi/lib/thumb/v7e-m/fpv4-sp/softfp/libc_nano.a(lib_a-fgetc.o)
                              ./BUILD/NUCLEO_F303K8/GCC_ARM/mbed-dev/platform/mbed_retarget.o (fgetc)
/usr/local/Caskroom/gcc-arm-embedded/7-2017-q4-major/gcc-arm-none-eabi-7-2017-q4-major/bin/../lib/gcc/arm-none-eabi/7.2.1/../../../../arm-none-eabi/lib/thumb/v7e-m/fpv4-sp/softfp/libc_nano.a(lib_a-fgets.o)
                              ./BUILD/NUCLEO_F303K8/GCC_ARM/mbed-dev/platform/mbed_retarget.o (fgets)
/usr/local/Caskroom/gcc-arm-embedded/7-2017-q4-major/gcc-arm-none-eabi-7-2017-q4-major/bin/../lib/gcc/arm-none-eabi/7.2.1/../../../../arm-none-eabi/lib/thumb/v7e-m/fpv4-sp/softfp/libc_nano.a(lib_a-findfp.o)
                              /usr/local/Caskroom/gcc-arm-embedded/7-2017-q4-major/gcc-arm-none-eabi-7-2017-q4-major/bin/../lib/gcc/arm-none-eabi/7.2.1/../../../../arm-none-eabi/lib/thumb/v7e-m/fpv4-sp/softfp/libc_nano.a(lib_a-fclose.o) (__sinit)
/usr/local/Caskroom/gcc-arm-embedded/7-2017-q4-major/gcc-arm-none-eabi-7-2017-q4-major/bin/../lib/gcc/arm-none-eabi/7.2.1/../../../../arm-none-eabi/lib/thumb/v7e-m/fpv4-sp/softfp/libc_nano.a(lib_a-fopen.o)
                              ./BUILD/NUCLEO_F303K8/GCC_ARM/mbed-dev/platform/mbed_retarget.o (fopen)
/usr/local/Caskroom/gcc-arm-embedded/7-2017-q4-major/gcc-arm-none-eabi-7-2017-q4-major/bin/../lib/gcc/arm-none-eabi/7.2.1/../../../../arm-none-eabi/lib/thumb/v7e-m/fpv4-sp/softfp/libc_nano.a(lib_a-fputc.o)
                              ./BUILD/NUCLEO_F303K8/GCC_ARM/mbed-dev/platform/Stream.o (fputc)
/usr/local/Caskroom/gcc-arm-embedded/7-2017-q4-major/gcc-arm-none-eabi-7-2017-q4-major/bin/../lib/gcc/arm-none-eabi/7.2.1/../../../../arm-none-eabi/lib/thumb/v7e-m/fpv4-sp/softfp/libc_nano.a(lib_a-fputs.o)
                              ./BUILD/NUCLEO_F303K8/GCC_ARM/mbed-dev/platform/Stream.o (fputs)
/usr/local/Caskroom/gcc-arm-embedded/7-2017-q4-major/gcc-arm-none-eabi-7-2017-q4-major/bin/../lib/gcc/arm-none-eabi/7.2.1/../../../../arm-none-eabi/lib/thumb/v7e-m/fpv4-sp/softfp/libc_nano.a(lib_a-fseek.o)
                              /usr/local/Caskroom/gcc-arm-embedded/7-2017-q4-major/gcc-arm-none-eabi-7-2017-q4-major/bin/../lib/gcc/arm-none-eabi/7.2.1/../../../../arm-none-eabi/lib/thumb/v7e-m/fpv4-sp/softfp/libc_nano.a(lib_a-fopen.o) (_fseek_r)
/usr/local/Caskroom/gcc-arm-embedded/7-2017-q4-major/gcc-arm-none-eabi-7-2017-q4-major/bin/../lib/gcc/arm-none-eabi/7.2.1/../../../../arm-none-eabi/lib/thumb/v7e-m/fpv4-sp/softfp/libc_nano.a(lib_a-fseeko.o)
                              /usr/local/Caskroom/gcc-arm-embedded/7-2017-q4-major/gcc-arm-none-eabi-7-2017-q4-major/bin/../lib/gcc/arm-none-eabi/7.2.1/../../../../arm-none-eabi/lib/thumb/v7e-m/fpv4-sp/softfp/libc_nano.a(lib_a-fseek.o) (_fseeko_r)
/usr/local/Caskroom/gcc-arm-embedded/7-2017-q4-major/gcc-arm-none-eabi-7-2017-q4-major/bin/../lib/gcc/arm-none-eabi/7.2.1/../../../../arm-none-eabi/lib/thumb/v7e-m/fpv4-sp/softfp/libc_nano.a(lib_a-fwalk.o)
                              /usr/local/Caskroom/gcc-arm-embedded/7-2017-q4-major/gcc-arm-none-eabi-7-2017-q4-major/bin/../lib/gcc/arm-none-eabi/7.2.1/../../../../arm-none-eabi/lib/thumb/v7e-m/fpv4-sp/softfp/libc_nano.a(lib_a-findfp.o) (_fwalk)
/usr/local/Caskroom/gcc-arm-embedded/7-2017-q4-major/gcc-arm-none-eabi-7-2017-q4-major/bin/../lib/gcc/arm-none-eabi/7.2.1/../../../../arm-none-eabi/lib/thumb/v7e-m/fpv4-sp/softfp/libc_nano.a(lib_a-impure.o)
                              /usr/local/Caskroom/gcc-arm-embedded/7-2017-q4-major/gcc-arm-none-eabi-7-2017-q4-major/bin/../lib/gcc/arm-none-eabi/7.2.1/../../../../arm-none-eabi/lib/thumb/v7e-m/fpv4-sp/softfp/libc_nano.a(lib_a-fflush.o) (_global_impure_ptr)
[...]
Memory Configuration

Name             Origin             Length             Attributes
FLASH            0x0000000008000000 0x0000000000010000 xr
CCM              0x0000000010000000 0x0000000000001000 xrw
RAM              0x0000000020000188 0x0000000000002e78 xrw
*default*        0x0000000000000000 0xffffffffffffffff

Linker script and memory map

LOAD /usr/local/Caskroom/gcc-arm-embedded/7-2017-q4-major/gcc-arm-none-eabi-7-2017-q4-major/bin/../lib/gcc/arm-none-eabi/7.2.1/thumb/v7e-m/fpv4-sp/softfp/crti.o
LOAD /usr/local/Caskroom/gcc-arm-embedded/7-2017-q4-major/gcc-arm-none-eabi-7-2017-q4-major/bin/../lib/gcc/arm-none-eabi/7.2.1/thumb/v7e-m/fpv4-sp/softfp/crtbegin.o
LOAD /usr/local/Caskroom/gcc-arm-embedded/7-2017-q4-major/gcc-arm-none-eabi-7-2017-q4-major/bin/../lib/gcc/arm-none-eabi/7.2.1/../../../../arm-none-eabi/lib/thumb/v7e-m/fpv4-sp/softfp/crt0.o
LOAD ./BUILD/NUCLEO_F303K8/GCC_ARM/./main.o
LOAD ./BUILD/NUCLEO_F303K8/GCC_ARM/Crypto/cipher/AES.o
LOAD ./BUILD/NUCLEO_F303K8/GCC_ARM/Crypto/cipher/BlockCipher.o
LOAD ./BUILD/NUCLEO_F303K8/GCC_ARM/Crypto/cipher/Cipher.o
LOAD ./BUILD/NUCLEO_F303K8/GCC_ARM/Crypto/cipher/DES.o
LOAD ./BUILD/NUCLEO_F303K8/GCC_ARM/Crypto/cipher/RC4.o
LOAD ./BUILD/NUCLEO_F303K8/GCC_ARM/Crypto/cipher/StreamCipher.o
LOAD ./BUILD/NUCLEO_F303K8/GCC_ARM/Crypto/cipher/TDES.o
LOAD ./BUILD/NUCLEO_F303K8/GCC_ARM/Crypto/hash/HMAC.o
LOAD ./BUILD/NUCLEO_F303K8/GCC_ARM/Crypto/hash/HashAlgorithm.o
LOAD ./BUILD/NUCLEO_F303K8/GCC_ARM/Crypto/hash/MD2.o
LOAD ./BUILD/NUCLEO_F303K8/GCC_ARM/Crypto/hash/MD4.o
LOAD ./BUILD/NUCLEO_F303K8/GCC_ARM/Crypto/hash/MD5.o
LOAD ./BUILD/NUCLEO_F303K8/GCC_ARM/Crypto/hash/SHA1.o
LOAD ./BUILD/NUCLEO_F303K8/GCC_ARM/Crypto/hash/SHA224.o
LOAD ./BUILD/NUCLEO_F303K8/GCC_ARM/Crypto/hash/SHA256.o
LOAD ./BUILD/NUCLEO_F303K8/GCC_ARM/Crypto/hash/SHA2_32.o
LOAD ./BUILD/NUCLEO_F303K8/GCC_ARM/Crypto/hash/SHA2_64.o
LOAD ./BUILD/NUCLEO_F303K8/GCC_ARM/Crypto/hash/SHA384.o
LOAD ./BUILD/NUCLEO_F303K8/GCC_ARM/Crypto/hash/SHA512.o
LOAD ./BUILD/NUCLEO_F303K8/GCC_ARM/mbed-dev/drivers/AnalogIn.o
LOAD ./BUILD/NUCLEO_F303K8/GCC_ARM/mbed-dev/drivers/BusIn.o
LOAD ./BUILD/NUCLEO_F303K8/GCC_ARM/mbed-dev/drivers/BusInOut.o
LOAD ./BUILD/NUCLEO_F303K8/GCC_ARM/mbed-dev/drivers/BusOut.o
LOAD ./BUILD/NUCLEO_F303K8/GCC_ARM/mbed-dev/drivers/CAN.o
LOAD ./BUILD/NUCLEO_F303K8/GCC_ARM/mbed-dev/drivers/Ethernet.o
LOAD ./BUILD/NUCLEO_F303K8/GCC_ARM/mbed-dev/drivers/FlashIAP.o
LOAD ./BUILD/NUCLEO_F303K8/GCC_ARM/mbed-dev/drivers/I2C.o
LOAD ./BUILD/NUCLEO_F303K8/GCC_ARM/mbed-dev/drivers/I2CSlave.o
LOAD ./BUILD/NUCLEO_F303K8/GCC_ARM/mbed-dev/drivers/InterruptIn.o
LOAD ./BUILD/NUCLEO_F303K8/GCC_ARM/mbed-dev/drivers/InterruptManager.o
LOAD ./BUILD/NUCLEO_F303K8/GCC_ARM/mbed-dev/drivers/RawSerial.o
LOAD ./BUILD/NUCLEO_F303K8/GCC_ARM/mbed-dev/drivers/SPI.o
LOAD ./BUILD/NUCLEO_F303K8/GCC_ARM/mbed-dev/drivers/SPISlave.o
LOAD ./BUILD/NUCLEO_F303K8/GCC_ARM/mbed-dev/drivers/Serial.o
LOAD ./BUILD/NUCLEO_F303K8/GCC_ARM/mbed-dev/drivers/SerialBase.o
LOAD ./BUILD/NUCLEO_F303K8/GCC_ARM/mbed-dev/drivers/Ticker.o
LOAD ./BUILD/NUCLEO_F303K8/GCC_ARM/mbed-dev/drivers/Timeout.o
LOAD ./BUILD/NUCLEO_F303K8/GCC_ARM/mbed-dev/drivers/Timer.o
LOAD ./BUILD/NUCLEO_F303K8/GCC_ARM/mbed-dev/drivers/TimerEvent.o
LOAD ./BUILD/NUCLEO_F303K8/GCC_ARM/mbed-dev/drivers/UARTSerial.o
LOAD ./BUILD/NUCLEO_F303K8/GCC_ARM/mbed-dev/hal/mbed_flash_api.o
LOAD ./BUILD/NUCLEO_F303K8/GCC_ARM/mbed-dev/hal/mbed_gpio.o
LOAD ./BUILD/NUCLEO_F303K8/GCC_ARM/mbed-dev/hal/mbed_lp_ticker_api.o
LOAD ./BUILD/NUCLEO_F303K8/GCC_ARM/mbed-dev/hal/mbed_pinmap_common.o
LOAD ./BUILD/NUCLEO_F303K8/GCC_ARM/mbed-dev/hal/mbed_sleep_manager.o
LOAD ./BUILD/NUCLEO_F303K8/GCC_ARM/mbed-dev/hal/mbed_ticker_api.o
LOAD ./BUILD/NUCLEO_F303K8/GCC_ARM/mbed-dev/hal/mbed_us_ticker_api.o
LOAD ./BUILD/NUCLEO_F303K8/GCC_ARM/mbed-dev/platform/ATCmdParser.o
LOAD ./BUILD/NUCLEO_F303K8/GCC_ARM/mbed-dev/platform/CallChain.o
LOAD ./BUILD/NUCLEO_F303K8/GCC_ARM/mbed-dev/platform/FileBase.o
LOAD ./BUILD/NUCLEO_F303K8/GCC_ARM/mbed-dev/platform/FileHandle.o
LOAD ./BUILD/NUCLEO_F303K8/GCC_ARM/mbed-dev/platform/FilePath.o
LOAD ./BUILD/NUCLEO_F303K8/GCC_ARM/mbed-dev/platform/FileSystemHandle.o
LOAD ./BUILD/NUCLEO_F303K8/GCC_ARM/mbed-dev/platform/LocalFileSystem.o
LOAD ./BUILD/NUCLEO_F303K8/GCC_ARM/mbed-dev/platform/Stream.o
LOAD ./BUILD/NUCLEO_F303K8/GCC_ARM/mbed-dev/platform/mbed_alloc_wrappers.o
LOAD ./BUILD/NUCLEO_F303K8/GCC_ARM/mbed-dev/platform/mbed_application.o
LOAD ./BUILD/NUCLEO_F303K8/GCC_ARM/mbed-dev/platform/mbed_assert.o
LOAD ./BUILD/NUCLEO_F303K8/GCC_ARM/mbed-dev/platform/mbed_board.o
LOAD ./BUILD/NUCLEO_F303K8/GCC_ARM/mbed-dev/platform/mbed_critical.o
LOAD ./BUILD/NUCLEO_F303K8/GCC_ARM/mbed-dev/platform/mbed_error.o
LOAD ./BUILD/NUCLEO_F303K8/GCC_ARM/mbed-dev/platform/mbed_interface.o
LOAD ./BUILD/NUCLEO_F303K8/GCC_ARM/mbed-dev/platform/mbed_mem_trace.o
LOAD ./BUILD/NUCLEO_F303K8/GCC_ARM/mbed-dev/platform/mbed_mktime.o
LOAD ./BUILD/NUCLEO_F303K8/GCC_ARM/mbed-dev/platform/mbed_poll.o
LOAD ./BUILD/NUCLEO_F303K8/GCC_ARM/mbed-dev/platform/mbed_retarget.o
LOAD ./BUILD/NUCLEO_F303K8/GCC_ARM/mbed-dev/platform/mbed_rtc_time.o
LOAD ./BUILD/NUCLEO_F303K8/GCC_ARM/mbed-dev/platform/mbed_sdk_boot.o
LOAD ./BUILD/NUCLEO_F303K8/GCC_ARM/mbed-dev/platform/mbed_semihost_api.o
LOAD ./BUILD/NUCLEO_F303K8/GCC_ARM/mbed-dev/platform/mbed_stats.o
LOAD ./BUILD/NUCLEO_F303K8/GCC_ARM/mbed-dev/platform/mbed_wait_api_no_rtos.o
LOAD ./BUILD/NUCLEO_F303K8/GCC_ARM/mbed-dev/platform/mbed_wait_api_rtos.o
LOAD ./BUILD/NUCLEO_F303K8/GCC_ARM/mbed-dev/targets/TARGET_STM/TARGET_STM32F3/TARGET_STM32F303x8/TARGET_NUCLEO_F303K8/PeripheralPins.o
LOAD ./BUILD/NUCLEO_F303K8/GCC_ARM/mbed-dev/targets/TARGET_STM/TARGET_STM32F3/TARGET_STM32F303x8/TARGET_NUCLEO_F303K8/system_clock.o
LOAD ./BUILD/NUCLEO_F303K8/GCC_ARM/mbed-dev/targets/TARGET_STM/TARGET_STM32F3/TARGET_STM32F303x8/device/TOOLCHAIN_GCC_ARM/startup_stm32f303x8.o
LOAD ./BUILD/NUCLEO_F303K8/GCC_ARM/mbed-dev/targets/TARGET_STM/TARGET_STM32F3/analogin_device.o
LOAD ./BUILD/NUCLEO_F303K8/GCC_ARM/mbed-dev/targets/TARGET_STM/TARGET_STM32F3/analogout_device.o
LOAD ./BUILD/NUCLEO_F303K8/GCC_ARM/mbed-dev/targets/TARGET_STM/TARGET_STM32F3/device/stm32f3xx_hal.o
LOAD ./BUILD/NUCLEO_F303K8/GCC_ARM/mbed-dev/targets/TARGET_STM/TARGET_STM32F3/device/stm32f3xx_hal_adc.o
LOAD ./BUILD/NUCLEO_F303K8/GCC_ARM/mbed-dev/targets/TARGET_STM/TARGET_STM32F3/device/stm32f3xx_hal_adc_ex.o
LOAD ./BUILD/NUCLEO_F303K8/GCC_ARM/mbed-dev/targets/TARGET_STM/TARGET_STM32F3/device/stm32f3xx_hal_can.o
LOAD ./BUILD/NUCLEO_F303K8/GCC_ARM/mbed-dev/targets/TARGET_STM/TARGET_STM32F3/device/stm32f3xx_hal_cec.o
LOAD ./BUILD/NUCLEO_F303K8/GCC_ARM/mbed-dev/targets/TARGET_STM/TARGET_STM32F3/device/stm32f3xx_hal_comp.o
LOAD ./BUILD/NUCLEO_F303K8/GCC_ARM/mbed-dev/targets/TARGET_STM/TARGET_STM32F3/device/stm32f3xx_hal_cortex.o
LOAD ./BUILD/NUCLEO_F303K8/GCC_ARM/mbed-dev/targets/TARGET_STM/TARGET_STM32F3/device/stm32f3xx_hal_crc.o
LOAD ./BUILD/NUCLEO_F303K8/GCC_ARM/mbed-dev/targets/TARGET_STM/TARGET_STM32F3/device/stm32f3xx_hal_crc_ex.o
LOAD ./BUILD/NUCLEO_F303K8/GCC_ARM/mbed-dev/targets/TARGET_STM/TARGET_STM32F3/device/stm32f3xx_hal_dac.o
LOAD ./BUILD/NUCLEO_F303K8/GCC_ARM/mbed-dev/targets/TARGET_STM/TARGET_STM32F3/device/stm32f3xx_hal_dac_ex.o
LOAD ./BUILD/NUCLEO_F303K8/GCC_ARM/mbed-dev/targets/TARGET_STM/TARGET_STM32F3/device/stm32f3xx_hal_dma.o
LOAD ./BUILD/NUCLEO_F303K8/GCC_ARM/mbed-dev/targets/TARGET_STM/TARGET_STM32F3/device/stm32f3xx_hal_flash.o
LOAD ./BUILD/NUCLEO_F303K8/GCC_ARM/mbed-dev/targets/TARGET_STM/TARGET_STM32F3/device/stm32f3xx_hal_flash_ex.o
LOAD ./BUILD/NUCLEO_F303K8/GCC_ARM/mbed-dev/targets/TARGET_STM/TARGET_STM32F3/device/stm32f3xx_hal_gpio.o
LOAD ./BUILD/NUCLEO_F303K8/GCC_ARM/mbed-dev/targets/TARGET_STM/TARGET_STM32F3/device/stm32f3xx_hal_hrtim.o
LOAD ./BUILD/NUCLEO_F303K8/GCC_ARM/mbed-dev/targets/TARGET_STM/TARGET_STM32F3/device/stm32f3xx_hal_i2c.o
LOAD ./BUILD/NUCLEO_F303K8/GCC_ARM/mbed-dev/targets/TARGET_STM/TARGET_STM32F3/device/stm32f3xx_hal_i2c_ex.o
LOAD ./BUILD/NUCLEO_F303K8/GCC_ARM/mbed-dev/targets/TARGET_STM/TARGET_STM32F3/device/stm32f3xx_hal_i2s.o
LOAD ./BUILD/NUCLEO_F303K8/GCC_ARM/mbed-dev/targets/TARGET_STM/TARGET_STM32F3/device/stm32f3xx_hal_i2s_ex.o
LOAD ./BUILD/NUCLEO_F303K8/GCC_ARM/mbed-dev/targets/TARGET_STM/TARGET_STM32F3/device/stm32f3xx_hal_irda.o
LOAD ./BUILD/NUCLEO_F303K8/GCC_ARM/mbed-dev/targets/TARGET_STM/TARGET_STM32F3/device/stm32f3xx_hal_iwdg.o
LOAD ./BUILD/NUCLEO_F303K8/GCC_ARM/mbed-dev/targets/TARGET_STM/TARGET_STM32F3/device/stm32f3xx_hal_nand.o
LOAD ./BUILD/NUCLEO_F303K8/GCC_ARM/mbed-dev/targets/TARGET_STM/TARGET_STM32F3/device/stm32f3xx_hal_nor.o
LOAD ./BUILD/NUCLEO_F303K8/GCC_ARM/mbed-dev/targets/TARGET_STM/TARGET_STM32F3/device/stm32f3xx_hal_opamp.o
LOAD ./BUILD/NUCLEO_F303K8/GCC_ARM/mbed-dev/targets/TARGET_STM/TARGET_STM32F3/device/stm32f3xx_hal_opamp_ex.o
LOAD ./BUILD/NUCLEO_F303K8/GCC_ARM/mbed-dev/targets/TARGET_STM/TARGET_STM32F3/device/stm32f3xx_hal_pccard.o
LOAD ./BUILD/NUCLEO_F303K8/GCC_ARM/mbed-dev/targets/TARGET_STM/TARGET_STM32F3/device/stm32f3xx_hal_pcd.o
LOAD ./BUILD/NUCLEO_F303K8/GCC_ARM/mbed-dev/targets/TARGET_STM/TARGET_STM32F3/device/stm32f3xx_hal_pcd_ex.o
LOAD ./BUILD/NUCLEO_F303K8/GCC_ARM/mbed-dev/targets/TARGET_STM/TARGET_STM32F3/device/stm32f3xx_hal_pwr.o
LOAD ./BUILD/NUCLEO_F303K8/GCC_ARM/mbed-dev/targets/TARGET_STM/TARGET_STM32F3/device/stm32f3xx_hal_pwr_ex.o
LOAD ./BUILD/NUCLEO_F303K8/GCC_ARM/mbed-dev/targets/TARGET_STM/TARGET_STM32F3/device/stm32f3xx_hal_rcc.o
LOAD ./BUILD/NUCLEO_F303K8/GCC_ARM/mbed-dev/targets/TARGET_STM/TARGET_STM32F3/device/stm32f3xx_hal_rcc_ex.o
LOAD ./BUILD/NUCLEO_F303K8/GCC_ARM/mbed-dev/targets/TARGET_STM/TARGET_STM32F3/device/stm32f3xx_hal_rtc.o
LOAD ./BUILD/NUCLEO_F303K8/GCC_ARM/mbed-dev/targets/TARGET_STM/TARGET_STM32F3/device/stm32f3xx_hal_rtc_ex.o
LOAD ./BUILD/NUCLEO_F303K8/GCC_ARM/mbed-dev/targets/TARGET_STM/TARGET_STM32F3/device/stm32f3xx_hal_sdadc.o
LOAD ./BUILD/NUCLEO_F303K8/GCC_ARM/mbed-dev/targets/TARGET_STM/TARGET_STM32F3/device/stm32f3xx_hal_smartcard.o
LOAD ./BUILD/NUCLEO_F303K8/GCC_ARM/mbed-dev/targets/TARGET_STM/TARGET_STM32F3/device/stm32f3xx_hal_smartcard_ex.o
LOAD ./BUILD/NUCLEO_F303K8/GCC_ARM/mbed-dev/targets/TARGET_STM/TARGET_STM32F3/device/stm32f3xx_hal_smbus.o
LOAD ./BUILD/NUCLEO_F303K8/GCC_ARM/mbed-dev/targets/TARGET_STM/TARGET_STM32F3/device/stm32f3xx_hal_spi.o
LOAD ./BUILD/NUCLEO_F303K8/GCC_ARM/mbed-dev/targets/TARGET_STM/TARGET_STM32F3/device/stm32f3xx_hal_spi_ex.o
LOAD ./BUILD/NUCLEO_F303K8/GCC_ARM/mbed-dev/targets/TARGET_STM/TARGET_STM32F3/device/stm32f3xx_hal_sram.o
LOAD ./BUILD/NUCLEO_F303K8/GCC_ARM/mbed-dev/targets/TARGET_STM/TARGET_STM32F3/device/stm32f3xx_hal_tim.o
LOAD ./BUILD/NUCLEO_F303K8/GCC_ARM/mbed-dev/targets/TARGET_STM/TARGET_STM32F3/device/stm32f3xx_hal_tim_ex.o
LOAD ./BUILD/NUCLEO_F303K8/GCC_ARM/mbed-dev/targets/TARGET_STM/TARGET_STM32F3/device/stm32f3xx_hal_tsc.o
LOAD ./BUILD/NUCLEO_F303K8/GCC_ARM/mbed-dev/targets/TARGET_STM/TARGET_STM32F3/device/stm32f3xx_hal_uart.o
LOAD ./BUILD/NUCLEO_F303K8/GCC_ARM/mbed-dev/targets/TARGET_STM/TARGET_STM32F3/device/stm32f3xx_hal_uart_ex.o
LOAD ./BUILD/NUCLEO_F303K8/GCC_ARM/mbed-dev/targets/TARGET_STM/TARGET_STM32F3/device/stm32f3xx_hal_usart.o
LOAD ./BUILD/NUCLEO_F303K8/GCC_ARM/mbed-dev/targets/TARGET_STM/TARGET_STM32F3/device/stm32f3xx_hal_wwdg.o
LOAD ./BUILD/NUCLEO_F303K8/GCC_ARM/mbed-dev/targets/TARGET_STM/TARGET_STM32F3/device/stm32f3xx_ll_adc.o
LOAD ./BUILD/NUCLEO_F303K8/GCC_ARM/mbed-dev/targets/TARGET_STM/TARGET_STM32F3/device/stm32f3xx_ll_comp.o
LOAD ./BUILD/NUCLEO_F303K8/GCC_ARM/mbed-dev/targets/TARGET_STM/TARGET_STM32F3/device/stm32f3xx_ll_crc.o
LOAD ./BUILD/NUCLEO_F303K8/GCC_ARM/mbed-dev/targets/TARGET_STM/TARGET_STM32F3/device/stm32f3xx_ll_dac.o
LOAD ./BUILD/NUCLEO_F303K8/GCC_ARM/mbed-dev/targets/TARGET_STM/TARGET_STM32F3/device/stm32f3xx_ll_dma.o
LOAD ./BUILD/NUCLEO_F303K8/GCC_ARM/mbed-dev/targets/TARGET_STM/TARGET_STM32F3/device/stm32f3xx_ll_exti.o
LOAD ./BUILD/NUCLEO_F303K8/GCC_ARM/mbed-dev/targets/TARGET_STM/TARGET_STM32F3/device/stm32f3xx_ll_fmc.o
LOAD ./BUILD/NUCLEO_F303K8/GCC_ARM/mbed-dev/targets/TARGET_STM/TARGET_STM32F3/device/stm32f3xx_ll_gpio.o
LOAD ./BUILD/NUCLEO_F303K8/GCC_ARM/mbed-dev/targets/TARGET_STM/TARGET_STM32F3/device/stm32f3xx_ll_hrtim.o
LOAD ./BUILD/NUCLEO_F303K8/GCC_ARM/mbed-dev/targets/TARGET_STM/TARGET_STM32F3/device/stm32f3xx_ll_i2c.o
LOAD ./BUILD/NUCLEO_F303K8/GCC_ARM/mbed-dev/targets/TARGET_STM/TARGET_STM32F3/device/stm32f3xx_ll_opamp.o
LOAD ./BUILD/NUCLEO_F303K8/GCC_ARM/mbed-dev/targets/TARGET_STM/TARGET_STM32F3/device/stm32f3xx_ll_pwr.o
LOAD ./BUILD/NUCLEO_F303K8/GCC_ARM/mbed-dev/targets/TARGET_STM/TARGET_STM32F3/device/stm32f3xx_ll_rcc.o
LOAD ./BUILD/NUCLEO_F303K8/GCC_ARM/mbed-dev/targets/TARGET_STM/TARGET_STM32F3/device/stm32f3xx_ll_rtc.o
LOAD ./BUILD/NUCLEO_F303K8/GCC_ARM/mbed-dev/targets/TARGET_STM/TARGET_STM32F3/device/stm32f3xx_ll_spi.o
LOAD ./BUILD/NUCLEO_F303K8/GCC_ARM/mbed-dev/targets/TARGET_STM/TARGET_STM32F3/device/stm32f3xx_ll_tim.o
LOAD ./BUILD/NUCLEO_F303K8/GCC_ARM/mbed-dev/targets/TARGET_STM/TARGET_STM32F3/device/stm32f3xx_ll_usart.o
LOAD ./BUILD/NUCLEO_F303K8/GCC_ARM/mbed-dev/targets/TARGET_STM/TARGET_STM32F3/device/stm32f3xx_ll_utils.o
LOAD ./BUILD/NUCLEO_F303K8/GCC_ARM/mbed-dev/targets/TARGET_STM/TARGET_STM32F3/device/system_stm32f3xx.o
LOAD ./BUILD/NUCLEO_F303K8/GCC_ARM/mbed-dev/targets/TARGET_STM/TARGET_STM32F3/flash_api.o
LOAD ./BUILD/NUCLEO_F303K8/GCC_ARM/mbed-dev/targets/TARGET_STM/TARGET_STM32F3/gpio_irq_device.o
LOAD ./BUILD/NUCLEO_F303K8/GCC_ARM/mbed-dev/targets/TARGET_STM/TARGET_STM32F3/pwmout_device.o
LOAD ./BUILD/NUCLEO_F303K8/GCC_ARM/mbed-dev/targets/TARGET_STM/TARGET_STM32F3/serial_device.o
LOAD ./BUILD/NUCLEO_F303K8/GCC_ARM/mbed-dev/targets/TARGET_STM/TARGET_STM32F3/spi_api.o
LOAD ./BUILD/NUCLEO_F303K8/GCC_ARM/mbed-dev/targets/TARGET_STM/analogin_api.o
LOAD ./BUILD/NUCLEO_F303K8/GCC_ARM/mbed-dev/targets/TARGET_STM/analogout_api.o
LOAD ./BUILD/NUCLEO_F303K8/GCC_ARM/mbed-dev/targets/TARGET_STM/can_api.o
LOAD ./BUILD/NUCLEO_F303K8/GCC_ARM/mbed-dev/targets/TARGET_STM/gpio_api.o
LOAD ./BUILD/NUCLEO_F303K8/GCC_ARM/mbed-dev/targets/TARGET_STM/gpio_irq_api.o
LOAD ./BUILD/NUCLEO_F303K8/GCC_ARM/mbed-dev/targets/TARGET_STM/hal_tick_16b.o
LOAD ./BUILD/NUCLEO_F303K8/GCC_ARM/mbed-dev/targets/TARGET_STM/hal_tick_32b.o
LOAD ./BUILD/NUCLEO_F303K8/GCC_ARM/mbed-dev/targets/TARGET_STM/i2c_api.o
LOAD ./BUILD/NUCLEO_F303K8/GCC_ARM/mbed-dev/targets/TARGET_STM/lp_ticker.o
LOAD ./BUILD/NUCLEO_F303K8/GCC_ARM/mbed-dev/targets/TARGET_STM/mbed_overrides.o
LOAD ./BUILD/NUCLEO_F303K8/GCC_ARM/mbed-dev/targets/TARGET_STM/pinmap.o
LOAD ./BUILD/NUCLEO_F303K8/GCC_ARM/mbed-dev/targets/TARGET_STM/port_api.o
LOAD ./BUILD/NUCLEO_F303K8/GCC_ARM/mbed-dev/targets/TARGET_STM/pwmout_api.o
LOAD ./BUILD/NUCLEO_F303K8/GCC_ARM/mbed-dev/targets/TARGET_STM/rtc_api.o
LOAD ./BUILD/NUCLEO_F303K8/GCC_ARM/mbed-dev/targets/TARGET_STM/serial_api.o
LOAD ./BUILD/NUCLEO_F303K8/GCC_ARM/mbed-dev/targets/TARGET_STM/sleep.o
LOAD ./BUILD/NUCLEO_F303K8/GCC_ARM/mbed-dev/targets/TARGET_STM/stm_spi_api.o
LOAD ./BUILD/NUCLEO_F303K8/GCC_ARM/mbed-dev/targets/TARGET_STM/trng_api.o
LOAD ./BUILD/NUCLEO_F303K8/GCC_ARM/mbed-dev/targets/TARGET_STM/us_ticker_16b.o
LOAD ./BUILD/NUCLEO_F303K8/GCC_ARM/mbed-dev/targets/TARGET_STM/us_ticker_32b.o
LOAD ./BUILD/NUCLEO_F303K8/GCC_ARM/mbed-rtos/rtos/Mutex.o
LOAD ./BUILD/NUCLEO_F303K8/GCC_ARM/mbed-rtos/rtos/RtosTimer.o
LOAD ./BUILD/NUCLEO_F303K8/GCC_ARM/mbed-rtos/rtos/Semaphore.o
LOAD ./BUILD/NUCLEO_F303K8/GCC_ARM/mbed-rtos/rtos/Thread.o
LOAD ./BUILD/NUCLEO_F303K8/GCC_ARM/mbed-rtos/rtos/rtos_idle.o
LOAD ./BUILD/NUCLEO_F303K8/GCC_ARM/mbed-rtos/rtx/TARGET_CORTEX_M/HAL_CM.o
LOAD ./BUILD/NUCLEO_F303K8/GCC_ARM/mbed-rtos/rtx/TARGET_CORTEX_M/RTX_Conf_CM.o
LOAD ./BUILD/NUCLEO_F303K8/GCC_ARM/mbed-rtos/rtx/TARGET_CORTEX_M/TARGET_RTOS_M4_M7/TOOLCHAIN_GCC/HAL_CM4.o
LOAD ./BUILD/NUCLEO_F303K8/GCC_ARM/mbed-rtos/rtx/TARGET_CORTEX_M/TARGET_RTOS_M4_M7/TOOLCHAIN_GCC/SVC_Table.o
LOAD ./BUILD/NUCLEO_F303K8/GCC_ARM/mbed-rtos/rtx/TARGET_CORTEX_M/rt_CMSIS.o
LOAD ./BUILD/NUCLEO_F303K8/GCC_ARM/mbed-rtos/rtx/TARGET_CORTEX_M/rt_Event.o
LOAD ./BUILD/NUCLEO_F303K8/GCC_ARM/mbed-rtos/rtx/TARGET_CORTEX_M/rt_List.o
LOAD ./BUILD/NUCLEO_F303K8/GCC_ARM/mbed-rtos/rtx/TARGET_CORTEX_M/rt_Mailbox.o
LOAD ./BUILD/NUCLEO_F303K8/GCC_ARM/mbed-rtos/rtx/TARGET_CORTEX_M/rt_MemBox.o
LOAD ./BUILD/NUCLEO_F303K8/GCC_ARM/mbed-rtos/rtx/TARGET_CORTEX_M/rt_Memory.o
LOAD ./BUILD/NUCLEO_F303K8/GCC_ARM/mbed-rtos/rtx/TARGET_CORTEX_M/rt_Mutex.o
LOAD ./BUILD/NUCLEO_F303K8/GCC_ARM/mbed-rtos/rtx/TARGET_CORTEX_M/rt_OsEventObserver.o
LOAD ./BUILD/NUCLEO_F303K8/GCC_ARM/mbed-rtos/rtx/TARGET_CORTEX_M/rt_Robin.o
LOAD ./BUILD/NUCLEO_F303K8/GCC_ARM/mbed-rtos/rtx/TARGET_CORTEX_M/rt_Semaphore.o
LOAD ./BUILD/NUCLEO_F303K8/GCC_ARM/mbed-rtos/rtx/TARGET_CORTEX_M/rt_System.o
LOAD ./BUILD/NUCLEO_F303K8/GCC_ARM/mbed-rtos/rtx/TARGET_CORTEX_M/rt_Task.o
LOAD ./BUILD/NUCLEO_F303K8/GCC_ARM/mbed-rtos/rtx/TARGET_CORTEX_M/rt_Time.o
LOAD ./BUILD/NUCLEO_F303K8/GCC_ARM/mbed-rtos/rtx/TARGET_CORTEX_M/rt_Timer.o
START GROUP
LOAD /usr/local/Caskroom/gcc-arm-embedded/7-2017-q4-major/gcc-arm-none-eabi-7-2017-q4-major/bin/../lib/gcc/arm-none-eabi/7.2.1/../../../../arm-none-eabi/lib/thumb/v7e-m/fpv4-sp/softfp/libstdc++_nano.a
LOAD /usr/local/Caskroom/gcc-arm-embedded/7-2017-q4-major/gcc-arm-none-eabi-7-2017-q4-major/bin/../lib/gcc/arm-none-eabi/7.2.1/../../../../arm-none-eabi/lib/thumb/v7e-m/fpv4-sp/softfp/libsupc++_nano.a
LOAD /usr/local/Caskroom/gcc-arm-embedded/7-2017-q4-major/gcc-arm-none-eabi-7-2017-q4-major/bin/../lib/gcc/arm-none-eabi/7.2.1/../../../../arm-none-eabi/lib/thumb/v7e-m/fpv4-sp/softfp/libm.a
LOAD /usr/local/Caskroom/gcc-arm-embedded/7-2017-q4-major/gcc-arm-none-eabi-7-2017-q4-major/bin/../lib/gcc/arm-none-eabi/7.2.1/../../../../arm-none-eabi/lib/thumb/v7e-m/fpv4-sp/softfp/libc_nano.a
LOAD /usr/local/Caskroom/gcc-arm-embedded/7-2017-q4-major/gcc-arm-none-eabi-7-2017-q4-major/bin/../lib/gcc/arm-none-eabi/7.2.1/thumb/v7e-m/fpv4-sp/softfp/libgcc.a
LOAD /usr/local/Caskroom/gcc-arm-embedded/7-2017-q4-major/gcc-arm-none-eabi-7-2017-q4-major/bin/../lib/gcc/arm-none-eabi/7.2.1/../../../../arm-none-eabi/lib/thumb/v7e-m/fpv4-sp/softfp/libnosys.a
END GROUP
LOAD /usr/local/Caskroom/gcc-arm-embedded/7-2017-q4-major/gcc-arm-none-eabi-7-2017-q4-major/bin/../lib/gcc/arm-none-eabi/7.2.1/../../../../arm-none-eabi/lib/thumb/v7e-m/fpv4-sp/softfp/libstdc++_nano.a
LOAD /usr/local/Caskroom/gcc-arm-embedded/7-2017-q4-major/gcc-arm-none-eabi-7-2017-q4-major/bin/../lib/gcc/arm-none-eabi/7.2.1/../../../../arm-none-eabi/lib/thumb/v7e-m/fpv4-sp/softfp/libsupc++_nano.a
LOAD /usr/local/Caskroom/gcc-arm-embedded/7-2017-q4-major/gcc-arm-none-eabi-7-2017-q4-major/bin/../lib/gcc/arm-none-eabi/7.2.1/../../../../arm-none-eabi/lib/thumb/v7e-m/fpv4-sp/softfp/libm.a
LOAD /usr/local/Caskroom/gcc-arm-embedded/7-2017-q4-major/gcc-arm-none-eabi-7-2017-q4-major/bin/../lib/gcc/arm-none-eabi/7.2.1/../../../../arm-none-eabi/lib/thumb/v7e-m/fpv4-sp/softfp/libc_nano.a
LOAD /usr/local/Caskroom/gcc-arm-embedded/7-2017-q4-major/gcc-arm-none-eabi-7-2017-q4-major/bin/../lib/gcc/arm-none-eabi/7.2.1/thumb/v7e-m/fpv4-sp/softfp/libgcc.a
LOAD /usr/local/Caskroom/gcc-arm-embedded/7-2017-q4-major/gcc-arm-none-eabi-7-2017-q4-major/bin/../lib/gcc/arm-none-eabi/7.2.1/../../../../arm-none-eabi/lib/thumb/v7e-m/fpv4-sp/softfp/libnosys.a
START GROUP
LOAD /usr/local/Caskroom/gcc-arm-embedded/7-2017-q4-major/gcc-arm-none-eabi-7-2017-q4-major/bin/../lib/gcc/arm-none-eabi/7.2.1/thumb/v7e-m/fpv4-sp/softfp/libgcc.a
LOAD /usr/local/Caskroom/gcc-arm-embedded/7-2017-q4-major/gcc-arm-none-eabi-7-2017-q4-major/bin/../lib/gcc/arm-none-eabi/7.2.1/../../../../arm-none-eabi/lib/thumb/v7e-m/fpv4-sp/softfp/libc_nano.a
END GROUP
START GROUP
LOAD /usr/local/Caskroom/gcc-arm-embedded/7-2017-q4-major/gcc-arm-none-eabi-7-2017-q4-major/bin/../lib/gcc/arm-none-eabi/7.2.1/thumb/v7e-m/fpv4-sp/softfp/libgcc.a
LOAD /usr/local/Caskroom/gcc-arm-embedded/7-2017-q4-major/gcc-arm-none-eabi-7-2017-q4-major/bin/../lib/gcc/arm-none-eabi/7.2.1/../../../../arm-none-eabi/lib/thumb/v7e-m/fpv4-sp/softfp/libc_nano.a
END GROUP
LOAD /usr/local/Caskroom/gcc-arm-embedded/7-2017-q4-major/gcc-arm-none-eabi-7-2017-q4-major/bin/../lib/gcc/arm-none-eabi/7.2.1/thumb/v7e-m/fpv4-sp/softfp/crtend.o
LOAD /usr/local/Caskroom/gcc-arm-embedded/7-2017-q4-major/gcc-arm-none-eabi-7-2017-q4-major/bin/../lib/gcc/arm-none-eabi/7.2.1/thumb/v7e-m/fpv4-sp/softfp/crtn.o

.text           0x0000000008000000     0x7b3c
 *(.isr_vector)
 .isr_vector    0x0000000008000000      0x188 ./BUILD/NUCLEO_F303K8/GCC_ARM/mbed-dev/targets/TARGET_STM/TARGET_STM32F3/TARGET_STM32F303x8/device/TOOLCHAIN_GCC_ARM/startup_stm32f303x8.o
                0x0000000008000000                g_pfnVectors
 *(.text*)
 .text          0x0000000008000188       0x40 /usr/local/Caskroom/gcc-arm-embedded/7-2017-q4-major/gcc-arm-none-eabi-7-2017-q4-major/bin/../lib/gcc/arm-none-eabi/7.2.1/thumb/v7e-m/fpv4-sp/softfp/crtbegin.o
 .text          0x00000000080001c8       0x74 /usr/local/Caskroom/gcc-arm-embedded/7-2017-q4-major/gcc-arm-none-eabi-7-2017-q4-major/bin/../lib/gcc/arm-none-eabi/7.2.1/../../../../arm-none-eabi/lib/thumb/v7e-m/fpv4-sp/softfp/crt0.o
                0x00000000080001c8                _mainCRTStartup
                0x00000000080001c8                _start
 .text._ZN4mbed8CallbackIFvvEE13function_callIPS1_EEvPKv
                0x000000000800023c        0x4 ./BUILD/NUCLEO_F303K8/GCC_ARM/./main.o
                0x000000000800023c                void mbed::Callback<void ()>::function_call<void (*)()>(void const*)
 .text._ZN4mbed8CallbackIFvvEE13function_moveIPS1_EEvPvPKv
                0x0000000008000240        0x8 ./BUILD/NUCLEO_F303K8/GCC_ARM/./main.o
                0x0000000008000240                void mbed::Callback<void ()>::function_move<void (*)()>(void*, void const*)
 .text._ZN4mbed8CallbackIFvvEE13function_dtorIPS1_EEvPv
                0x0000000008000248        0x2 ./BUILD/NUCLEO_F303K8/GCC_ARM/./main.o
                0x0000000008000248                void mbed::Callback<void ()>::function_dtor<void (*)()>(void*)
 *fill*         0x000000000800024a        0x2 
 .text._Z11updateStatev
                0x000000000800024c       0x3c ./BUILD/NUCLEO_F303K8/GCC_ARM/./main.o
                0x000000000800024c                updateState()
 .text._ZN4mbed6PwmOutD2Ev
                0x0000000008000288       0x1c ./BUILD/NUCLEO_F303K8/GCC_ARM/./main.o
                0x0000000008000288                mbed::PwmOut::~PwmOut()
                0x0000000008000288                mbed::PwmOut::~PwmOut()
 .text._ZN4mbed6PwmOutC2E7PinName
                0x00000000080002a4       0x1e ./BUILD/NUCLEO_F303K8/GCC_ARM/./main.o
                0x00000000080002a4                mbed::PwmOut::PwmOut(PinName)
                0x00000000080002a4                mbed::PwmOut::PwmOut(PinName)
 .text._ZN4mbed6PwmOut5writeEf
                0x00000000080002c2       0x26 ./BUILD/NUCLEO_F303K8/GCC_ARM/./main.o
                0x00000000080002c2                mbed::PwmOut::write(float)
 .text._Z8motorOutaf
                0x00000000080002e8       0xbc ./BUILD/NUCLEO_F303K8/GCC_ARM/./main.o
                0x00000000080002e8                motorOut(signed char, float)
 .text._Z9motorHomev
                0x00000000080003a4       0x1a ./BUILD/NUCLEO_F303K8/GCC_ARM/./main.o
                0x00000000080003a4                motorHome()
 *fill*         0x00000000080003be        0x2 
 .text._ZN4mbed8CallbackIFvvEEC2EPS1_
                0x00000000080003c0       0x28 ./BUILD/NUCLEO_F303K8/GCC_ARM/./main.o
                0x00000000080003c0                mbed::Callback<void ()>::Callback(void (*)())
                0x00000000080003c0                mbed::Callback<void ()>::Callback(void (*)())
 .text._ZN4mbed8CallbackIFvvEED2Ev
                0x00000000080003e8       0x10 ./BUILD/NUCLEO_F303K8/GCC_ARM/./main.o
                0x00000000080003e8                mbed::Callback<void ()>::~Callback()
                0x00000000080003e8                mbed::Callback<void ()>::~Callback()
 .text._ZN4mbed6TickerD2Ev
                0x00000000080003f8       0x24 ./BUILD/NUCLEO_F303K8/GCC_ARM/./main.o
                0x00000000080003f8                mbed::Ticker::~Ticker()
                0x00000000080003f8                mbed::Ticker::~Ticker()
 .text._ZN4mbed6TickerD0Ev
                0x000000000800041c       0x12 ./BUILD/NUCLEO_F303K8/GCC_ARM/./main.o
                0x000000000800041c                mbed::Ticker::~Ticker()
 *fill*         0x000000000800042e        0x2 
 .text.startup.main
                0x0000000008000430      0x138 ./BUILD/NUCLEO_F303K8/GCC_ARM/./main.o
                0x0000000008000430                main
 .text.startup._GLOBAL__sub_I_state
                0x0000000008000568      0x154 ./BUILD/NUCLEO_F303K8/GCC_ARM/./main.o
 .text._ZN4mbed8CallbackIFvvEEaSERKS2_
                0x00000000080006bc       0x24 ./BUILD/NUCLEO_F303K8/GCC_ARM/mbed-dev/drivers/CAN.o
                0x00000000080006bc                mbed::Callback<void ()>::operator=(mbed::Callback<void ()> const&)
 .text._ZN4mbed8CallbackIFviEED2Ev
                0x00000000080006e0       0x10 ./BUILD/NUCLEO_F303K8/GCC_ARM/mbed-dev/drivers/I2C.o
                0x00000000080006e0                mbed::Callback<void (int)>::~Callback()
                0x00000000080006e0                mbed::Callback<void (int)>::~Callback()
 .text._ZN4mbed11InterruptInC2E7PinName
                0x00000000080006f0       0x64 ./BUILD/NUCLEO_F303K8/GCC_ARM/mbed-dev/drivers/InterruptIn.o
                0x00000000080006f0                mbed::InterruptIn::InterruptIn(PinName)
                0x00000000080006f0                mbed::InterruptIn::InterruptIn(PinName)
 .text._ZN4mbed11InterruptIncviEv
                0x0000000008000754       0x10 ./BUILD/NUCLEO_F303K8/GCC_ARM/mbed-dev/drivers/InterruptIn.o
                0x0000000008000754                mbed::InterruptIn::operator int()
 .text._ZN4mbed11InterruptInD2Ev
                0x0000000008000764       0x28 ./BUILD/NUCLEO_F303K8/GCC_ARM/mbed-dev/drivers/InterruptIn.o
                0x0000000008000764                mbed::InterruptIn::~InterruptIn()
                0x0000000008000764                mbed::InterruptIn::~InterruptIn()
 .text._ZN4mbed11InterruptInD0Ev
                0x000000000800078c       0x12 ./BUILD/NUCLEO_F303K8/GCC_ARM/mbed-dev/drivers/InterruptIn.o
                0x000000000800078c                mbed::InterruptIn::~InterruptIn()
 .text._ZN4mbed11InterruptIn4riseENS_8CallbackIFvvEEE
                0x000000000800079e       0x4c ./BUILD/NUCLEO_F303K8/GCC_ARM/mbed-dev/drivers/InterruptIn.o
                0x000000000800079e                mbed::InterruptIn::rise(mbed::Callback<void ()>)
 .text._ZN4mbed11InterruptIn4fallENS_8CallbackIFvvEEE
                0x00000000080007ea       0x4c ./BUILD/NUCLEO_F303K8/GCC_ARM/mbed-dev/drivers/InterruptIn.o
                0x00000000080007ea                mbed::InterruptIn::fall(mbed::Callback<void ()>)
 *fill*         0x0000000008000836        0x2 
 .text._ZNK4mbed8CallbackIFvvEE4callEv
                0x0000000008000838       0x28 ./BUILD/NUCLEO_F303K8/GCC_ARM/mbed-dev/drivers/InterruptIn.o
                0x0000000008000838                mbed::Callback<void ()>::call() const
 .text._ZN4mbed11InterruptIn12_irq_handlerEm14gpio_irq_event
                0x0000000008000860       0x24 ./BUILD/NUCLEO_F303K8/GCC_ARM/mbed-dev/drivers/InterruptIn.o
                0x0000000008000860                mbed::InterruptIn::_irq_handler(unsigned long, gpio_irq_event)
 .text._ZN4mbed14CircularBufferINS_11TransactionINS_3SPIEEELm2EmED2Ev
                0x0000000008000884       0x1e ./BUILD/NUCLEO_F303K8/GCC_ARM/mbed-dev/drivers/SPI.o
                0x0000000008000884                mbed::CircularBuffer<mbed::Transaction<mbed::SPI>, 2ul, unsigned long>::~CircularBuffer()
                0x0000000008000884                mbed::CircularBuffer<mbed::Transaction<mbed::SPI>, 2ul, unsigned long>::~CircularBuffer()
 .text._ZN4mbed11TransactionINS_3SPIEEC2Ev
                0x00000000080008a2       0x22 ./BUILD/NUCLEO_F303K8/GCC_ARM/mbed-dev/drivers/SPI.o
                0x00000000080008a2                mbed::Transaction<mbed::SPI>::Transaction()
                0x00000000080008a2                mbed::Transaction<mbed::SPI>::Transaction()
 .text.startup._GLOBAL__sub_I__ZN4mbed3SPI19_transaction_bufferE
                0x00000000080008c4       0x38 ./BUILD/NUCLEO_F303K8/GCC_ARM/mbed-dev/drivers/SPI.o
 .text._ZN4mbed10FileHandle5lseekEli
                0x00000000080008fc        0x6 ./BUILD/NUCLEO_F303K8/GCC_ARM/mbed-dev/drivers/Serial.o
                0x00000000080008fc                mbed::FileHandle::lseek(long, int)
 .text._ZN4mbed10FileHandle5fsyncEv
                0x0000000008000902        0x6 ./BUILD/NUCLEO_F303K8/GCC_ARM/mbed-dev/drivers/Serial.o
                0x0000000008000902                mbed::FileHandle::fsync()
 .text._ZN4mbed10FileHandle4flenEv
                0x0000000008000908        0x6 ./BUILD/NUCLEO_F303K8/GCC_ARM/mbed-dev/drivers/Serial.o
                0x0000000008000908                mbed::FileHandle::flen()
 .text._ZN4mbed10FileHandle12set_blockingEb
                0x000000000800090e        0x6 ./BUILD/NUCLEO_F303K8/GCC_ARM/mbed-dev/drivers/Serial.o
                0x000000000800090e                mbed::FileHandle::set_blocking(bool)
 .text._ZNK4mbed10FileHandle4pollEs
                0x0000000008000914        0x4 ./BUILD/NUCLEO_F303K8/GCC_ARM/mbed-dev/drivers/Serial.o
                0x0000000008000914                mbed::FileHandle::poll(short) const
 .text._ZN4mbed10FileHandle5sigioENS_8CallbackIFvvEEE
                0x0000000008000918        0x2 ./BUILD/NUCLEO_F303K8/GCC_ARM/mbed-dev/drivers/Serial.o
                0x0000000008000918                mbed::FileHandle::sigio(mbed::Callback<void ()>)
 .text._ZN4mbed6Serial4lockEv
                0x000000000800091a        0x2 ./BUILD/NUCLEO_F303K8/GCC_ARM/mbed-dev/drivers/Serial.o
                0x000000000800091a                mbed::Serial::lock()
                0x000000000800091a                mbed::Serial::unlock()
 .text._ZN4mbed6Serial5_getcEv
                0x000000000800091c        0x4 ./BUILD/NUCLEO_F303K8/GCC_ARM/mbed-dev/drivers/Serial.o
                0x000000000800091c                mbed::Serial::_getc()
 .text._ZThn76_N4mbed6Serial5_getcEv
                0x0000000008000920        0x8 ./BUILD/NUCLEO_F303K8/GCC_ARM/mbed-dev/drivers/Serial.o
                0x0000000008000920                non-virtual thunk to mbed::Serial::_getc()
 .text._ZN4mbed6Serial5_putcEi
                0x0000000008000928        0x4 ./BUILD/NUCLEO_F303K8/GCC_ARM/mbed-dev/drivers/Serial.o
                0x0000000008000928                mbed::Serial::_putc(int)
 .text._ZThn76_N4mbed6Serial5_putcEi
                0x000000000800092c        0x8 ./BUILD/NUCLEO_F303K8/GCC_ARM/mbed-dev/drivers/Serial.o
                0x000000000800092c                non-virtual thunk to mbed::Serial::_putc(int)
 .text._ZN4mbed6SerialD2Ev
                0x0000000008000934       0x38 ./BUILD/NUCLEO_F303K8/GCC_ARM/mbed-dev/drivers/Serial.o
                0x0000000008000934                mbed::Serial::~Serial()
                0x0000000008000934                mbed::Serial::~Serial()
                0x0000000008000960                non-virtual thunk to mbed::Serial::~Serial()
                0x0000000008000966                non-virtual thunk to mbed::Serial::~Serial()
 .text._ZN4mbed6SerialD0Ev
                0x000000000800096c       0x1e ./BUILD/NUCLEO_F303K8/GCC_ARM/mbed-dev/drivers/Serial.o
                0x000000000800096c                mbed::Serial::~Serial()
                0x000000000800097e                non-virtual thunk to mbed::Serial::~Serial()
                0x0000000008000984                non-virtual thunk to mbed::Serial::~Serial()
 .text._ZThn76_N4mbed6Serial6unlockEv
                0x000000000800098a        0x2 ./BUILD/NUCLEO_F303K8/GCC_ARM/mbed-dev/drivers/Serial.o
                0x000000000800098a                non-virtual thunk to mbed::Serial::unlock()
 .text._ZThn76_N4mbed6Serial4lockEv
                0x000000000800098c        0x2 ./BUILD/NUCLEO_F303K8/GCC_ARM/mbed-dev/drivers/Serial.o
                0x000000000800098c                non-virtual thunk to mbed::Serial::lock()
 *fill*         0x000000000800098e        0x2 
 .text._ZN4mbed6SerialC2E7PinNameS1_PKci
                0x0000000008000990       0x30 ./BUILD/NUCLEO_F303K8/GCC_ARM/mbed-dev/drivers/Serial.o
                0x0000000008000990                mbed::Serial::Serial(PinName, PinName, char const*, int)
                0x0000000008000990                mbed::Serial::Serial(PinName, PinName, char const*, int)
 .text._ZN4mbed10SerialBase4lockEv
                0x00000000080009c0        0x2 ./BUILD/NUCLEO_F303K8/GCC_ARM/mbed-dev/drivers/SerialBase.o
                0x00000000080009c0                mbed::SerialBase::unlock()
                0x00000000080009c0                mbed::SerialBase::lock()
 *fill*         0x00000000080009c2        0x2 
 .text._ZN4mbed10SerialBase12_irq_handlerEm9SerialIrq
                0x00000000080009c4       0x38 ./BUILD/NUCLEO_F303K8/GCC_ARM/mbed-dev/drivers/SerialBase.o
                0x00000000080009c4                mbed::SerialBase::_irq_handler(unsigned long, SerialIrq)
 .text._ZN4mbed10SerialBase10_base_getcEv
                0x00000000080009fc        0x6 ./BUILD/NUCLEO_F303K8/GCC_ARM/mbed-dev/drivers/SerialBase.o
                0x00000000080009fc                mbed::SerialBase::_base_getc()
 .text._ZN4mbed10SerialBase10_base_putcEi
                0x0000000008000a02        0xe ./BUILD/NUCLEO_F303K8/GCC_ARM/mbed-dev/drivers/SerialBase.o
                0x0000000008000a02                mbed::SerialBase::_base_putc(int)
 .text._ZN4mbed10SerialBaseC2E7PinNameS1_i
                0x0000000008000a10       0x9c ./BUILD/NUCLEO_F303K8/GCC_ARM/mbed-dev/drivers/SerialBase.o
                0x0000000008000a10                mbed::SerialBase::SerialBase(PinName, PinName, int)
                0x0000000008000a10                mbed::SerialBase::SerialBase(PinName, PinName, int)
 .text._ZN4mbed10SerialBase6attachENS_8CallbackIFvvEEENS0_7IrqTypeE
                0x0000000008000aac       0x70 ./BUILD/NUCLEO_F303K8/GCC_ARM/mbed-dev/drivers/SerialBase.o
                0x0000000008000aac                mbed::SerialBase::attach(mbed::Callback<void ()>, mbed::SerialBase::IrqType)
 .text._ZN4mbed10SerialBaseD2Ev
                0x0000000008000b1c       0x60 ./BUILD/NUCLEO_F303K8/GCC_ARM/mbed-dev/drivers/SerialBase.o
                0x0000000008000b1c                mbed::SerialBase::~SerialBase()
                0x0000000008000b1c                mbed::SerialBase::~SerialBase()
 .text._ZN4mbed10SerialBaseD0Ev
                0x0000000008000b7c       0x12 ./BUILD/NUCLEO_F303K8/GCC_ARM/mbed-dev/drivers/SerialBase.o
                0x0000000008000b7c                mbed::SerialBase::~SerialBase()
 .text._ZN4mbed6Ticker7handlerEv
                0x0000000008000b8e       0x2e ./BUILD/NUCLEO_F303K8/GCC_ARM/mbed-dev/drivers/Ticker.o
                0x0000000008000b8e                mbed::Ticker::handler()
 .text._ZN4mbed6Ticker6detachEv
                0x0000000008000bbc       0x52 ./BUILD/NUCLEO_F303K8/GCC_ARM/mbed-dev/drivers/Ticker.o
                0x0000000008000bbc                mbed::Ticker::detach()
 .text._ZN4mbed5TimerD2Ev
                0x0000000008000c0e       0x20 ./BUILD/NUCLEO_F303K8/GCC_ARM/mbed-dev/drivers/Timer.o
                0x0000000008000c0e                mbed::Timer::~Timer()
                0x0000000008000c0e                mbed::Timer::~Timer()
 .text._ZN4mbed5Timer5startEv
                0x0000000008000c2e       0x2a ./BUILD/NUCLEO_F303K8/GCC_ARM/mbed-dev/drivers/Timer.o
                0x0000000008000c2e                mbed::Timer::start()
 .text._ZN4mbed5Timer9slicetimeEv
                0x0000000008000c58       0x30 ./BUILD/NUCLEO_F303K8/GCC_ARM/mbed-dev/drivers/Timer.o
                0x0000000008000c58                mbed::Timer::slicetime()
 .text._ZN4mbed5Timer4stopEv
                0x0000000008000c88       0x38 ./BUILD/NUCLEO_F303K8/GCC_ARM/mbed-dev/drivers/Timer.o
                0x0000000008000c88                mbed::Timer::stop()
 .text._ZN4mbed5Timer23read_high_resolution_usEv
                0x0000000008000cc0       0x26 ./BUILD/NUCLEO_F303K8/GCC_ARM/mbed-dev/drivers/Timer.o
                0x0000000008000cc0                mbed::Timer::read_high_resolution_us()
 .text._ZN4mbed5Timer7read_usEv
                0x0000000008000ce6        0x8 ./BUILD/NUCLEO_F303K8/GCC_ARM/mbed-dev/drivers/Timer.o
                0x0000000008000ce6                mbed::Timer::read_us()
 .text._ZN4mbed5Timer5resetEv
                0x0000000008000cee       0x22 ./BUILD/NUCLEO_F303K8/GCC_ARM/mbed-dev/drivers/Timer.o
                0x0000000008000cee                mbed::Timer::reset()
 .text._ZN4mbed5TimerC2Ev
                0x0000000008000d10       0x28 ./BUILD/NUCLEO_F303K8/GCC_ARM/mbed-dev/drivers/Timer.o
                0x0000000008000d10                mbed::Timer::Timer()
                0x0000000008000d10                mbed::Timer::Timer()
 .text._ZN4mbed10TimerEvent3irqEm
                0x0000000008000d38        0x6 ./BUILD/NUCLEO_F303K8/GCC_ARM/mbed-dev/drivers/TimerEvent.o
                0x0000000008000d38                mbed::TimerEvent::irq(unsigned long)
 *fill*         0x0000000008000d3e        0x2 
 .text._ZN4mbed10TimerEventC2Ev
                0x0000000008000d40       0x30 ./BUILD/NUCLEO_F303K8/GCC_ARM/mbed-dev/drivers/TimerEvent.o
                0x0000000008000d40                mbed::TimerEvent::TimerEvent()
                0x0000000008000d40                mbed::TimerEvent::TimerEvent()
 .text._ZN4mbed10TimerEvent15insert_absoluteEy
                0x0000000008000d70       0x14 ./BUILD/NUCLEO_F303K8/GCC_ARM/mbed-dev/drivers/TimerEvent.o
                0x0000000008000d70                mbed::TimerEvent::insert_absolute(unsigned long long)
 .text._ZN4mbed10TimerEvent6removeEv
                0x0000000008000d84        0xa ./BUILD/NUCLEO_F303K8/GCC_ARM/mbed-dev/drivers/TimerEvent.o
                0x0000000008000d84                mbed::TimerEvent::remove()
 *fill*         0x0000000008000d8e        0x2 
 .text._ZN4mbed10TimerEventD2Ev
                0x0000000008000d90       0x14 ./BUILD/NUCLEO_F303K8/GCC_ARM/mbed-dev/drivers/TimerEvent.o
                0x0000000008000d90                mbed::TimerEvent::~TimerEvent()
                0x0000000008000d90                mbed::TimerEvent::~TimerEvent()
 .text._ZN4mbed10FileHandle4tellEv
                0x0000000008000da4        0xa ./BUILD/NUCLEO_F303K8/GCC_ARM/mbed-dev/drivers/UARTSerial.o
                0x0000000008000da4                mbed::FileHandle::tell()
 .text._ZN4mbed10FileHandle6rewindEv
                0x0000000008000dae        0xa ./BUILD/NUCLEO_F303K8/GCC_ARM/mbed-dev/drivers/UARTSerial.o
                0x0000000008000dae                mbed::FileHandle::rewind()
 .text._gpio_init_in
                0x0000000008000db8       0x26 ./BUILD/NUCLEO_F303K8/GCC_ARM/mbed-dev/hal/mbed_gpio.o
 .text._gpio_init_out.part.1
                0x0000000008000dde       0x26 ./BUILD/NUCLEO_F303K8/GCC_ARM/mbed-dev/hal/mbed_gpio.o
 .text.gpio_init_in
                0x0000000008000e04        0x6 ./BUILD/NUCLEO_F303K8/GCC_ARM/mbed-dev/hal/mbed_gpio.o
                0x0000000008000e04                gpio_init_in
 .text.gpio_init_out_ex
                0x0000000008000e0a       0x20 ./BUILD/NUCLEO_F303K8/GCC_ARM/mbed-dev/hal/mbed_gpio.o
                0x0000000008000e0a                gpio_init_out_ex
 .text.gpio_init_out
                0x0000000008000e2a        0x6 ./BUILD/NUCLEO_F303K8/GCC_ARM/mbed-dev/hal/mbed_gpio.o
                0x0000000008000e2a                gpio_init_out
 .text.pinmap_pinout
                0x0000000008000e30       0x3c ./BUILD/NUCLEO_F303K8/GCC_ARM/mbed-dev/hal/mbed_pinmap_common.o
                0x0000000008000e30                pinmap_pinout
 .text.pinmap_merge
                0x0000000008000e6c       0x24 ./BUILD/NUCLEO_F303K8/GCC_ARM/mbed-dev/hal/mbed_pinmap_common.o
                0x0000000008000e6c                pinmap_merge
 .text.pinmap_find_peripheral
                0x0000000008000e90       0x18 ./BUILD/NUCLEO_F303K8/GCC_ARM/mbed-dev/hal/mbed_pinmap_common.o
                0x0000000008000e90                pinmap_find_peripheral
 .text.pinmap_peripheral
                0x0000000008000ea8       0x20 ./BUILD/NUCLEO_F303K8/GCC_ARM/mbed-dev/hal/mbed_pinmap_common.o
                0x0000000008000ea8                pinmap_peripheral
 .text.pinmap_find_function
                0x0000000008000ec8       0x18 ./BUILD/NUCLEO_F303K8/GCC_ARM/mbed-dev/hal/mbed_pinmap_common.o
                0x0000000008000ec8                pinmap_find_function
 .text.pinmap_function
                0x0000000008000ee0       0x20 ./BUILD/NUCLEO_F303K8/GCC_ARM/mbed-dev/hal/mbed_pinmap_common.o
                0x0000000008000ee0                pinmap_function
 .text.sleep_manager_lock_deep_sleep
                0x0000000008000f00       0x34 ./BUILD/NUCLEO_F303K8/GCC_ARM/mbed-dev/hal/mbed_sleep_manager.o
                0x0000000008000f00                sleep_manager_lock_deep_sleep
 .text.sleep_manager_unlock_deep_sleep
                0x0000000008000f34       0x30 ./BUILD/NUCLEO_F303K8/GCC_ARM/mbed-dev/hal/mbed_sleep_manager.o
                0x0000000008000f34                sleep_manager_unlock_deep_sleep
 .text.update_present_time
                0x0000000008000f64       0xd0 ./BUILD/NUCLEO_F303K8/GCC_ARM/mbed-dev/hal/mbed_ticker_api.o
 .text._ticker_match_interval_passed
                0x0000000008001034       0x28 ./BUILD/NUCLEO_F303K8/GCC_ARM/mbed-dev/hal/mbed_ticker_api.o
                0x0000000008001034                _ticker_match_interval_passed
 .text.schedule_interrupt
                0x000000000800105c       0xdc ./BUILD/NUCLEO_F303K8/GCC_ARM/mbed-dev/hal/mbed_ticker_api.o
 .text.initialize
                0x0000000008001138       0xcc ./BUILD/NUCLEO_F303K8/GCC_ARM/mbed-dev/hal/mbed_ticker_api.o
 .text.ticker_set_handler
                0x0000000008001204       0x1a ./BUILD/NUCLEO_F303K8/GCC_ARM/mbed-dev/hal/mbed_ticker_api.o
                0x0000000008001204                ticker_set_handler
 .text.ticker_irq_handler
                0x000000000800121e       0x4c ./BUILD/NUCLEO_F303K8/GCC_ARM/mbed-dev/hal/mbed_ticker_api.o
                0x000000000800121e                ticker_irq_handler
 .text.ticker_insert_event_us
                0x000000000800126a       0x54 ./BUILD/NUCLEO_F303K8/GCC_ARM/mbed-dev/hal/mbed_ticker_api.o
                0x000000000800126a                ticker_insert_event_us
 .text.ticker_remove_event
                0x00000000080012be       0x36 ./BUILD/NUCLEO_F303K8/GCC_ARM/mbed-dev/hal/mbed_ticker_api.o
                0x00000000080012be                ticker_remove_event
 .text.ticker_read_us
                0x00000000080012f4       0x1e ./BUILD/NUCLEO_F303K8/GCC_ARM/mbed-dev/hal/mbed_ticker_api.o
                0x00000000080012f4                ticker_read_us
 .text.ticker_read
                0x0000000008001312        0x8 ./BUILD/NUCLEO_F303K8/GCC_ARM/mbed-dev/hal/mbed_ticker_api.o
                0x0000000008001312                ticker_read
 *fill*         0x000000000800131a        0x2 
 .text.get_us_ticker_data
                0x000000000800131c        0x8 ./BUILD/NUCLEO_F303K8/GCC_ARM/mbed-dev/hal/mbed_us_ticker_api.o
                0x000000000800131c                get_us_ticker_data
 .text.us_ticker_irq_handler
                0x0000000008001324       0x14 ./BUILD/NUCLEO_F303K8/GCC_ARM/mbed-dev/hal/mbed_us_ticker_api.o
                0x0000000008001324                us_ticker_irq_handler
 .text._ZN4mbed8FileBase11getPathTypeEv
                0x0000000008001338        0x4 ./BUILD/NUCLEO_F303K8/GCC_ARM/mbed-dev/platform/FileBase.o
                0x0000000008001338                mbed::FileBase::getPathType()
 .text._ZN12SingletonPtrI13PlatformMutexE3getEv
                0x000000000800133c       0x28 ./BUILD/NUCLEO_F303K8/GCC_ARM/mbed-dev/platform/FileBase.o
                0x000000000800133c                SingletonPtr<PlatformMutex>::get()
 .text._ZN4mbed8FileBaseC2EPKcNS_8PathTypeE
                0x0000000008001364       0x3c ./BUILD/NUCLEO_F303K8/GCC_ARM/mbed-dev/platform/FileBase.o
                0x0000000008001364                mbed::FileBase::FileBase(char const*, mbed::PathType)
                0x0000000008001364                mbed::FileBase::FileBase(char const*, mbed::PathType)
 .text._ZN4mbed8FileBaseD2Ev
                0x00000000080013a0       0x4c ./BUILD/NUCLEO_F303K8/GCC_ARM/mbed-dev/platform/FileBase.o
                0x00000000080013a0                mbed::FileBase::~FileBase()
                0x00000000080013a0                mbed::FileBase::~FileBase()
 .text._ZN4mbed8FileBaseD0Ev
                0x00000000080013ec       0x12 ./BUILD/NUCLEO_F303K8/GCC_ARM/mbed-dev/platform/FileBase.o
                0x00000000080013ec                mbed::FileBase::~FileBase()
 *fill*         0x00000000080013fe        0x2 
 .text._ZN4mbed8FileBase6lookupEPKcj
                0x0000000008001400       0x40 ./BUILD/NUCLEO_F303K8/GCC_ARM/mbed-dev/platform/FileBase.o
                0x0000000008001400                mbed::FileBase::lookup(char const*, unsigned int)
 .text._ZN4mbed10FileHandle4syncEv
                0x0000000008001440        0x4 ./BUILD/NUCLEO_F303K8/GCC_ARM/mbed-dev/platform/FileHandle.o
                0x0000000008001440                mbed::FileHandle::sync()
 .text._ZN4mbed10FileHandle6isattyEv
                0x0000000008001444        0x4 ./BUILD/NUCLEO_F303K8/GCC_ARM/mbed-dev/platform/FileHandle.o
                0x0000000008001444                mbed::FileHandle::isatty()
 .text._ZN4mbed10FileHandle4sizeEv
                0x0000000008001448       0x32 ./BUILD/NUCLEO_F303K8/GCC_ARM/mbed-dev/platform/FileHandle.o
                0x0000000008001448                mbed::FileHandle::size()
 .text._ZN4mbed6fdopenEPNS_10FileHandleEPKc
                0x000000000800147a        0x4 ./BUILD/NUCLEO_F303K8/GCC_ARM/mbed-dev/platform/FileHandle.o
                0x000000000800147a                mbed::fdopen(mbed::FileHandle*, char const*)
 .text._ZN4mbed8FilePathC2EPKc
                0x000000000800147e       0x3c ./BUILD/NUCLEO_F303K8/GCC_ARM/mbed-dev/platform/FilePath.o
                0x000000000800147e                mbed::FilePath::FilePath(char const*)
                0x000000000800147e                mbed::FilePath::FilePath(char const*)
 .text._ZN4mbed8FilePath8fileNameEv
                0x00000000080014ba        0x4 ./BUILD/NUCLEO_F303K8/GCC_ARM/mbed-dev/platform/FilePath.o
                0x00000000080014ba                mbed::FilePath::fileName()
 .text._ZN4mbed8FilePath12isFileSystemEv
                0x00000000080014be       0x12 ./BUILD/NUCLEO_F303K8/GCC_ARM/mbed-dev/platform/FilePath.o
                0x00000000080014be                mbed::FilePath::isFileSystem()
 .text._ZN4mbed8FilePath10fileSystemEv
                0x00000000080014d0       0x12 ./BUILD/NUCLEO_F303K8/GCC_ARM/mbed-dev/platform/FilePath.o
                0x00000000080014d0                mbed::FilePath::fileSystem()
 .text._ZN4mbed8FilePath6isFileEv
                0x00000000080014e2       0x12 ./BUILD/NUCLEO_F303K8/GCC_ARM/mbed-dev/platform/FilePath.o
                0x00000000080014e2                mbed::FilePath::isFile()
 .text._ZN4mbed8FilePath4fileEv
                0x00000000080014f4       0x12 ./BUILD/NUCLEO_F303K8/GCC_ARM/mbed-dev/platform/FilePath.o
                0x00000000080014f4                mbed::FilePath::file()
 .text._ZN4mbed8FilePath6existsEv
                0x0000000008001506        0xa ./BUILD/NUCLEO_F303K8/GCC_ARM/mbed-dev/platform/FilePath.o
                0x0000000008001506                mbed::FilePath::exists()
 .text._ZN4mbed6Stream4lockEv
                0x0000000008001510        0x2 ./BUILD/NUCLEO_F303K8/GCC_ARM/mbed-dev/platform/Stream.o
                0x0000000008001510                mbed::Stream::lock()
 .text._ZN4mbed6Stream6unlockEv
                0x0000000008001512        0x2 ./BUILD/NUCLEO_F303K8/GCC_ARM/mbed-dev/platform/Stream.o
                0x0000000008001512                mbed::Stream::unlock()
 .text._ZN4mbed6Stream5closeEv
                0x0000000008001514        0x4 ./BUILD/NUCLEO_F303K8/GCC_ARM/mbed-dev/platform/Stream.o
                0x0000000008001514                mbed::Stream::close()
                0x0000000008001514                mbed::Stream::isatty()
                0x0000000008001514                mbed::Stream::sync()
 .text._ZN4mbed6Stream5writeEPKvj
                0x0000000008001518       0x30 ./BUILD/NUCLEO_F303K8/GCC_ARM/mbed-dev/platform/Stream.o
                0x0000000008001518                mbed::Stream::write(void const*, unsigned int)
 .text._ZN4mbed6Stream4readEPvj
                0x0000000008001548       0x32 ./BUILD/NUCLEO_F303K8/GCC_ARM/mbed-dev/platform/Stream.o
                0x0000000008001548                mbed::Stream::read(void*, unsigned int)
 .text._ZN4mbed6Stream4seekEli
                0x000000000800157a        0x4 ./BUILD/NUCLEO_F303K8/GCC_ARM/mbed-dev/platform/Stream.o
                0x000000000800157a                mbed::Stream::seek(long, int)
 .text._ZN4mbed6Stream4tellEv
                0x000000000800157e        0x4 ./BUILD/NUCLEO_F303K8/GCC_ARM/mbed-dev/platform/Stream.o
                0x000000000800157e                mbed::Stream::size()
                0x000000000800157e                mbed::Stream::tell()
 .text._ZN4mbed6Stream6rewindEv
                0x0000000008001582        0x2 ./BUILD/NUCLEO_F303K8/GCC_ARM/mbed-dev/platform/Stream.o
                0x0000000008001582                mbed::Stream::rewind()
 .text._ZN4mbed6StreamC2EPKc
                0x0000000008001584       0x50 ./BUILD/NUCLEO_F303K8/GCC_ARM/mbed-dev/platform/Stream.o
                0x0000000008001584                mbed::Stream::Stream(char const*)
                0x0000000008001584                mbed::Stream::Stream(char const*)
 .text._ZN4mbed6StreamD2Ev
                0x00000000080015d4       0x34 ./BUILD/NUCLEO_F303K8/GCC_ARM/mbed-dev/platform/Stream.o
                0x00000000080015d4                mbed::Stream::~Stream()
                0x00000000080015d4                mbed::Stream::~Stream()
 .text._ZN4mbed6Stream6printfEPKcz
                0x0000000008001608       0x3a ./BUILD/NUCLEO_F303K8/GCC_ARM/mbed-dev/platform/Stream.o
                0x0000000008001608                mbed::Stream::printf(char const*, ...)
 .text.__wrap__malloc_r
                0x0000000008001642        0x4 ./BUILD/NUCLEO_F303K8/GCC_ARM/mbed-dev/platform/mbed_alloc_wrappers.o
                0x0000000008001642                __wrap__malloc_r
 .text.__wrap__realloc_r
                0x0000000008001646        0x4 ./BUILD/NUCLEO_F303K8/GCC_ARM/mbed-dev/platform/mbed_alloc_wrappers.o
                0x0000000008001646                __wrap__realloc_r
 .text.__wrap__free_r
                0x000000000800164a        0x4 ./BUILD/NUCLEO_F303K8/GCC_ARM/mbed-dev/platform/mbed_alloc_wrappers.o
                0x000000000800164a                __wrap__free_r
 *fill*         0x000000000800164e        0x2 
 .text.mbed_assert_internal
                0x0000000008001650       0x24 ./BUILD/NUCLEO_F303K8/GCC_ARM/mbed-dev/platform/mbed_assert.o
                0x0000000008001650                mbed_assert_internal
 .text.mbed_die
                0x0000000008001674       0x52 ./BUILD/NUCLEO_F303K8/GCC_ARM/mbed-dev/platform/mbed_board.o
                0x0000000008001674                mbed_die
 *fill*         0x00000000080016c6        0x2 
 .text.mbed_error_vfprintf
                0x00000000080016c8       0x50 ./BUILD/NUCLEO_F303K8/GCC_ARM/mbed-dev/platform/mbed_board.o
                0x00000000080016c8                mbed_error_vfprintf
 .text.mbed_error_printf
                0x0000000008001718       0x1a ./BUILD/NUCLEO_F303K8/GCC_ARM/mbed-dev/platform/mbed_board.o
                0x0000000008001718                mbed_error_printf
 .text.core_util_are_interrupts_enabled
                0x0000000008001732        0xc ./BUILD/NUCLEO_F303K8/GCC_ARM/mbed-dev/platform/mbed_critical.o
                0x0000000008001732                core_util_are_interrupts_enabled
 *fill*         0x000000000800173e        0x2 
 .text.core_util_critical_section_enter
                0x0000000008001740       0x58 ./BUILD/NUCLEO_F303K8/GCC_ARM/mbed-dev/platform/mbed_critical.o
                0x0000000008001740                core_util_critical_section_enter
 .text.core_util_critical_section_exit
                0x0000000008001798       0x3c ./BUILD/NUCLEO_F303K8/GCC_ARM/mbed-dev/platform/mbed_critical.o
                0x0000000008001798                core_util_critical_section_exit
 .text.core_util_atomic_incr_u16
                0x00000000080017d4       0x1a ./BUILD/NUCLEO_F303K8/GCC_ARM/mbed-dev/platform/mbed_critical.o
                0x00000000080017d4                core_util_atomic_incr_u16
 .text.core_util_atomic_decr_u16
                0x00000000080017ee       0x1a ./BUILD/NUCLEO_F303K8/GCC_ARM/mbed-dev/platform/mbed_critical.o
                0x00000000080017ee                core_util_atomic_decr_u16
 .text.error    0x0000000008001808       0x2c ./BUILD/NUCLEO_F303K8/GCC_ARM/mbed-dev/platform/mbed_error.o
                0x0000000008001808                error
 .text._ZL11init_serialv
                0x0000000008001834       0x2c ./BUILD/NUCLEO_F303K8/GCC_ARM/mbed-dev/platform/mbed_retarget.o
 .text._close   0x0000000008001860       0x40 ./BUILD/NUCLEO_F303K8/GCC_ARM/mbed-dev/platform/mbed_retarget.o
                0x0000000008001860                _close
 .text._write   0x00000000080018a0       0x64 ./BUILD/NUCLEO_F303K8/GCC_ARM/mbed-dev/platform/mbed_retarget.o
                0x00000000080018a0                _write
 .text._read    0x0000000008001904       0x58 ./BUILD/NUCLEO_F303K8/GCC_ARM/mbed-dev/platform/mbed_retarget.o
                0x0000000008001904                _read
 .text._isatty  0x000000000800195c       0x3c ./BUILD/NUCLEO_F303K8/GCC_ARM/mbed-dev/platform/mbed_retarget.o
                0x000000000800195c                _isatty
 .text._lseek   0x0000000008001998       0x40 ./BUILD/NUCLEO_F303K8/GCC_ARM/mbed-dev/platform/mbed_retarget.o
                0x0000000008001998                _lseek
 .text._fstat   0x00000000080019d8       0x50 ./BUILD/NUCLEO_F303K8/GCC_ARM/mbed-dev/platform/mbed_retarget.o
                0x00000000080019d8                _fstat
 .text.__cxa_pure_virtual
                0x0000000008001a28        0x8 ./BUILD/NUCLEO_F303K8/GCC_ARM/mbed-dev/platform/mbed_retarget.o
                0x0000000008001a28                __cxa_pure_virtual
 .text._sbrk    0x0000000008001a30       0x44 ./BUILD/NUCLEO_F303K8/GCC_ARM/mbed-dev/platform/mbed_retarget.o
                0x0000000008001a30                _sbrk
 .text._exit    0x0000000008001a74       0x24 ./BUILD/NUCLEO_F303K8/GCC_ARM/mbed-dev/platform/mbed_retarget.o
                0x0000000008001a74                _exit
 .text.__aeabi_atexit
                0x0000000008001a98        0x4 ./BUILD/NUCLEO_F303K8/GCC_ARM/mbed-dev/platform/mbed_retarget.o
                0x0000000008001a98                __aeabi_atexit
 .text.__wrap_exit
                0x0000000008001a9c        0x6 ./BUILD/NUCLEO_F303K8/GCC_ARM/mbed-dev/platform/mbed_retarget.o
                0x0000000008001a9c                __wrap_exit
 .text.__wrap_atexit
                0x0000000008001aa2        0x4 ./BUILD/NUCLEO_F303K8/GCC_ARM/mbed-dev/platform/mbed_retarget.o
                0x0000000008001aa2                __wrap_atexit
 .text._ZN4mbed26mbed_set_unbuffered_streamEP7__sFILE
                0x0000000008001aa6        0x6 ./BUILD/NUCLEO_F303K8/GCC_ARM/mbed-dev/platform/mbed_retarget.o
                0x0000000008001aa6                mbed::mbed_set_unbuffered_stream(__sFILE*)
 .text._ZN4mbed11mbed_fdopenEPNS_10FileHandleEPKc
                0x0000000008001aac       0x3c ./BUILD/NUCLEO_F303K8/GCC_ARM/mbed-dev/platform/mbed_retarget.o
                0x0000000008001aac                mbed::mbed_fdopen(mbed::FileHandle*, char const*)
 .text.__malloc_lock
                0x0000000008001ae8        0x8 ./BUILD/NUCLEO_F303K8/GCC_ARM/mbed-dev/platform/mbed_retarget.o
                0x0000000008001ae8                __malloc_lock
 .text.__malloc_unlock
                0x0000000008001af0        0x8 ./BUILD/NUCLEO_F303K8/GCC_ARM/mbed-dev/platform/mbed_retarget.o
                0x0000000008001af0                __malloc_unlock
 .text._ZdlPv   0x0000000008001af8        0x4 ./BUILD/NUCLEO_F303K8/GCC_ARM/mbed-dev/platform/mbed_retarget.o
                0x0000000008001af8                operator delete(void*)
 .text.us_ticker_get_info
                0x0000000008001afc        0x8 ./BUILD/NUCLEO_F303K8/GCC_ARM/mbed-dev/platform/mbed_retarget.o
                0x0000000008001afc                us_ticker_get_info
 .text._ZN4mbed17remove_filehandleEPNS_10FileHandleE
                0x0000000008001b04       0x34 ./BUILD/NUCLEO_F303K8/GCC_ARM/mbed-dev/platform/mbed_retarget.o
                0x0000000008001b04                mbed::remove_filehandle(mbed::FileHandle*)
 .text._open    0x0000000008001b38      0x11c ./BUILD/NUCLEO_F303K8/GCC_ARM/mbed-dev/platform/mbed_retarget.o
                0x0000000008001b38                _open
 .text.mbed_main
                0x0000000008001c54        0x2 ./BUILD/NUCLEO_F303K8/GCC_ARM/mbed-dev/platform/mbed_sdk_boot.o
                0x0000000008001c54                mbed_main
 *fill*         0x0000000008001c56        0x2 
 .text.mbed_copy_nvic
                0x0000000008001c58       0x2c ./BUILD/NUCLEO_F303K8/GCC_ARM/mbed-dev/platform/mbed_sdk_boot.o
                0x0000000008001c58                mbed_copy_nvic
 .text.software_init_hook
                0x0000000008001c84       0x10 ./BUILD/NUCLEO_F303K8/GCC_ARM/mbed-dev/platform/mbed_sdk_boot.o
                0x0000000008001c84                software_init_hook
 .text.__wrap_main
                0x0000000008001c94        0xe ./BUILD/NUCLEO_F303K8/GCC_ARM/mbed-dev/platform/mbed_sdk_boot.o
                0x0000000008001c94                __wrap_main
 .text.wait_us  0x0000000008001ca2       0x1e ./BUILD/NUCLEO_F303K8/GCC_ARM/mbed-dev/platform/mbed_wait_api_no_rtos.o
                0x0000000008001ca2                wait_us
 .text.wait     0x0000000008001cc0       0x1c ./BUILD/NUCLEO_F303K8/GCC_ARM/mbed-dev/platform/mbed_wait_api_no_rtos.o
                0x0000000008001cc0                wait
 .text.wait_ms  0x0000000008001cdc        0xa ./BUILD/NUCLEO_F303K8/GCC_ARM/mbed-dev/platform/mbed_wait_api_no_rtos.o
                0x0000000008001cdc                wait_ms
 *fill*         0x0000000008001ce6        0x2 
 .text.SystemInit
                0x0000000008001ce8       0x68 ./BUILD/NUCLEO_F303K8/GCC_ARM/mbed-dev/targets/TARGET_STM/TARGET_STM32F3/TARGET_STM32F303x8/TARGET_NUCLEO_F303K8/system_clock.o
                0x0000000008001ce8                SystemInit
 .text.SetSysClock_PLL_HSI
                0x0000000008001d50       0x4e ./BUILD/NUCLEO_F303K8/GCC_ARM/mbed-dev/targets/TARGET_STM/TARGET_STM32F3/TARGET_STM32F303x8/TARGET_NUCLEO_F303K8/system_clock.o
                0x0000000008001d50                SetSysClock_PLL_HSI
 .text.SetSysClock
                0x0000000008001d9e        0xc ./BUILD/NUCLEO_F303K8/GCC_ARM/mbed-dev/targets/TARGET_STM/TARGET_STM32F3/TARGET_STM32F303x8/TARGET_NUCLEO_F303K8/system_clock.o
                0x0000000008001d9e                SetSysClock
 *fill*         0x0000000008001daa        0x2 
 .text.Reset_Handler
                0x0000000008001dac       0x34 ./BUILD/NUCLEO_F303K8/GCC_ARM/mbed-dev/targets/TARGET_STM/TARGET_STM32F3/TARGET_STM32F303x8/device/TOOLCHAIN_GCC_ARM/startup_stm32f303x8.o
                0x0000000008001dac                Reset_Handler
 .text.Default_Handler
                0x0000000008001de0        0x2 ./BUILD/NUCLEO_F303K8/GCC_ARM/mbed-dev/targets/TARGET_STM/TARGET_STM32F3/TARGET_STM32F303x8/device/TOOLCHAIN_GCC_ARM/startup_stm32f303x8.o
                0x0000000008001de0                TIM1_BRK_TIM15_IRQHandler
                0x0000000008001de0                DebugMon_Handler
                0x0000000008001de0                TIM1_CC_IRQHandler
                0x0000000008001de0                HardFault_Handler
                0x0000000008001de0                PVD_IRQHandler
                0x0000000008001de0                TAMP_STAMP_IRQHandler
                0x0000000008001de0                NMI_Handler
                0x0000000008001de0                EXTI3_IRQHandler
                0x0000000008001de0                EXTI0_IRQHandler
                0x0000000008001de0                FPU_IRQHandler
                0x0000000008001de0                TIM1_UP_TIM16_IRQHandler
                0x0000000008001de0                UsageFault_Handler
                0x0000000008001de0                ADC1_2_IRQHandler
                0x0000000008001de0                SPI1_IRQHandler
                0x0000000008001de0                DMA1_Channel4_IRQHandler
                0x0000000008001de0                USART3_IRQHandler
                0x0000000008001de0                DMA1_Channel7_IRQHandler
                0x0000000008001de0                TIM7_DAC2_IRQHandler
                0x0000000008001de0                CAN_RX1_IRQHandler
                0x0000000008001de0                I2C1_EV_IRQHandler
                0x0000000008001de0                DMA1_Channel6_IRQHandler
                0x0000000008001de0                TIM3_IRQHandler
                0x0000000008001de0                RCC_IRQHandler
                0x0000000008001de0                DMA1_Channel1_IRQHandler
                0x0000000008001de0                Default_Handler
                0x0000000008001de0                EXTI15_10_IRQHandler
                0x0000000008001de0                COMP2_IRQHandler
                0x0000000008001de0                TIM6_DAC1_IRQHandler
                0x0000000008001de0                EXTI9_5_IRQHandler
                0x0000000008001de0                RTC_WKUP_IRQHandler
                0x0000000008001de0                MemManage_Handler
                0x0000000008001de0                DMA1_Channel5_IRQHandler
                0x0000000008001de0                EXTI4_IRQHandler
                0x0000000008001de0                TIM1_TRG_COM_TIM17_IRQHandler
                0x0000000008001de0                DMA1_Channel3_IRQHandler
                0x0000000008001de0                WWDG_IRQHandler
                0x0000000008001de0                TIM2_IRQHandler
                0x0000000008001de0                EXTI1_IRQHandler
                0x0000000008001de0                COMP4_6_IRQHandler
                0x0000000008001de0                USART2_IRQHandler
                0x0000000008001de0                DMA1_Channel2_IRQHandler
                0x0000000008001de0                FLASH_IRQHandler
                0x0000000008001de0                BusFault_Handler
                0x0000000008001de0                USART1_IRQHandler
                0x0000000008001de0                I2C1_ER_IRQHandler
                0x0000000008001de0                EXTI2_TSC_IRQHandler
                0x0000000008001de0                RTC_Alarm_IRQHandler
 .text.HAL_MspInit
                0x0000000008001de2        0x2 ./BUILD/NUCLEO_F303K8/GCC_ARM/mbed-dev/targets/TARGET_STM/TARGET_STM32F3/device/stm32f3xx_hal.o
                0x0000000008001de2                HAL_MspInit
 .text.HAL_Init
                0x0000000008001de4       0x24 ./BUILD/NUCLEO_F303K8/GCC_ARM/mbed-dev/targets/TARGET_STM/TARGET_STM32F3/device/stm32f3xx_hal.o
                0x0000000008001de4                HAL_Init
 .text.HAL_IncTick
                0x0000000008001e08       0x10 ./BUILD/NUCLEO_F303K8/GCC_ARM/mbed-dev/targets/TARGET_STM/TARGET_STM32F3/device/stm32f3xx_hal.o
                0x0000000008001e08                HAL_IncTick
 .text.HAL_GetTick
                0x0000000008001e18        0xc ./BUILD/NUCLEO_F303K8/GCC_ARM/mbed-dev/targets/TARGET_STM/TARGET_STM32F3/device/stm32f3xx_hal.o
                0x0000000008001e18                HAL_GetTick
 .text.HAL_NVIC_SetPriorityGrouping
                0x0000000008001e24       0x24 ./BUILD/NUCLEO_F303K8/GCC_ARM/mbed-dev/targets/TARGET_STM/TARGET_STM32F3/device/stm32f3xx_hal_cortex.o
                0x0000000008001e24                HAL_NVIC_SetPriorityGrouping
 .text.HAL_RCC_OscConfig
                0x0000000008001e48      0x4e4 ./BUILD/NUCLEO_F303K8/GCC_ARM/mbed-dev/targets/TARGET_STM/TARGET_STM32F3/device/stm32f3xx_hal_rcc.o
                0x0000000008001e48                HAL_RCC_OscConfig
 .text.HAL_RCC_GetSysClockFreq
                0x000000000800232c       0x64 ./BUILD/NUCLEO_F303K8/GCC_ARM/mbed-dev/targets/TARGET_STM/TARGET_STM32F3/device/stm32f3xx_hal_rcc.o
                0x000000000800232c                HAL_RCC_GetSysClockFreq
 .text.HAL_RCC_ClockConfig
                0x0000000008002390      0x180 ./BUILD/NUCLEO_F303K8/GCC_ARM/mbed-dev/targets/TARGET_STM/TARGET_STM32F3/device/stm32f3xx_hal_rcc.o
                0x0000000008002390                HAL_RCC_ClockConfig
 .text.HAL_RCC_GetPCLK1Freq
                0x0000000008002510       0x30 ./BUILD/NUCLEO_F303K8/GCC_ARM/mbed-dev/targets/TARGET_STM/TARGET_STM32F3/device/stm32f3xx_hal_rcc.o
                0x0000000008002510                HAL_RCC_GetPCLK1Freq
 .text.HAL_RCC_GetPCLK2Freq
                0x0000000008002540       0x30 ./BUILD/NUCLEO_F303K8/GCC_ARM/mbed-dev/targets/TARGET_STM/TARGET_STM32F3/device/stm32f3xx_hal_rcc.o
                0x0000000008002540                HAL_RCC_GetPCLK2Freq
 .text.HAL_RCC_GetClockConfig
                0x0000000008002570       0x3c ./BUILD/NUCLEO_F303K8/GCC_ARM/mbed-dev/targets/TARGET_STM/TARGET_STM32F3/device/stm32f3xx_hal_rcc.o
                0x0000000008002570                HAL_RCC_GetClockConfig
 .text.HAL_TIM_OC_MspInit
                0x00000000080025ac        0x2 ./BUILD/NUCLEO_F303K8/GCC_ARM/mbed-dev/targets/TARGET_STM/TARGET_STM32F3/device/stm32f3xx_hal_tim.o
                0x00000000080025ac                HAL_TIM_OC_MspInit
 .text.HAL_TIM_PWM_MspInit
                0x00000000080025ae        0x2 ./BUILD/NUCLEO_F303K8/GCC_ARM/mbed-dev/targets/TARGET_STM/TARGET_STM32F3/device/stm32f3xx_hal_tim.o
                0x00000000080025ae                HAL_TIM_PWM_MspInit
 .text.TIM_Base_SetConfig
                0x00000000080025b0       0x94 ./BUILD/NUCLEO_F303K8/GCC_ARM/mbed-dev/targets/TARGET_STM/TARGET_STM32F3/device/stm32f3xx_hal_tim.o
                0x00000000080025b0                TIM_Base_SetConfig
 .text.HAL_TIM_OC_Init
                0x0000000008002644       0x34 ./BUILD/NUCLEO_F303K8/GCC_ARM/mbed-dev/targets/TARGET_STM/TARGET_STM32F3/device/stm32f3xx_hal_tim.o
                0x0000000008002644                HAL_TIM_OC_Init
 .text.HAL_TIM_PWM_Init
                0x0000000008002678       0x34 ./BUILD/NUCLEO_F303K8/GCC_ARM/mbed-dev/targets/TARGET_STM/TARGET_STM32F3/device/stm32f3xx_hal_tim.o
                0x0000000008002678                HAL_TIM_PWM_Init
 .text.TIM_OC1_SetConfig
                0x00000000080026ac       0x88 ./BUILD/NUCLEO_F303K8/GCC_ARM/mbed-dev/targets/TARGET_STM/TARGET_STM32F3/device/stm32f3xx_hal_tim.o
                0x00000000080026ac                TIM_OC1_SetConfig
 .text.TIM_OC2_SetConfig
                0x0000000008002734       0x78 ./BUILD/NUCLEO_F303K8/GCC_ARM/mbed-dev/targets/TARGET_STM/TARGET_STM32F3/device/stm32f3xx_hal_tim.o
                0x0000000008002734                TIM_OC2_SetConfig
 .text.TIM_OC3_SetConfig
                0x00000000080027ac       0x78 ./BUILD/NUCLEO_F303K8/GCC_ARM/mbed-dev/targets/TARGET_STM/TARGET_STM32F3/device/stm32f3xx_hal_tim.o
                0x00000000080027ac                TIM_OC3_SetConfig
 .text.TIM_OC4_SetConfig
                0x0000000008002824       0x60 ./BUILD/NUCLEO_F303K8/GCC_ARM/mbed-dev/targets/TARGET_STM/TARGET_STM32F3/device/stm32f3xx_hal_tim.o
                0x0000000008002824                TIM_OC4_SetConfig
 .text.TIM_CCxChannelCmd
                0x0000000008002884       0x18 ./BUILD/NUCLEO_F303K8/GCC_ARM/mbed-dev/targets/TARGET_STM/TARGET_STM32F3/device/stm32f3xx_hal_tim.o
                0x0000000008002884                TIM_CCxChannelCmd
 .text.HAL_TIM_OC_Start
                0x000000000800289c       0x44 ./BUILD/NUCLEO_F303K8/GCC_ARM/mbed-dev/targets/TARGET_STM/TARGET_STM32F3/device/stm32f3xx_hal_tim.o
                0x000000000800289c                HAL_TIM_OC_Start
 .text.HAL_TIM_PWM_Start
                0x00000000080028e0        0x4 ./BUILD/NUCLEO_F303K8/GCC_ARM/mbed-dev/targets/TARGET_STM/TARGET_STM32F3/device/stm32f3xx_hal_tim.o
                0x00000000080028e0                HAL_TIM_PWM_Start
 .text.TIM_CCxNChannelCmd
                0x00000000080028e4       0x18 ./BUILD/NUCLEO_F303K8/GCC_ARM/mbed-dev/targets/TARGET_STM/TARGET_STM32F3/device/stm32f3xx_hal_tim_ex.o
 .text.TIM_OC5_SetConfig
                0x00000000080028fc       0x60 ./BUILD/NUCLEO_F303K8/GCC_ARM/mbed-dev/targets/TARGET_STM/TARGET_STM32F3/device/stm32f3xx_hal_tim_ex.o
 .text.TIM_OC6_SetConfig
                0x000000000800295c       0x60 ./BUILD/NUCLEO_F303K8/GCC_ARM/mbed-dev/targets/TARGET_STM/TARGET_STM32F3/device/stm32f3xx_hal_tim_ex.o
 .text.HAL_TIMEx_OCN_Start
                0x00000000080029bc       0x22 ./BUILD/NUCLEO_F303K8/GCC_ARM/mbed-dev/targets/TARGET_STM/TARGET_STM32F3/device/stm32f3xx_hal_tim_ex.o
                0x00000000080029bc                HAL_TIMEx_OCN_Start
 .text.HAL_TIMEx_PWMN_Start
                0x00000000080029de        0x4 ./BUILD/NUCLEO_F303K8/GCC_ARM/mbed-dev/targets/TARGET_STM/TARGET_STM32F3/device/stm32f3xx_hal_tim_ex.o
                0x00000000080029de                HAL_TIMEx_PWMN_Start
 .text.HAL_TIM_PWM_ConfigChannel
                0x00000000080029e2      0x10e ./BUILD/NUCLEO_F303K8/GCC_ARM/mbed-dev/targets/TARGET_STM/TARGET_STM32F3/device/stm32f3xx_hal_tim_ex.o
                0x00000000080029e2                HAL_TIM_PWM_ConfigChannel
 .text.HAL_UART_MspInit
                0x0000000008002af0        0x2 ./BUILD/NUCLEO_F303K8/GCC_ARM/mbed-dev/targets/TARGET_STM/TARGET_STM32F3/device/stm32f3xx_hal_uart.o
                0x0000000008002af0                HAL_UART_MspInit
 *fill*         0x0000000008002af2        0x2 
 .text.UART_SetConfig
                0x0000000008002af4      0x140 ./BUILD/NUCLEO_F303K8/GCC_ARM/mbed-dev/targets/TARGET_STM/TARGET_STM32F3/device/stm32f3xx_hal_uart.o
                0x0000000008002af4                UART_SetConfig
 .text.UART_AdvFeatureConfig
                0x0000000008002c34       0xa8 ./BUILD/NUCLEO_F303K8/GCC_ARM/mbed-dev/targets/TARGET_STM/TARGET_STM32F3/device/stm32f3xx_hal_uart.o
                0x0000000008002c34                UART_AdvFeatureConfig
 .text.UART_WaitOnFlagUntilTimeout
                0x0000000008002cdc       0x60 ./BUILD/NUCLEO_F303K8/GCC_ARM/mbed-dev/targets/TARGET_STM/TARGET_STM32F3/device/stm32f3xx_hal_uart.o
                0x0000000008002cdc                UART_WaitOnFlagUntilTimeout
 .text.UART_CheckIdleState
                0x0000000008002d3c       0x64 ./BUILD/NUCLEO_F303K8/GCC_ARM/mbed-dev/targets/TARGET_STM/TARGET_STM32F3/device/stm32f3xx_hal_uart.o
                0x0000000008002d3c                UART_CheckIdleState
 .text.HAL_UART_Init
                0x0000000008002da0       0x64 ./BUILD/NUCLEO_F303K8/GCC_ARM/mbed-dev/targets/TARGET_STM/TARGET_STM32F3/device/stm32f3xx_hal_uart.o
                0x0000000008002da0                HAL_UART_Init
 .text.SystemCoreClockUpdate
                0x0000000008002e04       0x64 ./BUILD/NUCLEO_F303K8/GCC_ARM/mbed-dev/targets/TARGET_STM/TARGET_STM32F3/device/system_stm32f3xx.o
                0x0000000008002e04                SystemCoreClockUpdate
 .text.uart_irq
                0x0000000008002e68       0x74 ./BUILD/NUCLEO_F303K8/GCC_ARM/mbed-dev/targets/TARGET_STM/TARGET_STM32F3/serial_device.o
 .text.uart3_irq
                0x0000000008002edc        0xc ./BUILD/NUCLEO_F303K8/GCC_ARM/mbed-dev/targets/TARGET_STM/TARGET_STM32F3/serial_device.o
 .text.uart2_irq
                0x0000000008002ee8        0xc ./BUILD/NUCLEO_F303K8/GCC_ARM/mbed-dev/targets/TARGET_STM/TARGET_STM32F3/serial_device.o
 .text.uart1_irq
                0x0000000008002ef4        0xc ./BUILD/NUCLEO_F303K8/GCC_ARM/mbed-dev/targets/TARGET_STM/TARGET_STM32F3/serial_device.o
 .text.serial_irq_handler
                0x0000000008002f00       0x18 ./BUILD/NUCLEO_F303K8/GCC_ARM/mbed-dev/targets/TARGET_STM/TARGET_STM32F3/serial_device.o
                0x0000000008002f00                serial_irq_handler
 .text.serial_irq_set
                0x0000000008002f18       0xc4 ./BUILD/NUCLEO_F303K8/GCC_ARM/mbed-dev/targets/TARGET_STM/TARGET_STM32F3/serial_device.o
                0x0000000008002f18                serial_irq_set
 .text.serial_getc
                0x0000000008002fdc       0x2c ./BUILD/NUCLEO_F303K8/GCC_ARM/mbed-dev/targets/TARGET_STM/TARGET_STM32F3/serial_device.o
                0x0000000008002fdc                serial_getc
 .text.serial_putc
                0x0000000008003008       0x30 ./BUILD/NUCLEO_F303K8/GCC_ARM/mbed-dev/targets/TARGET_STM/TARGET_STM32F3/serial_device.o
                0x0000000008003008                serial_putc
 .text.CAN_RX0_IRQHandler
                0x0000000008003038       0xf0 ./BUILD/NUCLEO_F303K8/GCC_ARM/mbed-dev/targets/TARGET_STM/can_api.o
                0x0000000008003038                CAN_RX0_IRQHandler
 .text.CAN_TX_IRQHandler
                0x0000000008003128        0x4 ./BUILD/NUCLEO_F303K8/GCC_ARM/mbed-dev/targets/TARGET_STM/can_api.o
                0x0000000008003128                CAN_TX_IRQHandler
 .text.CAN_SCE_IRQHandler
                0x000000000800312c        0x4 ./BUILD/NUCLEO_F303K8/GCC_ARM/mbed-dev/targets/TARGET_STM/can_api.o
                0x000000000800312c                CAN_SCE_IRQHandler
 .text.Set_GPIO_Clock
                0x0000000008003130       0xb0 ./BUILD/NUCLEO_F303K8/GCC_ARM/mbed-dev/targets/TARGET_STM/gpio_api.o
                0x0000000008003130                Set_GPIO_Clock
 .text.gpio_set
                0x00000000080031e0       0x2c ./BUILD/NUCLEO_F303K8/GCC_ARM/mbed-dev/targets/TARGET_STM/gpio_api.o
                0x00000000080031e0                gpio_set
 .text.gpio_init
                0x000000000800320c       0x44 ./BUILD/NUCLEO_F303K8/GCC_ARM/mbed-dev/targets/TARGET_STM/gpio_api.o
                0x000000000800320c                gpio_init
 .text.gpio_mode
                0x0000000008003250        0x8 ./BUILD/NUCLEO_F303K8/GCC_ARM/mbed-dev/targets/TARGET_STM/gpio_api.o
                0x0000000008003250                gpio_mode
 .text.gpio_dir
                0x0000000008003258       0x52 ./BUILD/NUCLEO_F303K8/GCC_ARM/mbed-dev/targets/TARGET_STM/gpio_api.o
                0x0000000008003258                gpio_dir
 *fill*         0x00000000080032aa        0x2 
 .text.handle_interrupt_in
                0x00000000080032ac       0x7c ./BUILD/NUCLEO_F303K8/GCC_ARM/mbed-dev/targets/TARGET_STM/gpio_irq_api.o
 .text.gpio_irq6
                0x0000000008003328        0x8 ./BUILD/NUCLEO_F303K8/GCC_ARM/mbed-dev/targets/TARGET_STM/gpio_irq_api.o
 .text.gpio_irq5
                0x0000000008003330        0x8 ./BUILD/NUCLEO_F303K8/GCC_ARM/mbed-dev/targets/TARGET_STM/gpio_irq_api.o
 .text.gpio_irq4
                0x0000000008003338        0x8 ./BUILD/NUCLEO_F303K8/GCC_ARM/mbed-dev/targets/TARGET_STM/gpio_irq_api.o
 .text.gpio_irq3
                0x0000000008003340        0x8 ./BUILD/NUCLEO_F303K8/GCC_ARM/mbed-dev/targets/TARGET_STM/gpio_irq_api.o
 .text.gpio_irq2
                0x0000000008003348        0x8 ./BUILD/NUCLEO_F303K8/GCC_ARM/mbed-dev/targets/TARGET_STM/gpio_irq_api.o
 .text.gpio_irq1
                0x0000000008003350        0x8 ./BUILD/NUCLEO_F303K8/GCC_ARM/mbed-dev/targets/TARGET_STM/gpio_irq_api.o
 .text.gpio_irq0
                0x0000000008003358        0x8 ./BUILD/NUCLEO_F303K8/GCC_ARM/mbed-dev/targets/TARGET_STM/gpio_irq_api.o
 .text.gpio_irq_set
                0x0000000008003360       0x64 ./BUILD/NUCLEO_F303K8/GCC_ARM/mbed-dev/targets/TARGET_STM/gpio_irq_api.o
                0x0000000008003360                gpio_irq_set
 .text.gpio_irq_enable
                0x00000000080033c4       0x78 ./BUILD/NUCLEO_F303K8/GCC_ARM/mbed-dev/targets/TARGET_STM/gpio_irq_api.o
                0x00000000080033c4                gpio_irq_enable
 .text.gpio_irq_init
                0x000000000800343c      0x114 ./BUILD/NUCLEO_F303K8/GCC_ARM/mbed-dev/targets/TARGET_STM/gpio_irq_api.o
                0x000000000800343c                gpio_irq_init
 .text.gpio_irq_disable
                0x0000000008003550       0x6c ./BUILD/NUCLEO_F303K8/GCC_ARM/mbed-dev/targets/TARGET_STM/gpio_irq_api.o
                0x0000000008003550                gpio_irq_disable
 .text.gpio_irq_free
                0x00000000080035bc       0x54 ./BUILD/NUCLEO_F303K8/GCC_ARM/mbed-dev/targets/TARGET_STM/gpio_irq_api.o
                0x00000000080035bc                gpio_irq_free
 .text.timer_irq_handler
                0x0000000008003610       0x58 ./BUILD/NUCLEO_F303K8/GCC_ARM/mbed-dev/targets/TARGET_STM/hal_tick_32b.o
                0x0000000008003610                timer_irq_handler
 .text.HAL_InitTick
                0x0000000008003668       0xc4 ./BUILD/NUCLEO_F303K8/GCC_ARM/mbed-dev/targets/TARGET_STM/hal_tick_32b.o
                0x0000000008003668                HAL_InitTick
 .text.mbed_sdk_init
                0x000000000800372c       0x16 ./BUILD/NUCLEO_F303K8/GCC_ARM/mbed-dev/targets/TARGET_STM/mbed_overrides.o
                0x000000000800372c                mbed_sdk_init
 .text.LL_GPIO_SetPinPull
                0x0000000008003742       0x2c ./BUILD/NUCLEO_F303K8/GCC_ARM/mbed-dev/targets/TARGET_STM/pinmap.o
 .text.stm_pin_PullConfig
                0x000000000800376e        0xe ./BUILD/NUCLEO_F303K8/GCC_ARM/mbed-dev/targets/TARGET_STM/pinmap.o
 .text.pin_function
                0x000000000800377c      0x130 ./BUILD/NUCLEO_F303K8/GCC_ARM/mbed-dev/targets/TARGET_STM/pinmap.o
                0x000000000800377c                pin_function
 .text.pin_mode
                0x00000000080038ac       0x94 ./BUILD/NUCLEO_F303K8/GCC_ARM/mbed-dev/targets/TARGET_STM/pinmap.o
                0x00000000080038ac                pin_mode
 .text.pwmout_write
                0x0000000008003940       0xb4 ./BUILD/NUCLEO_F303K8/GCC_ARM/mbed-dev/targets/TARGET_STM/pwmout_api.o
                0x0000000008003940                pwmout_write
 .text.pwmout_read
                0x00000000080039f4       0x3c ./BUILD/NUCLEO_F303K8/GCC_ARM/mbed-dev/targets/TARGET_STM/pwmout_api.o
                0x00000000080039f4                pwmout_read
 .text.pwmout_period_us
                0x0000000008003a30      0x144 ./BUILD/NUCLEO_F303K8/GCC_ARM/mbed-dev/targets/TARGET_STM/pwmout_api.o
                0x0000000008003a30                pwmout_period_us
 .text.pwmout_init
                0x0000000008003b74      0x138 ./BUILD/NUCLEO_F303K8/GCC_ARM/mbed-dev/targets/TARGET_STM/pwmout_api.o
                0x0000000008003b74                pwmout_init
 .text.debug.constprop.1
                0x0000000008003cac       0x28 ./BUILD/NUCLEO_F303K8/GCC_ARM/mbed-dev/targets/TARGET_STM/serial_api.o
 .text.serial_readable
                0x0000000008003cd4       0x20 ./BUILD/NUCLEO_F303K8/GCC_ARM/mbed-dev/targets/TARGET_STM/serial_api.o
                0x0000000008003cd4                serial_readable
 .text.serial_writable
                0x0000000008003cf4       0x18 ./BUILD/NUCLEO_F303K8/GCC_ARM/mbed-dev/targets/TARGET_STM/serial_api.o
                0x0000000008003cf4                serial_writable
 .text.init_uart
                0x0000000008003d0c       0x60 ./BUILD/NUCLEO_F303K8/GCC_ARM/mbed-dev/targets/TARGET_STM/serial_api.o
                0x0000000008003d0c                init_uart
 .text.serial_baud
                0x0000000008003d6c       0x20 ./BUILD/NUCLEO_F303K8/GCC_ARM/mbed-dev/targets/TARGET_STM/serial_api.o
                0x0000000008003d6c                serial_baud
 .text.get_uart_index
                0x0000000008003d8c       0x2c ./BUILD/NUCLEO_F303K8/GCC_ARM/mbed-dev/targets/TARGET_STM/serial_api.o
                0x0000000008003d8c                get_uart_index
 .text.serial_init
                0x0000000008003db8      0x180 ./BUILD/NUCLEO_F303K8/GCC_ARM/mbed-dev/targets/TARGET_STM/serial_api.o
                0x0000000008003db8                serial_init
 .text.us_ticker_init
                0x0000000008003f38        0x2 ./BUILD/NUCLEO_F303K8/GCC_ARM/mbed-dev/targets/TARGET_STM/us_ticker_32b.o
                0x0000000008003f38                us_ticker_init
 .text.us_ticker_read
                0x0000000008003f3a        0x8 ./BUILD/NUCLEO_F303K8/GCC_ARM/mbed-dev/targets/TARGET_STM/us_ticker_32b.o
                0x0000000008003f3a                us_ticker_read
 *fill*         0x0000000008003f42        0x2 
 .text.us_ticker_set_interrupt
                0x0000000008003f44       0x1c ./BUILD/NUCLEO_F303K8/GCC_ARM/mbed-dev/targets/TARGET_STM/us_ticker_32b.o
                0x0000000008003f44                us_ticker_set_interrupt
 .text.us_ticker_fire_interrupt
                0x0000000008003f60       0x14 ./BUILD/NUCLEO_F303K8/GCC_ARM/mbed-dev/targets/TARGET_STM/us_ticker_32b.o
                0x0000000008003f60                us_ticker_fire_interrupt
 .text.us_ticker_disable_interrupt
                0x0000000008003f74       0x14 ./BUILD/NUCLEO_F303K8/GCC_ARM/mbed-dev/targets/TARGET_STM/us_ticker_32b.o
                0x0000000008003f74                us_ticker_disable_interrupt
 .text.us_ticker_clear_interrupt
                0x0000000008003f88       0x10 ./BUILD/NUCLEO_F303K8/GCC_ARM/mbed-dev/targets/TARGET_STM/us_ticker_32b.o
                0x0000000008003f88                us_ticker_clear_interrupt
 .text.thread_terminate_hook
                0x0000000008003f98       0x10 ./BUILD/NUCLEO_F303K8/GCC_ARM/mbed-rtos/rtos/Thread.o
                0x0000000008003f98                thread_terminate_hook
 .text.default_idle_hook
                0x0000000008003fa8        0x2 ./BUILD/NUCLEO_F303K8/GCC_ARM/mbed-rtos/rtos/rtos_idle.o
 *fill*         0x0000000008003faa        0x2 
 .text.rtos_idle_loop
                0x0000000008003fac       0x10 ./BUILD/NUCLEO_F303K8/GCC_ARM/mbed-rtos/rtos/rtos_idle.o
                0x0000000008003fac                rtos_idle_loop
 .text.rt_init_stack
                0x0000000008003fbc       0x9c ./BUILD/NUCLEO_F303K8/GCC_ARM/mbed-rtos/rtx/TARGET_CORTEX_M/HAL_CM.o
                0x0000000008003fbc                rt_init_stack
 .text.rt_ret_val
                0x0000000008004058       0x12 ./BUILD/NUCLEO_F303K8/GCC_ARM/mbed-rtos/rtx/TARGET_CORTEX_M/HAL_CM.o
                0x0000000008004058                rt_ret_val
 .text.rt_ret_val2
                0x000000000800406a       0x14 ./BUILD/NUCLEO_F303K8/GCC_ARM/mbed-rtos/rtx/TARGET_CORTEX_M/HAL_CM.o
                0x000000000800406a                rt_ret_val2
 *fill*         0x000000000800407e        0x2 
 .text.pre_main
                0x0000000008004080       0x48 ./BUILD/NUCLEO_F303K8/GCC_ARM/mbed-rtos/rtx/TARGET_CORTEX_M/RTX_Conf_CM.o
                0x0000000008004080                pre_main
 .text.os_idle_demon
                0x00000000080040c8        0x4 ./BUILD/NUCLEO_F303K8/GCC_ARM/mbed-rtos/rtx/TARGET_CORTEX_M/RTX_Conf_CM.o
                0x00000000080040c8                os_idle_demon
 .text.os_error
                0x00000000080040cc       0x1c ./BUILD/NUCLEO_F303K8/GCC_ARM/mbed-rtos/rtx/TARGET_CORTEX_M/RTX_Conf_CM.o
                0x00000000080040cc                os_error
 .text.sysThreadTerminate
                0x00000000080040e8        0x4 ./BUILD/NUCLEO_F303K8/GCC_ARM/mbed-rtos/rtx/TARGET_CORTEX_M/RTX_Conf_CM.o
                0x00000000080040e8                sysThreadTerminate
 .text.set_main_stack
                0x00000000080040ec       0x1c ./BUILD/NUCLEO_F303K8/GCC_ARM/mbed-rtos/rtx/TARGET_CORTEX_M/RTX_Conf_CM.o
                0x00000000080040ec                set_main_stack
 .text.software_init_hook_rtos
                0x0000000008004108       0x1c ./BUILD/NUCLEO_F303K8/GCC_ARM/mbed-rtos/rtx/TARGET_CORTEX_M/RTX_Conf_CM.o
                0x0000000008004108                software_init_hook_rtos
 .text.__rtos_malloc_lock
                0x0000000008004124       0x10 ./BUILD/NUCLEO_F303K8/GCC_ARM/mbed-rtos/rtx/TARGET_CORTEX_M/RTX_Conf_CM.o
                0x0000000008004124                __rtos_malloc_lock
 .text.__rtos_malloc_unlock
                0x0000000008004134        0xc ./BUILD/NUCLEO_F303K8/GCC_ARM/mbed-rtos/rtx/TARGET_CORTEX_M/RTX_Conf_CM.o
                0x0000000008004134                __rtos_malloc_unlock
 .text          0x0000000008004140      0x198 ./BUILD/NUCLEO_F303K8/GCC_ARM/mbed-rtos/rtx/TARGET_CORTEX_M/TARGET_RTOS_M4_M7/TOOLCHAIN_GCC/HAL_CM4.o
                0x0000000008004140                rt_set_PSP
                0x0000000008004146                rt_get_PSP
                0x000000000800414c                os_set_env
                0x0000000008004164                _alloc_box
                0x0000000008004180                _free_box
                0x000000000800419c                SVC_Handler
                0x0000000008004242                PendSV_Handler
                0x0000000008004248                Sys_Switch
                0x00000000080042a2                SysTick_Handler
                0x00000000080042ac                OS_Tick_Handler
 .text.rt_timer_insert
                0x00000000080042d8       0x34 ./BUILD/NUCLEO_F303K8/GCC_ARM/mbed-rtos/rtx/TARGET_CORTEX_M/rt_CMSIS.o
 .text.rt_ms2tick
                0x000000000800430c       0x40 ./BUILD/NUCLEO_F303K8/GCC_ARM/mbed-rtos/rtx/TARGET_CORTEX_M/rt_CMSIS.o
 .text.rt_tid2ptcb
                0x000000000800434c       0x14 ./BUILD/NUCLEO_F303K8/GCC_ARM/mbed-rtos/rtx/TARGET_CORTEX_M/rt_CMSIS.o
                0x000000000800434c                rt_tid2ptcb
 .text.svcKernelStart
                0x0000000008004360       0x40 ./BUILD/NUCLEO_F303K8/GCC_ARM/mbed-rtos/rtx/TARGET_CORTEX_M/rt_CMSIS.o
                0x0000000008004360                svcKernelStart
 .text.svcKernelRunning
                0x00000000080043a0        0xc ./BUILD/NUCLEO_F303K8/GCC_ARM/mbed-rtos/rtx/TARGET_CORTEX_M/rt_CMSIS.o
                0x00000000080043a0                svcKernelRunning
 .text.osKernelRunning
                0x00000000080043ac       0x2c ./BUILD/NUCLEO_F303K8/GCC_ARM/mbed-rtos/rtx/TARGET_CORTEX_M/rt_CMSIS.o
                0x00000000080043ac                osKernelRunning
 .text.osKernelStart
                0x00000000080043d8       0x88 ./BUILD/NUCLEO_F303K8/GCC_ARM/mbed-rtos/rtx/TARGET_CORTEX_M/rt_CMSIS.o
                0x00000000080043d8                osKernelStart
 .text.svcThreadCreate
                0x0000000008004460       0x6c ./BUILD/NUCLEO_F303K8/GCC_ARM/mbed-rtos/rtx/TARGET_CORTEX_M/rt_CMSIS.o
                0x0000000008004460                svcThreadCreate
 .text.svcThreadGetId
                0x00000000080044cc       0x18 ./BUILD/NUCLEO_F303K8/GCC_ARM/mbed-rtos/rtx/TARGET_CORTEX_M/rt_CMSIS.o
                0x00000000080044cc                svcThreadGetId
 .text.svcThreadTerminate
                0x00000000080044e4       0x30 ./BUILD/NUCLEO_F303K8/GCC_ARM/mbed-rtos/rtx/TARGET_CORTEX_M/rt_CMSIS.o
                0x00000000080044e4                svcThreadTerminate
 .text.svcTimerCall
                0x0000000008004514       0x1a ./BUILD/NUCLEO_F303K8/GCC_ARM/mbed-rtos/rtx/TARGET_CORTEX_M/rt_CMSIS.o
                0x0000000008004514                svcTimerCall
 *fill*         0x000000000800452e        0x2 
 .text.osTimerCall
                0x0000000008004530       0x18 ./BUILD/NUCLEO_F303K8/GCC_ARM/mbed-rtos/rtx/TARGET_CORTEX_M/rt_CMSIS.o
                0x0000000008004530                osTimerCall
 .text.svcMutexCreate
                0x0000000008004548       0x1a ./BUILD/NUCLEO_F303K8/GCC_ARM/mbed-rtos/rtx/TARGET_CORTEX_M/rt_CMSIS.o
                0x0000000008004548                svcMutexCreate
 .text.svcMutexWait
                0x0000000008004562       0x38 ./BUILD/NUCLEO_F303K8/GCC_ARM/mbed-rtos/rtx/TARGET_CORTEX_M/rt_CMSIS.o
                0x0000000008004562                svcMutexWait
 .text.svcMutexRelease
                0x000000000800459a       0x20 ./BUILD/NUCLEO_F303K8/GCC_ARM/mbed-rtos/rtx/TARGET_CORTEX_M/rt_CMSIS.o
                0x000000000800459a                svcMutexRelease
 *fill*         0x00000000080045ba        0x2 
 .text.osMutexCreate
                0x00000000080045bc       0x40 ./BUILD/NUCLEO_F303K8/GCC_ARM/mbed-rtos/rtx/TARGET_CORTEX_M/rt_CMSIS.o
                0x00000000080045bc                osMutexCreate
 .text.osMutexWait
                0x00000000080045fc       0x20 ./BUILD/NUCLEO_F303K8/GCC_ARM/mbed-rtos/rtx/TARGET_CORTEX_M/rt_CMSIS.o
                0x00000000080045fc                osMutexWait
 .text.osThreadExit
                0x000000000800461c       0x30 ./BUILD/NUCLEO_F303K8/GCC_ARM/mbed-rtos/rtx/TARGET_CORTEX_M/rt_CMSIS.o
                0x000000000800461c                osThreadExit
 .text.osMutexRelease
                0x000000000800464c       0x20 ./BUILD/NUCLEO_F303K8/GCC_ARM/mbed-rtos/rtx/TARGET_CORTEX_M/rt_CMSIS.o
                0x000000000800464c                osMutexRelease
 .text.osThreadContextCreate
                0x000000000800466c       0x64 ./BUILD/NUCLEO_F303K8/GCC_ARM/mbed-rtos/rtx/TARGET_CORTEX_M/rt_CMSIS.o
                0x000000000800466c                osThreadContextCreate
 .text.osThreadCreate
                0x00000000080046d0        0x6 ./BUILD/NUCLEO_F303K8/GCC_ARM/mbed-rtos/rtx/TARGET_CORTEX_M/rt_CMSIS.o
                0x00000000080046d0                osThreadCreate
 .text.svcMessageCreate
                0x00000000080046d6       0x24 ./BUILD/NUCLEO_F303K8/GCC_ARM/mbed-rtos/rtx/TARGET_CORTEX_M/rt_CMSIS.o
                0x00000000080046d6                svcMessageCreate
 *fill*         0x00000000080046fa        0x2 
 .text.svcKernelInitialize
                0x00000000080046fc       0x6c ./BUILD/NUCLEO_F303K8/GCC_ARM/mbed-rtos/rtx/TARGET_CORTEX_M/rt_CMSIS.o
                0x00000000080046fc                svcKernelInitialize
 .text.osKernelInitialize
                0x0000000008004768       0x30 ./BUILD/NUCLEO_F303K8/GCC_ARM/mbed-rtos/rtx/TARGET_CORTEX_M/rt_CMSIS.o
                0x0000000008004768                osKernelInitialize
 .text.svcMessageGet
                0x0000000008004798       0x66 ./BUILD/NUCLEO_F303K8/GCC_ARM/mbed-rtos/rtx/TARGET_CORTEX_M/rt_CMSIS.o
                0x0000000008004798                svcMessageGet
 .text.isrMessagePut
                0x00000000080047fe       0x2c ./BUILD/NUCLEO_F303K8/GCC_ARM/mbed-rtos/rtx/TARGET_CORTEX_M/rt_CMSIS.o
                0x00000000080047fe                isrMessagePut
 *fill*         0x000000000800482a        0x2 
 .text.sysTimerTick
                0x000000000800482c       0x50 ./BUILD/NUCLEO_F303K8/GCC_ARM/mbed-rtos/rtx/TARGET_CORTEX_M/rt_CMSIS.o
                0x000000000800482c                sysTimerTick
 .text.isrMessageGet
                0x000000000800487c       0x3a ./BUILD/NUCLEO_F303K8/GCC_ARM/mbed-rtos/rtx/TARGET_CORTEX_M/rt_CMSIS.o
                0x000000000800487c                isrMessageGet
 *fill*         0x00000000080048b6        0x2 
 .text.osMessageGet
                0x00000000080048b8       0x34 ./BUILD/NUCLEO_F303K8/GCC_ARM/mbed-rtos/rtx/TARGET_CORTEX_M/rt_CMSIS.o
                0x00000000080048b8                osMessageGet
 .text.osTimerThread
                0x00000000080048ec       0x30 ./BUILD/NUCLEO_F303K8/GCC_ARM/mbed-rtos/rtx/TARGET_CORTEX_M/rt_CMSIS.o
                0x00000000080048ec                osTimerThread
 .text.rt_evt_psh
                0x000000000800491c       0x54 ./BUILD/NUCLEO_F303K8/GCC_ARM/mbed-rtos/rtx/TARGET_CORTEX_M/rt_Event.o
                0x000000000800491c                rt_evt_psh
 .text.rt_put_prio
                0x0000000008004970       0x30 ./BUILD/NUCLEO_F303K8/GCC_ARM/mbed-rtos/rtx/TARGET_CORTEX_M/rt_List.o
                0x0000000008004970                rt_put_prio
 .text.rt_get_first
                0x00000000080049a0       0x22 ./BUILD/NUCLEO_F303K8/GCC_ARM/mbed-rtos/rtx/TARGET_CORTEX_M/rt_List.o
                0x00000000080049a0                rt_get_first
 *fill*         0x00000000080049c2        0x2 
 .text.rt_put_rdy_first
                0x00000000080049c4       0x14 ./BUILD/NUCLEO_F303K8/GCC_ARM/mbed-rtos/rtx/TARGET_CORTEX_M/rt_List.o
                0x00000000080049c4                rt_put_rdy_first
 .text.rt_put_dly
                0x00000000080049d8       0x48 ./BUILD/NUCLEO_F303K8/GCC_ARM/mbed-rtos/rtx/TARGET_CORTEX_M/rt_List.o
                0x00000000080049d8                rt_put_dly
 .text.rt_dec_dly
                0x0000000008004a20       0x70 ./BUILD/NUCLEO_F303K8/GCC_ARM/mbed-rtos/rtx/TARGET_CORTEX_M/rt_List.o
                0x0000000008004a20                rt_dec_dly
 .text.rt_rmv_list
                0x0000000008004a90       0x2c ./BUILD/NUCLEO_F303K8/GCC_ARM/mbed-rtos/rtx/TARGET_CORTEX_M/rt_List.o
                0x0000000008004a90                rt_rmv_list
 .text.rt_resort_prio
                0x0000000008004abc       0x30 ./BUILD/NUCLEO_F303K8/GCC_ARM/mbed-rtos/rtx/TARGET_CORTEX_M/rt_List.o
                0x0000000008004abc                rt_resort_prio
 .text.rt_rmv_dly
                0x0000000008004aec       0x26 ./BUILD/NUCLEO_F303K8/GCC_ARM/mbed-rtos/rtx/TARGET_CORTEX_M/rt_List.o
                0x0000000008004aec                rt_rmv_dly
 *fill*         0x0000000008004b12        0x2 
 .text.rt_psq_enq
                0x0000000008004b14       0x48 ./BUILD/NUCLEO_F303K8/GCC_ARM/mbed-rtos/rtx/TARGET_CORTEX_M/rt_List.o
                0x0000000008004b14                rt_psq_enq
 .text.rt_mbx_init
                0x0000000008004b5c       0x16 ./BUILD/NUCLEO_F303K8/GCC_ARM/mbed-rtos/rtx/TARGET_CORTEX_M/rt_Mailbox.o
                0x0000000008004b5c                rt_mbx_init
 *fill*         0x0000000008004b72        0x2 
 .text.rt_mbx_wait
                0x0000000008004b74       0xac ./BUILD/NUCLEO_F303K8/GCC_ARM/mbed-rtos/rtx/TARGET_CORTEX_M/rt_Mailbox.o
                0x0000000008004b74                rt_mbx_wait
 .text.rt_mbx_check
                0x0000000008004c20        0x8 ./BUILD/NUCLEO_F303K8/GCC_ARM/mbed-rtos/rtx/TARGET_CORTEX_M/rt_Mailbox.o
                0x0000000008004c20                rt_mbx_check
 .text.isr_mbx_send
                0x0000000008004c28        0xe ./BUILD/NUCLEO_F303K8/GCC_ARM/mbed-rtos/rtx/TARGET_CORTEX_M/rt_Mailbox.o
                0x0000000008004c28                isr_mbx_send
 .text.isr_mbx_receive
                0x0000000008004c36       0x50 ./BUILD/NUCLEO_F303K8/GCC_ARM/mbed-rtos/rtx/TARGET_CORTEX_M/rt_Mailbox.o